<?xml version="1.0"?>
<link_info>
   <banner>TI ARM Linker Unix v16.9.3.LTS</banner>
   <copyright>Copyright (c) 1996-2017 Texas Instruments Incorporated</copyright>
   <link_time>0x59de1b73</link_time>
   <link_errors>0x0</link_errors>
   <output_file>exercici6_freertos.out</output_file>
   <entry_point>
      <name>_c_int00</name>
      <address>0x38f1</address>
   </entry_point>
   <input_file_list>
      <input_file id="fl-2">
         <path>./</path>
         <kind>object</kind>
         <file>main.obj</file>
         <name>main.obj</name>
      </input_file>
      <input_file id="fl-3">
         <path>./</path>
         <kind>object</kind>
         <file>msp432_startup_ccs.obj</file>
         <name>msp432_startup_ccs.obj</name>
      </input_file>
      <input_file id="fl-4">
         <path>./</path>
         <kind>object</kind>
         <file>system_msp432p401r.obj</file>
         <name>system_msp432p401r.obj</name>
      </input_file>
      <input_file id="fl-5">
         <path>./freertos/cortex-m4/</path>
         <kind>object</kind>
         <file>port.obj</file>
         <name>port.obj</name>
      </input_file>
      <input_file id="fl-6">
         <path>./freertos/cortex-m4/</path>
         <kind>object</kind>
         <file>portasm.obj</file>
         <name>portasm.obj</name>
      </input_file>
      <input_file id="fl-7">
         <path>./freertos/src/</path>
         <kind>object</kind>
         <file>croutine.obj</file>
         <name>croutine.obj</name>
      </input_file>
      <input_file id="fl-8">
         <path>./freertos/src/</path>
         <kind>object</kind>
         <file>event_groups.obj</file>
         <name>event_groups.obj</name>
      </input_file>
      <input_file id="fl-9">
         <path>./freertos/src/</path>
         <kind>object</kind>
         <file>heap_2.obj</file>
         <name>heap_2.obj</name>
      </input_file>
      <input_file id="fl-a">
         <path>./freertos/src/</path>
         <kind>object</kind>
         <file>list.obj</file>
         <name>list.obj</name>
      </input_file>
      <input_file id="fl-b">
         <path>./freertos/src/</path>
         <kind>object</kind>
         <file>queue.obj</file>
         <name>queue.obj</name>
      </input_file>
      <input_file id="fl-c">
         <path>./freertos/src/</path>
         <kind>object</kind>
         <file>tasks.obj</file>
         <name>tasks.obj</name>
      </input_file>
      <input_file id="fl-d">
         <path>./freertos/src/</path>
         <kind>object</kind>
         <file>timers.obj</file>
         <name>timers.obj</name>
      </input_file>
      <input_file id="fl-12">
         <kind>object</kind>
         <file>&lt;internal&gt;</file>
         <name>&lt;internal&gt;</name>
      </input_file>
      <input_file id="fl-13">
         <path>/Users/toni/Data/UAB/docencia/UOC/Sistemes Encastats/materials/Placa TI/exemples/lib/</path>
         <kind>archive</kind>
         <file>msp432p4xx_driverlib.lib</file>
         <name>cs.o</name>
      </input_file>
      <input_file id="fl-14">
         <path>/Users/toni/Data/UAB/docencia/UOC/Sistemes Encastats/materials/Placa TI/exemples/lib/</path>
         <kind>archive</kind>
         <file>msp432p4xx_driverlib.lib</file>
         <name>interrupt.o</name>
      </input_file>
      <input_file id="fl-15">
         <path>/Users/toni/Data/UAB/docencia/UOC/Sistemes Encastats/materials/Placa TI/exemples/lib/</path>
         <kind>archive</kind>
         <file>msp432p4xx_driverlib.lib</file>
         <name>sysctl.o</name>
      </input_file>
      <input_file id="fl-16">
         <path>/Users/toni/Data/UAB/docencia/UOC/Sistemes Encastats/materials/Placa TI/exemples/lib/</path>
         <kind>archive</kind>
         <file>msp432p4xx_driverlib.lib</file>
         <name>cpu.o</name>
      </input_file>
      <input_file id="fl-cc">
         <path>/Applications/ti/ccsv7/tools/compiler/ti-cgt-arm_16.9.3.LTS/lib/</path>
         <kind>archive</kind>
         <file>rtsv7M4_T_le_v4SPD16_eabi.lib</file>
         <name>boot.obj</name>
      </input_file>
      <input_file id="fl-cd">
         <path>/Applications/ti/ccsv7/tools/compiler/ti-cgt-arm_16.9.3.LTS/lib/</path>
         <kind>archive</kind>
         <file>rtsv7M4_T_le_v4SPD16_eabi.lib</file>
         <name>copy_decompress_lzss.obj</name>
      </input_file>
      <input_file id="fl-ce">
         <path>/Applications/ti/ccsv7/tools/compiler/ti-cgt-arm_16.9.3.LTS/lib/</path>
         <kind>archive</kind>
         <file>rtsv7M4_T_le_v4SPD16_eabi.lib</file>
         <name>copy_decompress_none.obj</name>
      </input_file>
      <input_file id="fl-cf">
         <path>/Applications/ti/ccsv7/tools/compiler/ti-cgt-arm_16.9.3.LTS/lib/</path>
         <kind>archive</kind>
         <file>rtsv7M4_T_le_v4SPD16_eabi.lib</file>
         <name>copy_zero_init.obj</name>
      </input_file>
      <input_file id="fl-d0">
         <path>/Applications/ti/ccsv7/tools/compiler/ti-cgt-arm_16.9.3.LTS/lib/</path>
         <kind>archive</kind>
         <file>rtsv7M4_T_le_v4SPD16_eabi.lib</file>
         <name>exit.obj</name>
      </input_file>
      <input_file id="fl-d1">
         <path>/Applications/ti/ccsv7/tools/compiler/ti-cgt-arm_16.9.3.LTS/lib/</path>
         <kind>archive</kind>
         <file>rtsv7M4_T_le_v4SPD16_eabi.lib</file>
         <name>memcpy_t2.obj</name>
      </input_file>
      <input_file id="fl-d2">
         <path>/Applications/ti/ccsv7/tools/compiler/ti-cgt-arm_16.9.3.LTS/lib/</path>
         <kind>archive</kind>
         <file>rtsv7M4_T_le_v4SPD16_eabi.lib</file>
         <name>memset_t2.obj</name>
      </input_file>
      <input_file id="fl-d3">
         <path>/Applications/ti/ccsv7/tools/compiler/ti-cgt-arm_16.9.3.LTS/lib/</path>
         <kind>archive</kind>
         <file>rtsv7M4_T_le_v4SPD16_eabi.lib</file>
         <name>mpu_init.obj</name>
      </input_file>
      <input_file id="fl-d4">
         <path>/Applications/ti/ccsv7/tools/compiler/ti-cgt-arm_16.9.3.LTS/lib/</path>
         <kind>archive</kind>
         <file>rtsv7M4_T_le_v4SPD16_eabi.lib</file>
         <name>pre_init.obj</name>
      </input_file>
      <input_file id="fl-d5">
         <path>/Applications/ti/ccsv7/tools/compiler/ti-cgt-arm_16.9.3.LTS/lib/</path>
         <kind>archive</kind>
         <file>rtsv7M4_T_le_v4SPD16_eabi.lib</file>
         <name>stkdepth_vars.obj</name>
      </input_file>
      <input_file id="fl-d6">
         <path>/Applications/ti/ccsv7/tools/compiler/ti-cgt-arm_16.9.3.LTS/lib/</path>
         <kind>archive</kind>
         <file>rtsv7M4_T_le_v4SPD16_eabi.lib</file>
         <name>_lock.obj</name>
      </input_file>
      <input_file id="fl-d7">
         <path>/Applications/ti/ccsv7/tools/compiler/ti-cgt-arm_16.9.3.LTS/lib/</path>
         <kind>archive</kind>
         <file>rtsv7M4_T_le_v4SPD16_eabi.lib</file>
         <name>args_main.obj</name>
      </input_file>
      <input_file id="fl-d8">
         <path>/Applications/ti/ccsv7/tools/compiler/ti-cgt-arm_16.9.3.LTS/lib/</path>
         <kind>archive</kind>
         <file>rtsv7M4_T_le_v4SPD16_eabi.lib</file>
         <name>autoinit.obj</name>
      </input_file>
      <input_file id="fl-d9">
         <path>/Applications/ti/ccsv7/tools/compiler/ti-cgt-arm_16.9.3.LTS/lib/</path>
         <kind>archive</kind>
         <file>rtsv7M4_T_le_v4SPD16_eabi.lib</file>
         <name>cpy_tbl.obj</name>
      </input_file>
      <input_file id="fl-da">
         <path>/Applications/ti/ccsv7/tools/compiler/ti-cgt-arm_16.9.3.LTS/lib/</path>
         <kind>archive</kind>
         <file>rtsv7M4_T_le_v4SPD16_eabi.lib</file>
         <name>startup.obj</name>
      </input_file>
   </input_file_list>
   <object_component_list>
      <object_component id="oc-10">
         <name>.intvecs:retain</name>
         <load_address>0x0</load_address>
         <run_address>0x0</run_address>
         <size>0x144</size>
         <input_file_ref idref="fl-3"/>
      </object_component>
      <object_component id="oc-98">
         <name>.text</name>
         <load_address>0x144</load_address>
         <run_address>0x144</run_address>
         <size>0x1878</size>
         <input_file_ref idref="fl-c"/>
      </object_component>
      <object_component id="oc-b9">
         <name>.text</name>
         <load_address>0x19bc</load_address>
         <run_address>0x19bc</run_address>
         <size>0xca4</size>
         <input_file_ref idref="fl-b"/>
      </object_component>
      <object_component id="oc-3d">
         <name>.text</name>
         <load_address>0x2660</load_address>
         <run_address>0x2660</run_address>
         <size>0x3e4</size>
         <input_file_ref idref="fl-2"/>
      </object_component>
      <object_component id="oc-8b">
         <name>.text</name>
         <load_address>0x2a44</load_address>
         <run_address>0x2a44</run_address>
         <size>0x328</size>
         <input_file_ref idref="fl-4"/>
      </object_component>
      <object_component id="oc-37">
         <name>.text</name>
         <load_address>0x2d6c</load_address>
         <run_address>0x2d6c</run_address>
         <size>0x288</size>
         <input_file_ref idref="fl-5"/>
      </object_component>
      <object_component id="oc-11e">
         <name>.text</name>
         <load_address>0x2ff4</load_address>
         <run_address>0x2ff4</run_address>
         <size>0x1cc</size>
         <input_file_ref idref="fl-9"/>
      </object_component>
      <object_component id="oc-bf">
         <name>.text:CS_setDCOFrequency</name>
         <load_address>0x31c0</load_address>
         <run_address>0x31c0</run_address>
         <size>0x14c</size>
         <input_file_ref idref="fl-13"/>
      </object_component>
      <object_component id="oc-124">
         <name>.text</name>
         <load_address>0x330c</load_address>
         <run_address>0x330c</run_address>
         <size>0x12a</size>
         <input_file_ref idref="fl-a"/>
      </object_component>
      <object_component id="oc-69">
         <name>.text</name>
         <load_address>0x3436</load_address>
         <run_address>0x3436</run_address>
         <size>0x2</size>
         <input_file_ref idref="fl-d3"/>
      </object_component>
      <object_component id="oc-1d8">
         <name>.text:CS_getDCOFrequency</name>
         <load_address>0x3438</load_address>
         <run_address>0x3438</run_address>
         <size>0x104</size>
         <input_file_ref idref="fl-13"/>
      </object_component>
      <object_component id="oc-32">
         <name>.text</name>
         <load_address>0x353c</load_address>
         <run_address>0x353c</run_address>
         <size>0xd2</size>
         <input_file_ref idref="fl-6"/>
      </object_component>
      <object_component id="oc-fb">
         <name>.text</name>
         <load_address>0x360e</load_address>
         <run_address>0x360e</run_address>
         <size>0x2</size>
         <input_file_ref idref="fl-da"/>
      </object_component>
      <object_component id="oc-13d">
         <name>.text:_CSComputeCLKFrequency</name>
         <load_address>0x3610</load_address>
         <run_address>0x3610</run_address>
         <size>0x9c</size>
         <input_file_ref idref="fl-13"/>
      </object_component>
      <object_component id="oc-51">
         <name>.text</name>
         <load_address>0x36ac</load_address>
         <run_address>0x36ac</run_address>
         <size>0x9c</size>
         <input_file_ref idref="fl-d1"/>
      </object_component>
      <object_component id="oc-5d">
         <name>.text</name>
         <load_address>0x3748</load_address>
         <run_address>0x3748</run_address>
         <size>0x7a</size>
         <input_file_ref idref="fl-d2"/>
      </object_component>
      <object_component id="oc-75">
         <name>.text</name>
         <load_address>0x37c4</load_address>
         <run_address>0x37c4</run_address>
         <size>0x70</size>
         <input_file_ref idref="fl-d8"/>
      </object_component>
      <object_component id="oc-13">
         <name>.text:decompress:lzss</name>
         <load_address>0x3834</load_address>
         <run_address>0x3834</run_address>
         <size>0x68</size>
         <input_file_ref idref="fl-cd"/>
      </object_component>
      <object_component id="oc-16a">
         <name>.text:CS_tuneDCOFrequency</name>
         <load_address>0x389c</load_address>
         <run_address>0x389c</run_address>
         <size>0x54</size>
         <input_file_ref idref="fl-13"/>
      </object_component>
      <object_component id="oc-25">
         <name>.text</name>
         <load_address>0x38f0</load_address>
         <run_address>0x38f0</run_address>
         <size>0x54</size>
         <input_file_ref idref="fl-cc"/>
      </object_component>
      <object_component id="oc-81">
         <name>.text</name>
         <load_address>0x3944</load_address>
         <run_address>0x3944</run_address>
         <size>0x54</size>
         <input_file_ref idref="fl-d0"/>
      </object_component>
      <object_component id="oc-164">
         <name>.text:SysCtl_getTLVInfo</name>
         <load_address>0x3998</load_address>
         <run_address>0x3998</run_address>
         <size>0x50</size>
         <input_file_ref idref="fl-15"/>
      </object_component>
      <object_component id="oc-222">
         <name>.text:_CSGetDOCFrequency</name>
         <load_address>0x39e8</load_address>
         <run_address>0x39e8</run_address>
         <size>0x4c</size>
         <input_file_ref idref="fl-13"/>
      </object_component>
      <object_component id="oc-f5">
         <name>.text</name>
         <load_address>0x3a34</load_address>
         <run_address>0x3a34</run_address>
         <size>0x4c</size>
         <input_file_ref idref="fl-d9"/>
      </object_component>
      <object_component id="oc-1d2">
         <name>.text:_CSGetDividerValue</name>
         <load_address>0x3a80</load_address>
         <run_address>0x3a80</run_address>
         <size>0x48</size>
         <input_file_ref idref="fl-13"/>
      </object_component>
      <object_component id="oc-1de">
         <name>.text:CS_clearInterruptFlag</name>
         <load_address>0x3ac8</load_address>
         <run_address>0x3ac8</run_address>
         <size>0x24</size>
         <input_file_ref idref="fl-13"/>
      </object_component>
      <object_component id="oc-15e">
         <name>.text:CS_setDCOCenteredFrequency</name>
         <load_address>0x3aec</load_address>
         <run_address>0x3aec</run_address>
         <size>0x24</size>
         <input_file_ref idref="fl-13"/>
      </object_component>
      <object_component id="oc-2c">
         <name>.text</name>
         <load_address>0x3b10</load_address>
         <run_address>0x3b10</run_address>
         <size>0x20</size>
         <input_file_ref idref="fl-3"/>
      </object_component>
      <object_component id="oc-9f">
         <name>.text:CS_getMCLK</name>
         <load_address>0x3b30</load_address>
         <run_address>0x3b30</run_address>
         <size>0x18</size>
         <input_file_ref idref="fl-13"/>
      </object_component>
      <object_component id="oc-7b">
         <name>.text</name>
         <load_address>0x3b48</load_address>
         <run_address>0x3b48</run_address>
         <size>0x18</size>
         <input_file_ref idref="fl-d7"/>
      </object_component>
      <object_component id="oc-199">
         <name>.text</name>
         <load_address>0x3b60</load_address>
         <run_address>0x3b60</run_address>
         <size>0x14</size>
         <input_file_ref idref="fl-d6"/>
      </object_component>
      <object_component id="oc-19">
         <name>.text:decompress:none</name>
         <load_address>0x3b74</load_address>
         <run_address>0x3b74</run_address>
         <size>0xe</size>
         <input_file_ref idref="fl-ce"/>
      </object_component>
      <object_component id="oc-1f">
         <name>.text:decompress:ZI</name>
         <load_address>0x3b82</load_address>
         <run_address>0x3b82</run_address>
         <size>0xc</size>
         <input_file_ref idref="fl-cf"/>
      </object_component>
      <object_component id="oc-6f">
         <name>.text</name>
         <load_address>0x3b8e</load_address>
         <run_address>0x3b8e</run_address>
         <size>0x4</size>
         <input_file_ref idref="fl-d4"/>
      </object_component>
      <object_component id="oc-95">
         <name>.const</name>
         <load_address>0x3b94</load_address>
         <run_address>0x3b94</run_address>
         <size>0x8</size>
         <input_file_ref idref="fl-5"/>
      </object_component>
      <object_component id="oc-1b6">
         <name>.const</name>
         <load_address>0x3b9c</load_address>
         <run_address>0x3b9c</run_address>
         <size>0x2</size>
         <input_file_ref idref="fl-9"/>
      </object_component>
      <object_component id="oc-25a">
         <name>.cinit..data.load</name>
         <load_address>0x3ba0</load_address>
         <run_address>0x3ba0</run_address>
         <size>0x22</size>
      </object_component>
      <object_component id="oc-258">
         <name>__TI_handler_table</name>
         <load_address>0x3bc4</load_address>
         <run_address>0x3bc4</run_address>
         <size>0xc</size>
      </object_component>
      <object_component id="oc-25b">
         <name>.cinit..bss.load</name>
         <load_address>0x3bd0</load_address>
         <run_address>0x3bd0</run_address>
         <size>0x8</size>
      </object_component>
      <object_component id="oc-259">
         <name>__TI_cinit_table</name>
         <load_address>0x3bd8</load_address>
         <run_address>0x3bd8</run_address>
         <size>0x10</size>
      </object_component>
      <object_component id="oc-110">
         <name>.data</name>
         <load_address>0x2000c948</load_address>
         <run_address>0x2000c948</run_address>
         <size>0x4</size>
         <input_file_ref idref="fl-4"/>
      </object_component>
      <object_component id="oc-a5">
         <name>.data</name>
         <load_address>0x2000c928</load_address>
         <run_address>0x2000c928</run_address>
         <size>0xc</size>
         <input_file_ref idref="fl-5"/>
      </object_component>
      <object_component id="oc-1b3">
         <name>.data</name>
         <load_address>0x2000c93c</load_address>
         <run_address>0x2000c93c</run_address>
         <size>0x8</size>
         <input_file_ref idref="fl-9"/>
      </object_component>
      <object_component id="oc-92">
         <name>.data</name>
         <load_address>0x2000c8ec</load_address>
         <run_address>0x2000c8ec</run_address>
         <size>0x30</size>
         <input_file_ref idref="fl-c"/>
      </object_component>
      <object_component id="oc-105">
         <name>.data:$O1$$</name>
         <load_address>0x2000c91c</load_address>
         <run_address>0x2000c91c</run_address>
         <size>0xc</size>
         <input_file_ref idref="fl-d0"/>
      </object_component>
      <object_component id="oc-87">
         <name>.data</name>
         <load_address>0x2000c944</load_address>
         <run_address>0x2000c944</run_address>
         <size>0x4</size>
         <input_file_ref idref="fl-d5"/>
      </object_component>
      <object_component id="oc-108">
         <name>.data:$O1$$</name>
         <load_address>0x2000c934</load_address>
         <run_address>0x2000c934</run_address>
         <size>0x8</size>
         <input_file_ref idref="fl-d6"/>
      </object_component>
      <object_component id="oc-ca">
         <name>.bss</name>
         <uninitialized>true</uninitialized>
         <run_address>0x2000c8b4</run_address>
         <size>0x8</size>
         <input_file_ref idref="fl-2"/>
      </object_component>
      <object_component id="oc-1bf">
         <name>.bss:ucHeap</name>
         <uninitialized>true</uninitialized>
         <run_address>0x20000000</run_address>
         <size>0xc800</size>
         <input_file_ref idref="fl-9"/>
      </object_component>
      <object_component id="oc-1b9">
         <name>.bss:xStart</name>
         <uninitialized>true</uninitialized>
         <run_address>0x2000c8cc</run_address>
         <size>0x8</size>
         <input_file_ref idref="fl-9"/>
      </object_component>
      <object_component id="oc-1bc">
         <name>.bss:xEnd</name>
         <uninitialized>true</uninitialized>
         <run_address>0x2000c8c4</run_address>
         <size>0x8</size>
         <input_file_ref idref="fl-9"/>
      </object_component>
      <object_component id="oc-12a">
         <name>.bss:pxReadyTasksLists</name>
         <uninitialized>true</uninitialized>
         <run_address>0x2000c800</run_address>
         <size>0x64</size>
         <input_file_ref idref="fl-c"/>
      </object_component>
      <object_component id="oc-136">
         <name>.bss:xDelayedTaskList1</name>
         <uninitialized>true</uninitialized>
         <run_address>0x2000c864</run_address>
         <size>0x14</size>
         <input_file_ref idref="fl-c"/>
      </object_component>
      <object_component id="oc-139">
         <name>.bss:xDelayedTaskList2</name>
         <uninitialized>true</uninitialized>
         <run_address>0x2000c878</run_address>
         <size>0x14</size>
         <input_file_ref idref="fl-c"/>
      </object_component>
      <object_component id="oc-12d">
         <name>.bss</name>
         <uninitialized>true</uninitialized>
         <run_address>0x2000c8bc</run_address>
         <size>0x8</size>
         <input_file_ref idref="fl-c"/>
      </object_component>
      <object_component id="oc-133">
         <name>.bss:xPendingReadyList</name>
         <uninitialized>true</uninitialized>
         <run_address>0x2000c88c</run_address>
         <size>0x14</size>
         <input_file_ref idref="fl-c"/>
      </object_component>
      <object_component id="oc-130">
         <name>.bss:xSuspendedTaskList</name>
         <uninitialized>true</uninitialized>
         <run_address>0x2000c8a0</run_address>
         <size>0x14</size>
         <input_file_ref idref="fl-c"/>
      </object_component>
      <object_component id="oc-c5">
         <name>.common:xBinarySemaphore</name>
         <uninitialized>true</uninitialized>
         <run_address>0x2000c8e4</run_address>
         <size>0x4</size>
      </object_component>
      <object_component id="oc-c8">
         <name>.common:xMutex</name>
         <uninitialized>true</uninitialized>
         <run_address>0x2000c8e8</run_address>
         <size>0x4</size>
      </object_component>
      <object_component id="oc-c9">
         <name>.common:commandVar</name>
         <uninitialized>true</uninitialized>
         <run_address>0x2000c8d4</run_address>
         <size>0x6</size>
      </object_component>
      <object_component id="oc-1e4">
         <name>.common:hfxtFreq</name>
         <uninitialized>true</uninitialized>
         <run_address>0x2000c8dc</run_address>
         <size>0x4</size>
      </object_component>
      <object_component id="oc-1e5">
         <name>.common:lfxtFreq</name>
         <uninitialized>true</uninitialized>
         <run_address>0x2000c8e0</run_address>
         <size>0x4</size>
      </object_component>
      <object_component id="oc-2b">
         <name>.stack</name>
         <uninitialized>true</uninitialized>
         <run_address>0x2000fe00</run_address>
         <size>0x0</size>
         <input_file_ref idref="fl-cc"/>
      </object_component>
      <object_component id="oc-25c">
         <name>.stack</name>
         <uninitialized>true</uninitialized>
         <run_address>0x2000fe00</run_address>
         <size>0x0</size>
      </object_component>
      <object_component id="oc-c6">
         <name>.debug_info</name>
         <load_address>0x0</load_address>
         <run_address>0x0</run_address>
         <size>0x8ef</size>
         <input_file_ref idref="fl-2"/>
      </object_component>
      <object_component id="oc-3e">
         <name>.debug_info</name>
         <load_address>0x8ef</load_address>
         <run_address>0x8ef</run_address>
         <size>0x5e6</size>
         <input_file_ref idref="fl-2"/>
      </object_component>
      <object_component id="oc-117">
         <name>.debug_info</name>
         <load_address>0xed5</load_address>
         <run_address>0xed5</run_address>
         <size>0x30c</size>
         <input_file_ref idref="fl-2"/>
      </object_component>
      <object_component id="oc-17a">
         <name>.debug_info</name>
         <load_address>0x11e1</load_address>
         <run_address>0x11e1</run_address>
         <size>0x72</size>
         <input_file_ref idref="fl-2"/>
      </object_component>
      <object_component id="oc-d8">
         <name>.debug_info</name>
         <load_address>0x1253</load_address>
         <run_address>0x1253</run_address>
         <size>0x1055</size>
         <input_file_ref idref="fl-2"/>
      </object_component>
      <object_component id="oc-d3">
         <name>.debug_info</name>
         <load_address>0x22a8</load_address>
         <run_address>0x22a8</run_address>
         <size>0x37cd</size>
         <input_file_ref idref="fl-2"/>
      </object_component>
      <object_component id="oc-1f5">
         <name>.debug_info</name>
         <load_address>0x5a75</load_address>
         <run_address>0x5a75</run_address>
         <size>0x1b5</size>
         <input_file_ref idref="fl-2"/>
      </object_component>
      <object_component id="oc-14d">
         <name>.debug_info</name>
         <load_address>0x5c2a</load_address>
         <run_address>0x5c2a</run_address>
         <size>0x3cd</size>
         <input_file_ref idref="fl-2"/>
      </object_component>
      <object_component id="oc-cc">
         <name>.debug_info</name>
         <load_address>0x5ff7</load_address>
         <run_address>0x5ff7</run_address>
         <size>0x8b</size>
         <input_file_ref idref="fl-2"/>
      </object_component>
      <object_component id="oc-153">
         <name>.debug_info</name>
         <load_address>0x6082</load_address>
         <run_address>0x6082</run_address>
         <size>0x46</size>
         <input_file_ref idref="fl-2"/>
      </object_component>
      <object_component id="oc-175">
         <name>.debug_info</name>
         <load_address>0x60c8</load_address>
         <run_address>0x60c8</run_address>
         <size>0x2c</size>
         <input_file_ref idref="fl-2"/>
      </object_component>
      <object_component id="oc-aa">
         <name>.debug_info</name>
         <load_address>0x60f4</load_address>
         <run_address>0x60f4</run_address>
         <size>0x2c</size>
         <input_file_ref idref="fl-2"/>
      </object_component>
      <object_component id="oc-b4">
         <name>.debug_info</name>
         <load_address>0x6120</load_address>
         <run_address>0x6120</run_address>
         <size>0x18b</size>
         <input_file_ref idref="fl-2"/>
      </object_component>
      <object_component id="oc-af">
         <name>.debug_info</name>
         <load_address>0x62ab</load_address>
         <run_address>0x62ab</run_address>
         <size>0x53</size>
         <input_file_ref idref="fl-2"/>
      </object_component>
      <object_component id="oc-148">
         <name>.debug_info</name>
         <load_address>0x62fe</load_address>
         <run_address>0x62fe</run_address>
         <size>0x14c</size>
         <input_file_ref idref="fl-2"/>
      </object_component>
      <object_component id="oc-45">
         <name>.debug_info</name>
         <load_address>0x644a</load_address>
         <run_address>0x644a</run_address>
         <size>0x639</size>
         <input_file_ref idref="fl-3"/>
      </object_component>
      <object_component id="oc-11">
         <name>.debug_info</name>
         <load_address>0x6a83</load_address>
         <run_address>0x6a83</run_address>
         <size>0xf7</size>
         <input_file_ref idref="fl-3"/>
      </object_component>
      <object_component id="oc-2d">
         <name>.debug_info</name>
         <load_address>0x6b7a</load_address>
         <run_address>0x6b7a</run_address>
         <size>0x237</size>
         <input_file_ref idref="fl-3"/>
      </object_component>
      <object_component id="oc-4c">
         <name>.debug_info</name>
         <load_address>0x6db1</load_address>
         <run_address>0x6db1</run_address>
         <size>0x84</size>
         <input_file_ref idref="fl-3"/>
      </object_component>
      <object_component id="oc-111">
         <name>.debug_info</name>
         <load_address>0x6e35</load_address>
         <run_address>0x6e35</run_address>
         <size>0xf5</size>
         <input_file_ref idref="fl-4"/>
      </object_component>
      <object_component id="oc-8c">
         <name>.debug_info</name>
         <load_address>0x6f2a</load_address>
         <run_address>0x6f2a</run_address>
         <size>0x267</size>
         <input_file_ref idref="fl-4"/>
      </object_component>
      <object_component id="oc-a9">
         <name>.debug_info</name>
         <load_address>0x7191</load_address>
         <run_address>0x7191</run_address>
         <size>0x793</size>
         <input_file_ref idref="fl-5"/>
      </object_component>
      <object_component id="oc-96">
         <name>.debug_info</name>
         <load_address>0x7924</load_address>
         <run_address>0x7924</run_address>
         <size>0x1ac</size>
         <input_file_ref idref="fl-5"/>
      </object_component>
      <object_component id="oc-a6">
         <name>.debug_info</name>
         <load_address>0x7ad0</load_address>
         <run_address>0x7ad0</run_address>
         <size>0x1b7</size>
         <input_file_ref idref="fl-5"/>
      </object_component>
      <object_component id="oc-38">
         <name>.debug_info</name>
         <load_address>0x7c87</load_address>
         <run_address>0x7c87</run_address>
         <size>0xd7d</size>
         <input_file_ref idref="fl-5"/>
      </object_component>
      <object_component id="oc-33">
         <name>.debug_info</name>
         <load_address>0x8a04</load_address>
         <run_address>0x8a04</run_address>
         <size>0x29c</size>
         <input_file_ref idref="fl-6"/>
      </object_component>
      <object_component id="oc-1ee">
         <name>.debug_info</name>
         <load_address>0x8ca0</load_address>
         <run_address>0x8ca0</run_address>
         <size>0x960</size>
         <input_file_ref idref="fl-8"/>
      </object_component>
      <object_component id="oc-159">
         <name>.debug_info</name>
         <load_address>0x9600</load_address>
         <run_address>0x9600</run_address>
         <size>0x110</size>
         <input_file_ref idref="fl-8"/>
      </object_component>
      <object_component id="oc-22c">
         <name>.debug_info</name>
         <load_address>0x9710</load_address>
         <run_address>0x9710</run_address>
         <size>0x39</size>
         <input_file_ref idref="fl-8"/>
      </object_component>
      <object_component id="oc-1a9">
         <name>.debug_info</name>
         <load_address>0x9749</load_address>
         <run_address>0x9749</run_address>
         <size>0x46</size>
         <input_file_ref idref="fl-8"/>
      </object_component>
      <object_component id="oc-231">
         <name>.debug_info</name>
         <load_address>0x978f</load_address>
         <run_address>0x978f</run_address>
         <size>0x76</size>
         <input_file_ref idref="fl-8"/>
      </object_component>
      <object_component id="oc-1c3">
         <name>.debug_info</name>
         <load_address>0x9805</load_address>
         <run_address>0x9805</run_address>
         <size>0x707</size>
         <input_file_ref idref="fl-9"/>
      </object_component>
      <object_component id="oc-1c0">
         <name>.debug_info</name>
         <load_address>0x9f0c</load_address>
         <run_address>0x9f0c</run_address>
         <size>0x131</size>
         <input_file_ref idref="fl-9"/>
      </object_component>
      <object_component id="oc-1b7">
         <name>.debug_info</name>
         <load_address>0xa03d</load_address>
         <run_address>0xa03d</run_address>
         <size>0x143</size>
         <input_file_ref idref="fl-9"/>
      </object_component>
      <object_component id="oc-1ba">
         <name>.debug_info</name>
         <load_address>0xa180</load_address>
         <run_address>0xa180</run_address>
         <size>0x131</size>
         <input_file_ref idref="fl-9"/>
      </object_component>
      <object_component id="oc-1bd">
         <name>.debug_info</name>
         <load_address>0xa2b1</load_address>
         <run_address>0xa2b1</run_address>
         <size>0x12d</size>
         <input_file_ref idref="fl-9"/>
      </object_component>
      <object_component id="oc-1b4">
         <name>.debug_info</name>
         <load_address>0xa3de</load_address>
         <run_address>0xa3de</run_address>
         <size>0x14b</size>
         <input_file_ref idref="fl-9"/>
      </object_component>
      <object_component id="oc-11f">
         <name>.debug_info</name>
         <load_address>0xa529</load_address>
         <run_address>0xa529</run_address>
         <size>0x8ea</size>
         <input_file_ref idref="fl-9"/>
      </object_component>
      <object_component id="oc-214">
         <name>.debug_info</name>
         <load_address>0xae13</load_address>
         <run_address>0xae13</run_address>
         <size>0x62</size>
         <input_file_ref idref="fl-9"/>
      </object_component>
      <object_component id="oc-1c5">
         <name>.debug_info</name>
         <load_address>0xae75</load_address>
         <run_address>0xae75</run_address>
         <size>0x66f</size>
         <input_file_ref idref="fl-a"/>
      </object_component>
      <object_component id="oc-125">
         <name>.debug_info</name>
         <load_address>0xb4e4</load_address>
         <run_address>0xb4e4</run_address>
         <size>0x837</size>
         <input_file_ref idref="fl-a"/>
      </object_component>
      <object_component id="oc-158">
         <name>.debug_info</name>
         <load_address>0xbd1b</load_address>
         <run_address>0xbd1b</run_address>
         <size>0xb35</size>
         <input_file_ref idref="fl-b"/>
      </object_component>
      <object_component id="oc-ba">
         <name>.debug_info</name>
         <load_address>0xc850</load_address>
         <run_address>0xc850</run_address>
         <size>0x3bc7</size>
         <input_file_ref idref="fl-b"/>
      </object_component>
      <object_component id="oc-1e9">
         <name>.debug_info</name>
         <load_address>0x10417</load_address>
         <run_address>0x10417</run_address>
         <size>0x17d</size>
         <input_file_ref idref="fl-b"/>
      </object_component>
      <object_component id="oc-116">
         <name>.debug_info</name>
         <load_address>0x10594</load_address>
         <run_address>0x10594</run_address>
         <size>0xadc</size>
         <input_file_ref idref="fl-c"/>
      </object_component>
      <object_component id="oc-93">
         <name>.debug_info</name>
         <load_address>0x11070</load_address>
         <run_address>0x11070</run_address>
         <size>0x357</size>
         <input_file_ref idref="fl-c"/>
      </object_component>
      <object_component id="oc-12b">
         <name>.debug_info</name>
         <load_address>0x113c7</load_address>
         <run_address>0x113c7</run_address>
         <size>0x147</size>
         <input_file_ref idref="fl-c"/>
      </object_component>
      <object_component id="oc-137">
         <name>.debug_info</name>
         <load_address>0x1150e</load_address>
         <run_address>0x1150e</run_address>
         <size>0x147</size>
         <input_file_ref idref="fl-c"/>
      </object_component>
      <object_component id="oc-13a">
         <name>.debug_info</name>
         <load_address>0x11655</load_address>
         <run_address>0x11655</run_address>
         <size>0x147</size>
         <input_file_ref idref="fl-c"/>
      </object_component>
      <object_component id="oc-12e">
         <name>.debug_info</name>
         <load_address>0x1179c</load_address>
         <run_address>0x1179c</run_address>
         <size>0x18a</size>
         <input_file_ref idref="fl-c"/>
      </object_component>
      <object_component id="oc-134">
         <name>.debug_info</name>
         <load_address>0x11926</load_address>
         <run_address>0x11926</run_address>
         <size>0x147</size>
         <input_file_ref idref="fl-c"/>
      </object_component>
      <object_component id="oc-131">
         <name>.debug_info</name>
         <load_address>0x11a6d</load_address>
         <run_address>0x11a6d</run_address>
         <size>0x149</size>
         <input_file_ref idref="fl-c"/>
      </object_component>
      <object_component id="oc-99">
         <name>.debug_info</name>
         <load_address>0x11bb6</load_address>
         <run_address>0x11bb6</run_address>
         <size>0x60c5</size>
         <input_file_ref idref="fl-c"/>
      </object_component>
      <object_component id="oc-1ae">
         <name>.debug_info</name>
         <load_address>0x17c7b</load_address>
         <run_address>0x17c7b</run_address>
         <size>0x146</size>
         <input_file_ref idref="fl-c"/>
      </object_component>
      <object_component id="oc-171">
         <name>.debug_info</name>
         <load_address>0x17dc1</load_address>
         <run_address>0x17dc1</run_address>
         <size>0x5ef</size>
         <input_file_ref idref="fl-13"/>
      </object_component>
      <object_component id="oc-16b">
         <name>.debug_info</name>
         <load_address>0x183b0</load_address>
         <run_address>0x183b0</run_address>
         <size>0x17e</size>
         <input_file_ref idref="fl-13"/>
      </object_component>
      <object_component id="oc-15f">
         <name>.debug_info</name>
         <load_address>0x1852e</load_address>
         <run_address>0x1852e</run_address>
         <size>0x132</size>
         <input_file_ref idref="fl-13"/>
      </object_component>
      <object_component id="oc-c0">
         <name>.debug_info</name>
         <load_address>0x18660</load_address>
         <run_address>0x18660</run_address>
         <size>0x22b</size>
         <input_file_ref idref="fl-13"/>
      </object_component>
      <object_component id="oc-1d3">
         <name>.debug_info</name>
         <load_address>0x1888b</load_address>
         <run_address>0x1888b</run_address>
         <size>0x131</size>
         <input_file_ref idref="fl-13"/>
      </object_component>
      <object_component id="oc-223">
         <name>.debug_info</name>
         <load_address>0x189bc</load_address>
         <run_address>0x189bc</run_address>
         <size>0x129</size>
         <input_file_ref idref="fl-13"/>
      </object_component>
      <object_component id="oc-1d9">
         <name>.debug_info</name>
         <load_address>0x18ae5</load_address>
         <run_address>0x18ae5</run_address>
         <size>0x1dd</size>
         <input_file_ref idref="fl-13"/>
      </object_component>
      <object_component id="oc-1df">
         <name>.debug_info</name>
         <load_address>0x18cc2</load_address>
         <run_address>0x18cc2</run_address>
         <size>0x120</size>
         <input_file_ref idref="fl-13"/>
      </object_component>
      <object_component id="oc-13e">
         <name>.debug_info</name>
         <load_address>0x18de2</load_address>
         <run_address>0x18de2</run_address>
         <size>0x1d8</size>
         <input_file_ref idref="fl-13"/>
      </object_component>
      <object_component id="oc-a0">
         <name>.debug_info</name>
         <load_address>0x18fba</load_address>
         <run_address>0x18fba</run_address>
         <size>0x130</size>
         <input_file_ref idref="fl-13"/>
      </object_component>
      <object_component id="oc-1fa">
         <name>.debug_info</name>
         <load_address>0x190ea</load_address>
         <run_address>0x190ea</run_address>
         <size>0x103e</size>
         <input_file_ref idref="fl-13"/>
      </object_component>
      <object_component id="oc-1f1">
         <name>.debug_info</name>
         <load_address>0x1a128</load_address>
         <run_address>0x1a128</run_address>
         <size>0x379</size>
         <input_file_ref idref="fl-15"/>
      </object_component>
      <object_component id="oc-165">
         <name>.debug_info</name>
         <load_address>0x1a4a1</load_address>
         <run_address>0x1a4a1</run_address>
         <size>0x1d6</size>
         <input_file_ref idref="fl-15"/>
      </object_component>
      <object_component id="oc-26">
         <name>.debug_info</name>
         <load_address>0x1a677</load_address>
         <run_address>0x1a677</run_address>
         <size>0x160</size>
         <input_file_ref idref="fl-cc"/>
      </object_component>
      <object_component id="oc-e2">
         <name>.debug_info</name>
         <load_address>0x1a7d7</load_address>
         <run_address>0x1a7d7</run_address>
         <size>0x293</size>
         <input_file_ref idref="fl-cd"/>
      </object_component>
      <object_component id="oc-14">
         <name>.debug_info</name>
         <load_address>0x1aa6a</load_address>
         <run_address>0x1aa6a</run_address>
         <size>0x245</size>
         <input_file_ref idref="fl-cd"/>
      </object_component>
      <object_component id="oc-47">
         <name>.debug_info</name>
         <load_address>0x1acaf</load_address>
         <run_address>0x1acaf</run_address>
         <size>0x60</size>
         <input_file_ref idref="fl-cd"/>
      </object_component>
      <object_component id="oc-dd">
         <name>.debug_info</name>
         <load_address>0x1ad0f</load_address>
         <run_address>0x1ad0f</run_address>
         <size>0x46</size>
         <input_file_ref idref="fl-cd"/>
      </object_component>
      <object_component id="oc-5c">
         <name>.debug_info</name>
         <load_address>0x1ad55</load_address>
         <run_address>0x1ad55</run_address>
         <size>0x2da</size>
         <input_file_ref idref="fl-ce"/>
      </object_component>
      <object_component id="oc-1a">
         <name>.debug_info</name>
         <load_address>0x1b02f</load_address>
         <run_address>0x1b02f</run_address>
         <size>0x1df</size>
         <input_file_ref idref="fl-ce"/>
      </object_component>
      <object_component id="oc-57">
         <name>.debug_info</name>
         <load_address>0x1b20e</load_address>
         <run_address>0x1b20e</run_address>
         <size>0x46</size>
         <input_file_ref idref="fl-ce"/>
      </object_component>
      <object_component id="oc-e4">
         <name>.debug_info</name>
         <load_address>0x1b254</load_address>
         <run_address>0x1b254</run_address>
         <size>0x2c</size>
         <input_file_ref idref="fl-ce"/>
      </object_component>
      <object_component id="oc-68">
         <name>.debug_info</name>
         <load_address>0x1b280</load_address>
         <run_address>0x1b280</run_address>
         <size>0x2c9</size>
         <input_file_ref idref="fl-cf"/>
      </object_component>
      <object_component id="oc-20">
         <name>.debug_info</name>
         <load_address>0x1b549</load_address>
         <run_address>0x1b549</run_address>
         <size>0x1aa</size>
         <input_file_ref idref="fl-cf"/>
      </object_component>
      <object_component id="oc-63">
         <name>.debug_info</name>
         <load_address>0x1b6f3</load_address>
         <run_address>0x1b6f3</run_address>
         <size>0x46</size>
         <input_file_ref idref="fl-cf"/>
      </object_component>
      <object_component id="oc-ec">
         <name>.debug_info</name>
         <load_address>0x1b739</load_address>
         <run_address>0x1b739</run_address>
         <size>0x2c</size>
         <input_file_ref idref="fl-cf"/>
      </object_component>
      <object_component id="oc-10c">
         <name>.debug_info</name>
         <load_address>0x1b765</load_address>
         <run_address>0x1b765</run_address>
         <size>0x3ce</size>
         <input_file_ref idref="fl-d0"/>
      </object_component>
      <object_component id="oc-106">
         <name>.debug_info</name>
         <load_address>0x1bb33</load_address>
         <run_address>0x1bb33</run_address>
         <size>0x185</size>
         <input_file_ref idref="fl-d0"/>
      </object_component>
      <object_component id="oc-82">
         <name>.debug_info</name>
         <load_address>0x1bcb8</load_address>
         <run_address>0x1bcb8</run_address>
         <size>0x214</size>
         <input_file_ref idref="fl-d0"/>
      </object_component>
      <object_component id="oc-52">
         <name>.debug_info</name>
         <load_address>0x1becc</load_address>
         <run_address>0x1becc</run_address>
         <size>0x111</size>
         <input_file_ref idref="fl-d1"/>
      </object_component>
      <object_component id="oc-5e">
         <name>.debug_info</name>
         <load_address>0x1bfdd</load_address>
         <run_address>0x1bfdd</run_address>
         <size>0x13f</size>
         <input_file_ref idref="fl-d2"/>
      </object_component>
      <object_component id="oc-6a">
         <name>.debug_info</name>
         <load_address>0x1c11c</load_address>
         <run_address>0x1c11c</run_address>
         <size>0x138</size>
         <input_file_ref idref="fl-d3"/>
      </object_component>
      <object_component id="oc-70">
         <name>.debug_info</name>
         <load_address>0x1c254</load_address>
         <run_address>0x1c254</run_address>
         <size>0x148</size>
         <input_file_ref idref="fl-d4"/>
      </object_component>
      <object_component id="oc-88">
         <name>.debug_info</name>
         <load_address>0x1c39c</load_address>
         <run_address>0x1c39c</run_address>
         <size>0x109</size>
         <input_file_ref idref="fl-d5"/>
      </object_component>
      <object_component id="oc-1a1">
         <name>.debug_info</name>
         <load_address>0x1c4a5</load_address>
         <run_address>0x1c4a5</run_address>
         <size>0x2be</size>
         <input_file_ref idref="fl-d6"/>
      </object_component>
      <object_component id="oc-109">
         <name>.debug_info</name>
         <load_address>0x1c763</load_address>
         <run_address>0x1c763</run_address>
         <size>0x113</size>
         <input_file_ref idref="fl-d6"/>
      </object_component>
      <object_component id="oc-19a">
         <name>.debug_info</name>
         <load_address>0x1c876</load_address>
         <run_address>0x1c876</run_address>
         <size>0x21f</size>
         <input_file_ref idref="fl-d6"/>
      </object_component>
      <object_component id="oc-104">
         <name>.debug_info</name>
         <load_address>0x1ca95</load_address>
         <run_address>0x1ca95</run_address>
         <size>0x300</size>
         <input_file_ref idref="fl-d7"/>
      </object_component>
      <object_component id="oc-7c">
         <name>.debug_info</name>
         <load_address>0x1cd95</load_address>
         <run_address>0x1cd95</run_address>
         <size>0x167</size>
         <input_file_ref idref="fl-d7"/>
      </object_component>
      <object_component id="oc-192">
         <name>.debug_info</name>
         <load_address>0x1cefc</load_address>
         <run_address>0x1cefc</run_address>
         <size>0x5e</size>
         <input_file_ref idref="fl-d7"/>
      </object_component>
      <object_component id="oc-102">
         <name>.debug_info</name>
         <load_address>0x1cf5a</load_address>
         <run_address>0x1cf5a</run_address>
         <size>0x483</size>
         <input_file_ref idref="fl-d8"/>
      </object_component>
      <object_component id="oc-76">
         <name>.debug_info</name>
         <load_address>0x1d3dd</load_address>
         <run_address>0x1d3dd</run_address>
         <size>0x190</size>
         <input_file_ref idref="fl-d8"/>
      </object_component>
      <object_component id="oc-186">
         <name>.debug_info</name>
         <load_address>0x1d56d</load_address>
         <run_address>0x1d56d</run_address>
         <size>0x39</size>
         <input_file_ref idref="fl-d8"/>
      </object_component>
      <object_component id="oc-206">
         <name>.debug_info</name>
         <load_address>0x1d5a6</load_address>
         <run_address>0x1d5a6</run_address>
         <size>0x39</size>
         <input_file_ref idref="fl-d8"/>
      </object_component>
      <object_component id="oc-18b">
         <name>.debug_info</name>
         <load_address>0x1d5df</load_address>
         <run_address>0x1d5df</run_address>
         <size>0xcd</size>
         <input_file_ref idref="fl-d8"/>
      </object_component>
      <object_component id="oc-182">
         <name>.debug_info</name>
         <load_address>0x1d6ac</load_address>
         <run_address>0x1d6ac</run_address>
         <size>0x37a</size>
         <input_file_ref idref="fl-d9"/>
      </object_component>
      <object_component id="oc-f6">
         <name>.debug_info</name>
         <load_address>0x1da26</load_address>
         <run_address>0x1da26</run_address>
         <size>0x183</size>
         <input_file_ref idref="fl-d9"/>
      </object_component>
      <object_component id="oc-201">
         <name>.debug_info</name>
         <load_address>0x1dba9</load_address>
         <run_address>0x1dba9</run_address>
         <size>0x2c</size>
         <input_file_ref idref="fl-d9"/>
      </object_component>
      <object_component id="oc-fe">
         <name>.debug_info</name>
         <load_address>0x1dbd5</load_address>
         <run_address>0x1dbd5</run_address>
         <size>0x145</size>
         <input_file_ref idref="fl-da"/>
      </object_component>
      <object_component id="oc-25d">
         <name>.debug_info</name>
         <load_address>0x1dd1a</load_address>
         <run_address>0x1dd1a</run_address>
         <size>0xab</size>
      </object_component>
      <object_component id="oc-174">
         <name>.debug_line</name>
         <load_address>0x0</load_address>
         <run_address>0x0</run_address>
         <size>0x161</size>
         <input_file_ref idref="fl-2"/>
      </object_component>
      <object_component id="oc-41">
         <name>.debug_line</name>
         <load_address>0x161</load_address>
         <run_address>0x161</run_address>
         <size>0x16f</size>
         <input_file_ref idref="fl-2"/>
      </object_component>
      <object_component id="oc-11a">
         <name>.debug_line</name>
         <load_address>0x2d0</load_address>
         <run_address>0x2d0</run_address>
         <size>0x88</size>
         <input_file_ref idref="fl-2"/>
      </object_component>
      <object_component id="oc-17d">
         <name>.debug_line</name>
         <load_address>0x358</load_address>
         <run_address>0x358</run_address>
         <size>0x2d</size>
         <input_file_ref idref="fl-2"/>
      </object_component>
      <object_component id="oc-db">
         <name>.debug_line</name>
         <load_address>0x385</load_address>
         <run_address>0x385</run_address>
         <size>0x60</size>
         <input_file_ref idref="fl-2"/>
      </object_component>
      <object_component id="oc-d6">
         <name>.debug_line</name>
         <load_address>0x3e5</load_address>
         <run_address>0x3e5</run_address>
         <size>0x5d</size>
         <input_file_ref idref="fl-2"/>
      </object_component>
      <object_component id="oc-1f8">
         <name>.debug_line</name>
         <load_address>0x442</load_address>
         <run_address>0x442</run_address>
         <size>0x87</size>
         <input_file_ref idref="fl-2"/>
      </object_component>
      <object_component id="oc-150">
         <name>.debug_line</name>
         <load_address>0x4c9</load_address>
         <run_address>0x4c9</run_address>
         <size>0x8c</size>
         <input_file_ref idref="fl-2"/>
      </object_component>
      <object_component id="oc-cf">
         <name>.debug_line</name>
         <load_address>0x555</load_address>
         <run_address>0x555</run_address>
         <size>0x20</size>
         <input_file_ref idref="fl-2"/>
      </object_component>
      <object_component id="oc-156">
         <name>.debug_line</name>
         <load_address>0x575</load_address>
         <run_address>0x575</run_address>
         <size>0x89</size>
         <input_file_ref idref="fl-2"/>
      </object_component>
      <object_component id="oc-178">
         <name>.debug_line</name>
         <load_address>0x5fe</load_address>
         <run_address>0x5fe</run_address>
         <size>0x8a</size>
         <input_file_ref idref="fl-2"/>
      </object_component>
      <object_component id="oc-ad">
         <name>.debug_line</name>
         <load_address>0x688</load_address>
         <run_address>0x688</run_address>
         <size>0x8c</size>
         <input_file_ref idref="fl-2"/>
      </object_component>
      <object_component id="oc-b7">
         <name>.debug_line</name>
         <load_address>0x714</load_address>
         <run_address>0x714</run_address>
         <size>0x70</size>
         <input_file_ref idref="fl-2"/>
      </object_component>
      <object_component id="oc-b2">
         <name>.debug_line</name>
         <load_address>0x784</load_address>
         <run_address>0x784</run_address>
         <size>0x93</size>
         <input_file_ref idref="fl-2"/>
      </object_component>
      <object_component id="oc-14b">
         <name>.debug_line</name>
         <load_address>0x817</load_address>
         <run_address>0x817</run_address>
         <size>0x88</size>
         <input_file_ref idref="fl-2"/>
      </object_component>
      <object_component id="oc-d2">
         <name>.debug_line</name>
         <load_address>0x89f</load_address>
         <run_address>0x89f</run_address>
         <size>0x7f</size>
         <input_file_ref idref="fl-3"/>
      </object_component>
      <object_component id="oc-44">
         <name>.debug_line</name>
         <load_address>0x91e</load_address>
         <run_address>0x91e</run_address>
         <size>0x3b</size>
         <input_file_ref idref="fl-3"/>
      </object_component>
      <object_component id="oc-30">
         <name>.debug_line</name>
         <load_address>0x959</load_address>
         <run_address>0x959</run_address>
         <size>0x9d</size>
         <input_file_ref idref="fl-3"/>
      </object_component>
      <object_component id="oc-4f">
         <name>.debug_line</name>
         <load_address>0x9f6</load_address>
         <run_address>0x9f6</run_address>
         <size>0x20</size>
         <input_file_ref idref="fl-3"/>
      </object_component>
      <object_component id="oc-1a6">
         <name>.debug_line</name>
         <load_address>0xa16</load_address>
         <run_address>0xa16</run_address>
         <size>0x3b</size>
         <input_file_ref idref="fl-4"/>
      </object_component>
      <object_component id="oc-8f">
         <name>.debug_line</name>
         <load_address>0xa51</load_address>
         <run_address>0xa51</run_address>
         <size>0x146</size>
         <input_file_ref idref="fl-4"/>
      </object_component>
      <object_component id="oc-147">
         <name>.debug_line</name>
         <load_address>0xb97</load_address>
         <run_address>0xb97</run_address>
         <size>0x159</size>
         <input_file_ref idref="fl-5"/>
      </object_component>
      <object_component id="oc-11d">
         <name>.debug_line</name>
         <load_address>0xcf0</load_address>
         <run_address>0xcf0</run_address>
         <size>0x8e</size>
         <input_file_ref idref="fl-5"/>
      </object_component>
      <object_component id="oc-145">
         <name>.debug_line</name>
         <load_address>0xd7e</load_address>
         <run_address>0xd7e</run_address>
         <size>0x8e</size>
         <input_file_ref idref="fl-5"/>
      </object_component>
      <object_component id="oc-3b">
         <name>.debug_line</name>
         <load_address>0xe0c</load_address>
         <run_address>0xe0c</run_address>
         <size>0x1c4</size>
         <input_file_ref idref="fl-5"/>
      </object_component>
      <object_component id="oc-36">
         <name>.debug_line</name>
         <load_address>0xfd0</load_address>
         <run_address>0xfd0</run_address>
         <size>0x12a</size>
         <input_file_ref idref="fl-6"/>
      </object_component>
      <object_component id="oc-22b">
         <name>.debug_line</name>
         <load_address>0x10fa</load_address>
         <run_address>0x10fa</run_address>
         <size>0x1cf</size>
         <input_file_ref idref="fl-8"/>
      </object_component>
      <object_component id="oc-15c">
         <name>.debug_line</name>
         <load_address>0x12c9</load_address>
         <run_address>0x12c9</run_address>
         <size>0x70</size>
         <input_file_ref idref="fl-8"/>
      </object_component>
      <object_component id="oc-22f">
         <name>.debug_line</name>
         <load_address>0x1339</load_address>
         <run_address>0x1339</run_address>
         <size>0x90</size>
         <input_file_ref idref="fl-8"/>
      </object_component>
      <object_component id="oc-1ac">
         <name>.debug_line</name>
         <load_address>0x13c9</load_address>
         <run_address>0x13c9</run_address>
         <size>0x8a</size>
         <input_file_ref idref="fl-8"/>
      </object_component>
      <object_component id="oc-234">
         <name>.debug_line</name>
         <load_address>0x1453</load_address>
         <run_address>0x1453</run_address>
         <size>0x90</size>
         <input_file_ref idref="fl-8"/>
      </object_component>
      <object_component id="oc-21e">
         <name>.debug_line</name>
         <load_address>0x14e3</load_address>
         <run_address>0x14e3</run_address>
         <size>0x88</size>
         <input_file_ref idref="fl-9"/>
      </object_component>
      <object_component id="oc-21c">
         <name>.debug_line</name>
         <load_address>0x156b</load_address>
         <run_address>0x156b</run_address>
         <size>0x8a</size>
         <input_file_ref idref="fl-9"/>
      </object_component>
      <object_component id="oc-211">
         <name>.debug_line</name>
         <load_address>0x15f5</load_address>
         <run_address>0x15f5</run_address>
         <size>0x8a</size>
         <input_file_ref idref="fl-9"/>
      </object_component>
      <object_component id="oc-213">
         <name>.debug_line</name>
         <load_address>0x167f</load_address>
         <run_address>0x167f</run_address>
         <size>0x8a</size>
         <input_file_ref idref="fl-9"/>
      </object_component>
      <object_component id="oc-21a">
         <name>.debug_line</name>
         <load_address>0x1709</load_address>
         <run_address>0x1709</run_address>
         <size>0x8a</size>
         <input_file_ref idref="fl-9"/>
      </object_component>
      <object_component id="oc-20f">
         <name>.debug_line</name>
         <load_address>0x1793</load_address>
         <run_address>0x1793</run_address>
         <size>0x8a</size>
         <input_file_ref idref="fl-9"/>
      </object_component>
      <object_component id="oc-122">
         <name>.debug_line</name>
         <load_address>0x181d</load_address>
         <run_address>0x181d</run_address>
         <size>0x15d</size>
         <input_file_ref idref="fl-9"/>
      </object_component>
      <object_component id="oc-217">
         <name>.debug_line</name>
         <load_address>0x197a</load_address>
         <run_address>0x197a</run_address>
         <size>0x8a</size>
         <input_file_ref idref="fl-9"/>
      </object_component>
      <object_component id="oc-220">
         <name>.debug_line</name>
         <load_address>0x1a04</load_address>
         <run_address>0x1a04</run_address>
         <size>0x20</size>
         <input_file_ref idref="fl-a"/>
      </object_component>
      <object_component id="oc-128">
         <name>.debug_line</name>
         <load_address>0x1a24</load_address>
         <run_address>0x1a24</run_address>
         <size>0x140</size>
         <input_file_ref idref="fl-a"/>
      </object_component>
      <object_component id="oc-1e8">
         <name>.debug_line</name>
         <load_address>0x1b64</load_address>
         <run_address>0x1b64</run_address>
         <size>0x21f</size>
         <input_file_ref idref="fl-b"/>
      </object_component>
      <object_component id="oc-bd">
         <name>.debug_line</name>
         <load_address>0x1d83</load_address>
         <run_address>0x1d83</run_address>
         <size>0x7aa</size>
         <input_file_ref idref="fl-b"/>
      </object_component>
      <object_component id="oc-1ec">
         <name>.debug_line</name>
         <load_address>0x252d</load_address>
         <run_address>0x252d</run_address>
         <size>0x89</size>
         <input_file_ref idref="fl-b"/>
      </object_component>
      <object_component id="oc-1a8">
         <name>.debug_line</name>
         <load_address>0x25b6</load_address>
         <run_address>0x25b6</run_address>
         <size>0x1b7</size>
         <input_file_ref idref="fl-c"/>
      </object_component>
      <object_component id="oc-115">
         <name>.debug_line</name>
         <load_address>0x276d</load_address>
         <run_address>0x276d</run_address>
         <size>0x89</size>
         <input_file_ref idref="fl-c"/>
      </object_component>
      <object_component id="oc-1c7">
         <name>.debug_line</name>
         <load_address>0x27f6</load_address>
         <run_address>0x27f6</run_address>
         <size>0x89</size>
         <input_file_ref idref="fl-c"/>
      </object_component>
      <object_component id="oc-1cf">
         <name>.debug_line</name>
         <load_address>0x287f</load_address>
         <run_address>0x287f</run_address>
         <size>0x89</size>
         <input_file_ref idref="fl-c"/>
      </object_component>
      <object_component id="oc-1d1">
         <name>.debug_line</name>
         <load_address>0x2908</load_address>
         <run_address>0x2908</run_address>
         <size>0x89</size>
         <input_file_ref idref="fl-c"/>
      </object_component>
      <object_component id="oc-1c9">
         <name>.debug_line</name>
         <load_address>0x2991</load_address>
         <run_address>0x2991</run_address>
         <size>0x89</size>
         <input_file_ref idref="fl-c"/>
      </object_component>
      <object_component id="oc-1cd">
         <name>.debug_line</name>
         <load_address>0x2a1a</load_address>
         <run_address>0x2a1a</run_address>
         <size>0x89</size>
         <input_file_ref idref="fl-c"/>
      </object_component>
      <object_component id="oc-1cb">
         <name>.debug_line</name>
         <load_address>0x2aa3</load_address>
         <run_address>0x2aa3</run_address>
         <size>0x89</size>
         <input_file_ref idref="fl-c"/>
      </object_component>
      <object_component id="oc-9c">
         <name>.debug_line</name>
         <load_address>0x2b2c</load_address>
         <run_address>0x2b2c</run_address>
         <size>0xc1f</size>
         <input_file_ref idref="fl-c"/>
      </object_component>
      <object_component id="oc-1b1">
         <name>.debug_line</name>
         <load_address>0x374b</load_address>
         <run_address>0x374b</run_address>
         <size>0x89</size>
         <input_file_ref idref="fl-c"/>
      </object_component>
      <object_component id="oc-1f4">
         <name>.debug_line</name>
         <load_address>0x37d4</load_address>
         <run_address>0x37d4</run_address>
         <size>0x47</size>
         <input_file_ref idref="fl-13"/>
      </object_component>
      <object_component id="oc-16e">
         <name>.debug_line</name>
         <load_address>0x381b</load_address>
         <run_address>0x381b</run_address>
         <size>0x58</size>
         <input_file_ref idref="fl-13"/>
      </object_component>
      <object_component id="oc-162">
         <name>.debug_line</name>
         <load_address>0x3873</load_address>
         <run_address>0x3873</run_address>
         <size>0x41</size>
         <input_file_ref idref="fl-13"/>
      </object_component>
      <object_component id="oc-c3">
         <name>.debug_line</name>
         <load_address>0x38b4</load_address>
         <run_address>0x38b4</run_address>
         <size>0xd9</size>
         <input_file_ref idref="fl-13"/>
      </object_component>
      <object_component id="oc-1d6">
         <name>.debug_line</name>
         <load_address>0x398d</load_address>
         <run_address>0x398d</run_address>
         <size>0x59</size>
         <input_file_ref idref="fl-13"/>
      </object_component>
      <object_component id="oc-226">
         <name>.debug_line</name>
         <load_address>0x39e6</load_address>
         <run_address>0x39e6</run_address>
         <size>0x5e</size>
         <input_file_ref idref="fl-13"/>
      </object_component>
      <object_component id="oc-1dc">
         <name>.debug_line</name>
         <load_address>0x3a44</load_address>
         <run_address>0x3a44</run_address>
         <size>0x8c</size>
         <input_file_ref idref="fl-13"/>
      </object_component>
      <object_component id="oc-1e2">
         <name>.debug_line</name>
         <load_address>0x3ad0</load_address>
         <run_address>0x3ad0</run_address>
         <size>0x3f</size>
         <input_file_ref idref="fl-13"/>
      </object_component>
      <object_component id="oc-141">
         <name>.debug_line</name>
         <load_address>0x3b0f</load_address>
         <run_address>0x3b0f</run_address>
         <size>0x7b</size>
         <input_file_ref idref="fl-13"/>
      </object_component>
      <object_component id="oc-a3">
         <name>.debug_line</name>
         <load_address>0x3b8a</load_address>
         <run_address>0x3b8a</run_address>
         <size>0x41</size>
         <input_file_ref idref="fl-13"/>
      </object_component>
      <object_component id="oc-1fd">
         <name>.debug_line</name>
         <load_address>0x3bcb</load_address>
         <run_address>0x3bcb</run_address>
         <size>0x5e</size>
         <input_file_ref idref="fl-13"/>
      </object_component>
      <object_component id="oc-237">
         <name>.debug_line</name>
         <load_address>0x3c29</load_address>
         <run_address>0x3c29</run_address>
         <size>0x20</size>
         <input_file_ref idref="fl-15"/>
      </object_component>
      <object_component id="oc-168">
         <name>.debug_line</name>
         <load_address>0x3c49</load_address>
         <run_address>0x3c49</run_address>
         <size>0x58</size>
         <input_file_ref idref="fl-15"/>
      </object_component>
      <object_component id="oc-29">
         <name>.debug_line</name>
         <load_address>0x3ca1</load_address>
         <run_address>0x3ca1</run_address>
         <size>0x53</size>
         <input_file_ref idref="fl-cc"/>
      </object_component>
      <object_component id="oc-180">
         <name>.debug_line</name>
         <load_address>0x3cf4</load_address>
         <run_address>0x3cf4</run_address>
         <size>0x20</size>
         <input_file_ref idref="fl-cd"/>
      </object_component>
      <object_component id="oc-17">
         <name>.debug_line</name>
         <load_address>0x3d14</load_address>
         <run_address>0x3d14</run_address>
         <size>0xa9</size>
         <input_file_ref idref="fl-cd"/>
      </object_component>
      <object_component id="oc-4a">
         <name>.debug_line</name>
         <load_address>0x3dbd</load_address>
         <run_address>0x3dbd</run_address>
         <size>0x3a</size>
         <input_file_ref idref="fl-cd"/>
      </object_component>
      <object_component id="oc-e0">
         <name>.debug_line</name>
         <load_address>0x3df7</load_address>
         <run_address>0x3df7</run_address>
         <size>0x8a</size>
         <input_file_ref idref="fl-cd"/>
      </object_component>
      <object_component id="oc-ea">
         <name>.debug_line</name>
         <load_address>0x3e81</load_address>
         <run_address>0x3e81</run_address>
         <size>0x8a</size>
         <input_file_ref idref="fl-ce"/>
      </object_component>
      <object_component id="oc-1d">
         <name>.debug_line</name>
         <load_address>0x3f0b</load_address>
         <run_address>0x3f0b</run_address>
         <size>0x55</size>
         <input_file_ref idref="fl-ce"/>
      </object_component>
      <object_component id="oc-5a">
         <name>.debug_line</name>
         <load_address>0x3f60</load_address>
         <run_address>0x3f60</run_address>
         <size>0x3a</size>
         <input_file_ref idref="fl-ce"/>
      </object_component>
      <object_component id="oc-e7">
         <name>.debug_line</name>
         <load_address>0x3f9a</load_address>
         <run_address>0x3f9a</run_address>
         <size>0x8a</size>
         <input_file_ref idref="fl-ce"/>
      </object_component>
      <object_component id="oc-f2">
         <name>.debug_line</name>
         <load_address>0x4024</load_address>
         <run_address>0x4024</run_address>
         <size>0x8a</size>
         <input_file_ref idref="fl-cf"/>
      </object_component>
      <object_component id="oc-23">
         <name>.debug_line</name>
         <load_address>0x40ae</load_address>
         <run_address>0x40ae</run_address>
         <size>0x4f</size>
         <input_file_ref idref="fl-cf"/>
      </object_component>
      <object_component id="oc-66">
         <name>.debug_line</name>
         <load_address>0x40fd</load_address>
         <run_address>0x40fd</run_address>
         <size>0x34</size>
         <input_file_ref idref="fl-cf"/>
      </object_component>
      <object_component id="oc-ef">
         <name>.debug_line</name>
         <load_address>0x4131</load_address>
         <run_address>0x4131</run_address>
         <size>0x8a</size>
         <input_file_ref idref="fl-cf"/>
      </object_component>
      <object_component id="oc-1a4">
         <name>.debug_line</name>
         <load_address>0x41bb</load_address>
         <run_address>0x41bb</run_address>
         <size>0xf2</size>
         <input_file_ref idref="fl-d0"/>
      </object_component>
      <object_component id="oc-198">
         <name>.debug_line</name>
         <load_address>0x42ad</load_address>
         <run_address>0x42ad</run_address>
         <size>0x2a</size>
         <input_file_ref idref="fl-d0"/>
      </object_component>
      <object_component id="oc-85">
         <name>.debug_line</name>
         <load_address>0x42d7</load_address>
         <run_address>0x42d7</run_address>
         <size>0x86</size>
         <input_file_ref idref="fl-d0"/>
      </object_component>
      <object_component id="oc-55">
         <name>.debug_line</name>
         <load_address>0x435d</load_address>
         <run_address>0x435d</run_address>
         <size>0x88</size>
         <input_file_ref idref="fl-d1"/>
      </object_component>
      <object_component id="oc-61">
         <name>.debug_line</name>
         <load_address>0x43e5</load_address>
         <run_address>0x43e5</run_address>
         <size>0x79</size>
         <input_file_ref idref="fl-d2"/>
      </object_component>
      <object_component id="oc-6d">
         <name>.debug_line</name>
         <load_address>0x445e</load_address>
         <run_address>0x445e</run_address>
         <size>0x3d</size>
         <input_file_ref idref="fl-d3"/>
      </object_component>
      <object_component id="oc-73">
         <name>.debug_line</name>
         <load_address>0x449b</load_address>
         <run_address>0x449b</run_address>
         <size>0x40</size>
         <input_file_ref idref="fl-d4"/>
      </object_component>
      <object_component id="oc-10f">
         <name>.debug_line</name>
         <load_address>0x44db</load_address>
         <run_address>0x44db</run_address>
         <size>0x33</size>
         <input_file_ref idref="fl-d5"/>
      </object_component>
      <object_component id="oc-20d">
         <name>.debug_line</name>
         <load_address>0x450e</load_address>
         <run_address>0x450e</run_address>
         <size>0x20</size>
         <input_file_ref idref="fl-d6"/>
      </object_component>
      <object_component id="oc-1a0">
         <name>.debug_line</name>
         <load_address>0x452e</load_address>
         <run_address>0x452e</run_address>
         <size>0x2b</size>
         <input_file_ref idref="fl-d6"/>
      </object_component>
      <object_component id="oc-19d">
         <name>.debug_line</name>
         <load_address>0x4559</load_address>
         <run_address>0x4559</run_address>
         <size>0x68</size>
         <input_file_ref idref="fl-d6"/>
      </object_component>
      <object_component id="oc-191">
         <name>.debug_line</name>
         <load_address>0x45c1</load_address>
         <run_address>0x45c1</run_address>
         <size>0x2b</size>
         <input_file_ref idref="fl-d7"/>
      </object_component>
      <object_component id="oc-7f">
         <name>.debug_line</name>
         <load_address>0x45ec</load_address>
         <run_address>0x45ec</run_address>
         <size>0x4a</size>
         <input_file_ref idref="fl-d7"/>
      </object_component>
      <object_component id="oc-195">
         <name>.debug_line</name>
         <load_address>0x4636</load_address>
         <run_address>0x4636</run_address>
         <size>0x2b</size>
         <input_file_ref idref="fl-d7"/>
      </object_component>
      <object_component id="oc-185">
         <name>.debug_line</name>
         <load_address>0x4661</load_address>
         <run_address>0x4661</run_address>
         <size>0xa9</size>
         <input_file_ref idref="fl-d8"/>
      </object_component>
      <object_component id="oc-79">
         <name>.debug_line</name>
         <load_address>0x470a</load_address>
         <run_address>0x470a</run_address>
         <size>0x8b</size>
         <input_file_ref idref="fl-d8"/>
      </object_component>
      <object_component id="oc-189">
         <name>.debug_line</name>
         <load_address>0x4795</load_address>
         <run_address>0x4795</run_address>
         <size>0x2e</size>
         <input_file_ref idref="fl-d8"/>
      </object_component>
      <object_component id="oc-209">
         <name>.debug_line</name>
         <load_address>0x47c3</load_address>
         <run_address>0x47c3</run_address>
         <size>0x8a</size>
         <input_file_ref idref="fl-d8"/>
      </object_component>
      <object_component id="oc-18e">
         <name>.debug_line</name>
         <load_address>0x484d</load_address>
         <run_address>0x484d</run_address>
         <size>0x8b</size>
         <input_file_ref idref="fl-d8"/>
      </object_component>
      <object_component id="oc-200">
         <name>.debug_line</name>
         <load_address>0x48d8</load_address>
         <run_address>0x48d8</run_address>
         <size>0x98</size>
         <input_file_ref idref="fl-d9"/>
      </object_component>
      <object_component id="oc-f9">
         <name>.debug_line</name>
         <load_address>0x4970</load_address>
         <run_address>0x4970</run_address>
         <size>0x68</size>
         <input_file_ref idref="fl-d9"/>
      </object_component>
      <object_component id="oc-204">
         <name>.debug_line</name>
         <load_address>0x49d8</load_address>
         <run_address>0x49d8</run_address>
         <size>0x2e</size>
         <input_file_ref idref="fl-d9"/>
      </object_component>
      <object_component id="oc-fd">
         <name>.debug_line</name>
         <load_address>0x4a06</load_address>
         <run_address>0x4a06</run_address>
         <size>0x3c</size>
         <input_file_ref idref="fl-da"/>
      </object_component>
      <object_component id="oc-42">
         <name>.debug_frame</name>
         <load_address>0x0</load_address>
         <run_address>0x0</run_address>
         <size>0xc2</size>
         <input_file_ref idref="fl-2"/>
      </object_component>
      <object_component id="oc-31">
         <name>.debug_frame</name>
         <load_address>0xc2</load_address>
         <run_address>0xc2</run_address>
         <size>0x8b</size>
         <input_file_ref idref="fl-3"/>
      </object_component>
      <object_component id="oc-90">
         <name>.debug_frame</name>
         <load_address>0x14d</load_address>
         <run_address>0x14d</run_address>
         <size>0x6a</size>
         <input_file_ref idref="fl-4"/>
      </object_component>
      <object_component id="oc-3c">
         <name>.debug_frame</name>
         <load_address>0x1b7</load_address>
         <run_address>0x1b7</run_address>
         <size>0x104</size>
         <input_file_ref idref="fl-5"/>
      </object_component>
      <object_component id="oc-123">
         <name>.debug_frame</name>
         <load_address>0x2bb</load_address>
         <run_address>0x2bb</run_address>
         <size>0xb2</size>
         <input_file_ref idref="fl-9"/>
      </object_component>
      <object_component id="oc-129">
         <name>.debug_frame</name>
         <load_address>0x36d</load_address>
         <run_address>0x36d</run_address>
         <size>0xb3</size>
         <input_file_ref idref="fl-a"/>
      </object_component>
      <object_component id="oc-be">
         <name>.debug_frame</name>
         <load_address>0x420</load_address>
         <run_address>0x420</run_address>
         <size>0x337</size>
         <input_file_ref idref="fl-b"/>
      </object_component>
      <object_component id="oc-9d">
         <name>.debug_frame</name>
         <load_address>0x757</load_address>
         <run_address>0x757</run_address>
         <size>0x58f</size>
         <input_file_ref idref="fl-c"/>
      </object_component>
      <object_component id="oc-16f">
         <name>.debug_frame</name>
         <load_address>0xce6</load_address>
         <run_address>0xce6</run_address>
         <size>0x86</size>
         <input_file_ref idref="fl-13"/>
      </object_component>
      <object_component id="oc-163">
         <name>.debug_frame</name>
         <load_address>0xd6c</load_address>
         <run_address>0xd6c</run_address>
         <size>0x7f</size>
         <input_file_ref idref="fl-13"/>
      </object_component>
      <object_component id="oc-c4">
         <name>.debug_frame</name>
         <load_address>0xdeb</load_address>
         <run_address>0xdeb</run_address>
         <size>0x93</size>
         <input_file_ref idref="fl-13"/>
      </object_component>
      <object_component id="oc-1d7">
         <name>.debug_frame</name>
         <load_address>0xe7e</load_address>
         <run_address>0xe7e</run_address>
         <size>0x8d</size>
         <input_file_ref idref="fl-13"/>
      </object_component>
      <object_component id="oc-227">
         <name>.debug_frame</name>
         <load_address>0xf0b</load_address>
         <run_address>0xf0b</run_address>
         <size>0x8b</size>
         <input_file_ref idref="fl-13"/>
      </object_component>
      <object_component id="oc-1dd">
         <name>.debug_frame</name>
         <load_address>0xf96</load_address>
         <run_address>0xf96</run_address>
         <size>0x93</size>
         <input_file_ref idref="fl-13"/>
      </object_component>
      <object_component id="oc-1e3">
         <name>.debug_frame</name>
         <load_address>0x1029</load_address>
         <run_address>0x1029</run_address>
         <size>0x7f</size>
         <input_file_ref idref="fl-13"/>
      </object_component>
      <object_component id="oc-142">
         <name>.debug_frame</name>
         <load_address>0x10a8</load_address>
         <run_address>0x10a8</run_address>
         <size>0x8a</size>
         <input_file_ref idref="fl-13"/>
      </object_component>
      <object_component id="oc-a4">
[...]
         <object_component_ref idref="oc-37"/>
      </symbol>
      <symbol id="sm-160">
         <name>vPortExitCritical</name>
         <value>0x2ef3</value>
         <object_component_ref idref="oc-37"/>
      </symbol>
      <symbol id="sm-161">
         <name>xPortStartScheduler</name>
         <value>0x2df9</value>
         <object_component_ref idref="oc-37"/>
      </symbol>
      <symbol id="sm-162">
         <name>vPortEnterCritical</name>
         <value>0x2eb1</value>
         <object_component_ref idref="oc-37"/>
      </symbol>
      <symbol id="sm-171">
         <name>vPortStartFirstTask</name>
         <value>0x35e5</value>
         <object_component_ref idref="oc-32"/>
      </symbol>
      <symbol id="sm-172">
         <name>ulPortGetIPSR</name>
         <value>0x354d</value>
         <object_component_ref idref="oc-32"/>
      </symbol>
      <symbol id="sm-173">
         <name>vPortEnableVFP</name>
         <value>0x3601</value>
         <object_component_ref idref="oc-32"/>
      </symbol>
      <symbol id="sm-174">
         <name>xPortPendSVHandler</name>
         <value>0x3565</value>
         <object_component_ref idref="oc-32"/>
      </symbol>
      <symbol id="sm-175">
         <name>vPortSVCHandler</name>
         <value>0x35c5</value>
         <object_component_ref idref="oc-32"/>
      </symbol>
      <symbol id="sm-1dc">
         <name>vPortInitialiseBlocks</name>
         <value>0x3163</value>
         <object_component_ref idref="oc-11e"/>
      </symbol>
      <symbol id="sm-1dd">
         <name>xPortGetFreeHeapSize</name>
         <value>0x315d</value>
         <object_component_ref idref="oc-11e"/>
      </symbol>
      <symbol id="sm-1de">
         <name>pvPortMalloc</name>
         <value>0x2ff5</value>
         <object_component_ref idref="oc-11e"/>
      </symbol>
      <symbol id="sm-1df">
         <name>vPortFree</name>
         <value>0x30fb</value>
         <object_component_ref idref="oc-11e"/>
      </symbol>
      <symbol id="sm-1f5">
         <name>uxListRemove</name>
         <value>0x33ef</value>
         <object_component_ref idref="oc-124"/>
      </symbol>
      <symbol id="sm-1f6">
         <name>vListInsert</name>
         <value>0x3389</value>
         <object_component_ref idref="oc-124"/>
      </symbol>
      <symbol id="sm-1f7">
         <name>vListInitialiseItem</name>
         <value>0x333d</value>
         <object_component_ref idref="oc-124"/>
      </symbol>
      <symbol id="sm-1f8">
         <name>vListInsertEnd</name>
         <value>0x334d</value>
         <object_component_ref idref="oc-124"/>
      </symbol>
      <symbol id="sm-1f9">
         <name>vListInitialise</name>
         <value>0x330d</value>
         <object_component_ref idref="oc-124"/>
      </symbol>
      <symbol id="sm-2d2">
         <name>xQueuePeekFromISR</name>
         <value>0x228d</value>
         <object_component_ref idref="oc-b9"/>
      </symbol>
      <symbol id="sm-2d3">
         <name>xQueueIsQueueEmptyFromISR</name>
         <value>0x25d5</value>
         <object_component_ref idref="oc-b9"/>
      </symbol>
      <symbol id="sm-2d4">
         <name>xQueueGenericSendFromISR</name>
         <value>0x1e05</value>
         <object_component_ref idref="oc-b9"/>
      </symbol>
      <symbol id="sm-2d5">
         <name>uxQueueMessagesWaiting</name>
         <value>0x2339</value>
         <object_component_ref idref="oc-b9"/>
      </symbol>
      <symbol id="sm-2d6">
         <name>xQueueIsQueueFullFromISR</name>
         <value>0x262b</value>
         <object_component_ref idref="oc-b9"/>
      </symbol>
      <symbol id="sm-2d7">
         <name>xQueueGenericCreate</name>
         <value>0x1a6f</value>
         <object_component_ref idref="oc-b9"/>
      </symbol>
      <symbol id="sm-2d8">
         <name>xQueueCreateMutex</name>
         <value>0x1b43</value>
         <object_component_ref idref="oc-b9"/>
      </symbol>
      <symbol id="sm-2d9">
         <name>vQueueSetQueueNumber</name>
         <value>0x23ef</value>
         <object_component_ref idref="oc-b9"/>
      </symbol>
      <symbol id="sm-2da">
         <name>xQueueGenericSend</name>
         <value>0x1c79</value>
         <object_component_ref idref="oc-b9"/>
      </symbol>
      <symbol id="sm-2db">
         <name>xQueueGenericReset</name>
         <value>0x19bd</value>
         <object_component_ref idref="oc-b9"/>
      </symbol>
      <symbol id="sm-2dc">
         <name>xQueueReceiveFromISR</name>
         <value>0x21b1</value>
         <object_component_ref idref="oc-b9"/>
      </symbol>
      <symbol id="sm-2dd">
         <name>uxQueueSpacesAvailable</name>
         <value>0x2363</value>
         <object_component_ref idref="oc-b9"/>
      </symbol>
      <symbol id="sm-2de">
         <name>xQueueGiveMutexRecursive</name>
         <value>0x1b6f</value>
         <object_component_ref idref="oc-b9"/>
      </symbol>
      <symbol id="sm-2df">
         <name>xQueueGiveFromISR</name>
         <value>0x1f0d</value>
         <object_component_ref idref="oc-b9"/>
      </symbol>
      <symbol id="sm-2e0">
         <name>uxQueueMessagesWaitingFromISR</name>
         <value>0x2397</value>
         <object_component_ref idref="oc-b9"/>
      </symbol>
      <symbol id="sm-2e1">
         <name>uxQueueGetQueueNumber</name>
         <value>0x23e1</value>
         <object_component_ref idref="oc-b9"/>
      </symbol>
      <symbol id="sm-2e2">
         <name>xQueueGenericReceive</name>
         <value>0x1ffb</value>
         <object_component_ref idref="oc-b9"/>
      </symbol>
      <symbol id="sm-2e3">
         <name>xQueueTakeMutexRecursive</name>
         <value>0x1bbf</value>
         <object_component_ref idref="oc-b9"/>
      </symbol>
      <symbol id="sm-2e4">
         <name>xQueueCreateCountingSemaphore</name>
         <value>0x1c1b</value>
         <object_component_ref idref="oc-b9"/>
      </symbol>
      <symbol id="sm-2e5">
         <name>vQueueDelete</name>
         <value>0x23bd</value>
         <object_component_ref idref="oc-b9"/>
      </symbol>
      <symbol id="sm-2e6">
         <name>ucQueueGetQueueType</name>
         <value>0x2401</value>
         <object_component_ref idref="oc-b9"/>
      </symbol>
      <symbol id="sm-4e2">
         <name>vTaskDelay</name>
         <value>0x437</value>
         <object_component_ref idref="oc-98"/>
      </symbol>
      <symbol id="sm-4e3">
         <name>vTaskSuspendAll</name>
         <value>0x911</value>
         <object_component_ref idref="oc-98"/>
      </symbol>
      <symbol id="sm-4e4">
         <name>vTaskPriorityInherit</name>
         <value>0x1275</value>
         <object_component_ref idref="oc-98"/>
      </symbol>
      <symbol id="sm-4e5">
         <name>vTaskPlaceOnEventList</name>
         <value>0xd23</value>
         <object_component_ref idref="oc-98"/>
      </symbol>
      <symbol id="sm-4e6">
         <name>vTaskSetTaskNumber</name>
         <value>0x100d</value>
         <object_component_ref idref="oc-98"/>
      </symbol>
      <symbol id="sm-4e7">
         <name>uxTaskPriorityGetFromISR</name>
         <value>0x541</value>
         <object_component_ref idref="oc-98"/>
      </symbol>
      <symbol id="sm-4e8">
         <name>ulTaskNotifyTake</name>
         <value>0x1451</value>
         <object_component_ref idref="oc-98"/>
      </symbol>
      <symbol id="sm-4e9">
         <name>pcTaskGetName</name>
         <value>0xa55</value>
         <object_component_ref idref="oc-98"/>
      </symbol>
      <symbol id="sm-4ea">
         <name>xTaskCheckForTimeOut</name>
         <value>0xf43</value>
         <object_component_ref idref="oc-98"/>
      </symbol>
      <symbol id="sm-4eb">
         <name>xTaskRemoveFromUnorderedEventList</name>
         <value>0xe5d</value>
         <object_component_ref idref="oc-98"/>
      </symbol>
      <symbol id="sm-4ec">
         <name>vTaskPrioritySet</name>
         <value>0x599</value>
         <object_component_ref idref="oc-98"/>
      </symbol>
      <symbol id="sm-4ed">
         <name>xTaskPriorityDisinherit</name>
         <value>0x133d</value>
         <object_component_ref idref="oc-98"/>
      </symbol>
      <symbol id="sm-4ee">
         <name>vTaskStartScheduler</name>
         <value>0x889</value>
         <object_component_ref idref="oc-98"/>
      </symbol>
      <symbol id="sm-4ef">
         <name>xTaskNotifyStateClear</name>
         <value>0x18c1</value>
         <object_component_ref idref="oc-98"/>
      </symbol>
      <symbol id="sm-4f0">
         <name>pvTaskIncrementMutexHeldCount</name>
         <value>0x1439</value>
         <object_component_ref idref="oc-98"/>
      </symbol>
      <symbol id="sm-4f1">
         <name>xTaskGenericNotify</name>
         <value>0x157d</value>
         <object_component_ref idref="oc-98"/>
      </symbol>
      <symbol id="sm-4f2">
         <name>xTaskCreate</name>
         <value>0x145</value>
         <object_component_ref idref="oc-98"/>
      </symbol>
      <symbol id="sm-4f3">
         <name>vTaskDelayUntil</name>
         <value>0x35d</value>
         <object_component_ref idref="oc-98"/>
      </symbol>
      <symbol id="sm-4f4">
         <name>uxTaskGetTaskNumber</name>
         <value>0xfed</value>
         <object_component_ref idref="oc-98"/>
      </symbol>
      <symbol id="sm-4f5">
         <name>vTaskEndScheduler</name>
         <value>0x8f5</value>
         <object_component_ref idref="oc-98"/>
      </symbol>
      <symbol id="sm-4f6">
         <name>xTaskNotifyWait</name>
         <value>0x14cd</value>
         <object_component_ref idref="oc-98"/>
      </symbol>
      <symbol id="sm-4f7">
         <name>vTaskMissedYield</name>
         <value>0xfe5</value>
         <object_component_ref idref="oc-98"/>
      </symbol>
      <symbol id="sm-4f8">
         <name>uxTaskGetNumberOfTasks</name>
         <value>0xa4b</value>
         <object_component_ref idref="oc-98"/>
      </symbol>
      <symbol id="sm-4f9">
         <name>xTaskGenericNotifyFromISR</name>
         <value>0x1699</value>
         <object_component_ref idref="oc-98"/>
      </symbol>
      <symbol id="sm-4fa">
         <name>vTaskGetInfo</name>
         <value>0x10a1</value>
         <object_component_ref idref="oc-98"/>
      </symbol>
      <symbol id="sm-4fb">
         <name>uxTaskPriorityGet</name>
         <value>0x511</value>
         <object_component_ref idref="oc-98"/>
      </symbol>
      <symbol id="sm-4fc">
         <name>xTaskResumeAll</name>
         <value>0x929</value>
         <object_component_ref idref="oc-98"/>
      </symbol>
      <symbol id="sm-4fd">
         <name>xTaskGetTickCount</name>
         <value>0xa27</value>
         <object_component_ref idref="oc-98"/>
      </symbol>
      <symbol id="sm-4fe">
         <name>uxTaskGetSystemState</name>
         <value>0xa99</value>
         <object_component_ref idref="oc-98"/>
      </symbol>
      <symbol id="sm-4ff">
         <name>pxCurrentTCB</name>
         <value>0x2000c8ec</value>
         <object_component_ref idref="oc-92"/>
      </symbol>
      <symbol id="sm-500">
         <name>vTaskNotifyGiveFromISR</name>
         <value>0x17d7</value>
         <object_component_ref idref="oc-98"/>
      </symbol>
      <symbol id="sm-501">
         <name>eTaskGetState</name>
         <value>0x489</value>
         <object_component_ref idref="oc-98"/>
      </symbol>
      <symbol id="sm-502">
         <name>vTaskSuspend</name>
         <value>0x6cd</value>
         <object_component_ref idref="oc-98"/>
      </symbol>
      <symbol id="sm-503">
         <name>xTaskGetTickCountFromISR</name>
         <value>0xa37</value>
         <object_component_ref idref="oc-98"/>
      </symbol>
      <symbol id="sm-504">
         <name>vTaskResume</name>
         <value>0x7f7</value>
         <object_component_ref idref="oc-98"/>
      </symbol>
      <symbol id="sm-505">
         <name>vTaskSetTimeOutState</name>
         <value>0xf15</value>
         <object_component_ref idref="oc-98"/>
      </symbol>
      <symbol id="sm-506">
         <name>xTaskIncrementTick</name>
         <value>0xb6d</value>
         <object_component_ref idref="oc-98"/>
      </symbol>
      <symbol id="sm-507">
         <name>vTaskSwitchContext</name>
         <value>0xc9d</value>
         <object_component_ref idref="oc-98"/>
      </symbol>
      <symbol id="sm-508">
         <name>uxTaskResetEventItemValue</name>
         <value>0x1417</value>
         <object_component_ref idref="oc-98"/>
      </symbol>
      <symbol id="sm-509">
         <name>xTaskGetCurrentTaskHandle</name>
         <value>0x124f</value>
         <object_component_ref idref="oc-98"/>
      </symbol>
      <symbol id="sm-50a">
         <name>vTaskPlaceOnUnorderedEventList</name>
         <value>0xd5d</value>
         <object_component_ref idref="oc-98"/>
      </symbol>
      <symbol id="sm-50b">
         <name>xTaskRemoveFromEventList</name>
         <value>0xdc1</value>
         <object_component_ref idref="oc-98"/>
      </symbol>
      <symbol id="sm-5bc">
         <name>CS_getMCLK</name>
         <value>0x3b31</value>
         <object_component_ref idref="oc-9f"/>
      </symbol>
      <symbol id="sm-5bd">
         <name>CS_clearInterruptFlag</name>
         <value>0x3ac9</value>
         <object_component_ref idref="oc-1de"/>
      </symbol>
      <symbol id="sm-5be">
         <name>CS_setDCOFrequency</name>
         <value>0x31c1</value>
         <object_component_ref idref="oc-bf"/>
      </symbol>
      <symbol id="sm-5bf">
         <name>CS_getDCOFrequency</name>
         <value>0x3439</value>
         <object_component_ref idref="oc-1d8"/>
      </symbol>
      <symbol id="sm-5c0">
         <name>CS_setDCOCenteredFrequency</name>
         <value>0x3aed</value>
         <object_component_ref idref="oc-15e"/>
      </symbol>
      <symbol id="sm-5c1">
         <name>CS_tuneDCOFrequency</name>
         <value>0x389d</value>
         <object_component_ref idref="oc-16a"/>
      </symbol>
      <symbol id="sm-5d7">
         <name>SysCtl_getTLVInfo</name>
         <value>0x3999</value>
         <object_component_ref idref="oc-164"/>
      </symbol>
      <symbol id="sm-5e9">
         <name>_c_int00</name>
         <value>0x38f1</value>
         <object_component_ref idref="oc-25"/>
      </symbol>
      <symbol id="sm-5ea">
         <name>__stack</name>
         <value>0x2000fe00</value>
         <object_component_ref idref="oc-2b"/>
      </symbol>
      <symbol id="sm-608">
         <name>__TI_decompress_lzss</name>
         <value>0x3835</value>
         <object_component_ref idref="oc-13"/>
      </symbol>
      <symbol id="sm-61f">
         <name>__TI_decompress_none</name>
         <value>0x3b75</value>
         <object_component_ref idref="oc-19"/>
      </symbol>
      <symbol id="sm-636">
         <name>__TI_zero_init</name>
         <value>0x3b83</value>
         <object_component_ref idref="oc-1f"/>
      </symbol>
      <symbol id="sm-657">
         <name>C$$EXIT</name>
         <value>0x3945</value>
         <object_component_ref idref="oc-81"/>
      </symbol>
      <symbol id="sm-658">
         <name>abort</name>
         <value>0x3949</value>
         <object_component_ref idref="oc-81"/>
      </symbol>
      <symbol id="sm-659">
         <name>exit</name>
         <value>0x3951</value>
         <object_component_ref idref="oc-81"/>
      </symbol>
      <symbol id="sm-65a">
         <name>__TI_dtors_ptr</name>
         <value>0x2000c920</value>
         <object_component_ref idref="oc-105"/>
      </symbol>
      <symbol id="sm-65b">
         <name>__TI_cleanup_ptr</name>
         <value>0x2000c91c</value>
         <object_component_ref idref="oc-105"/>
      </symbol>
      <symbol id="sm-65c">
         <name>__TI_enable_exit_profile_output</name>
         <value>0x2000c924</value>
         <object_component_ref idref="oc-105"/>
      </symbol>
      <symbol id="sm-677">
         <name>memcpy</name>
         <value>0x36ad</value>
         <object_component_ref idref="oc-51"/>
      </symbol>
      <symbol id="sm-678">
         <name>__aeabi_memcpy</name>
         <value>0x36ad</value>
         <object_component_ref idref="oc-51"/>
      </symbol>
      <symbol id="sm-679">
         <name>__aeabi_memcpy8</name>
         <value>0x36ad</value>
         <object_component_ref idref="oc-51"/>
      </symbol>
      <symbol id="sm-67a">
         <name>__aeabi_memcpy4</name>
         <value>0x36ad</value>
         <object_component_ref idref="oc-51"/>
      </symbol>
      <symbol id="sm-689">
         <name>__aeabi_memset</name>
         <value>0x374b</value>
         <object_component_ref idref="oc-5d"/>
      </symbol>
      <symbol id="sm-68a">
         <name>memset</name>
         <value>0x3751</value>
         <object_component_ref idref="oc-5d"/>
      </symbol>
      <symbol id="sm-68b">
         <name>__aeabi_memset8</name>
         <value>0x374b</value>
         <object_component_ref idref="oc-5d"/>
      </symbol>
      <symbol id="sm-68c">
         <name>__aeabi_memset4</name>
         <value>0x374b</value>
         <object_component_ref idref="oc-5d"/>
      </symbol>
      <symbol id="sm-68d">
         <name>__aeabi_memclr8</name>
         <value>0x3749</value>
         <object_component_ref idref="oc-5d"/>
      </symbol>
      <symbol id="sm-68e">
         <name>__aeabi_memclr4</name>
         <value>0x3749</value>
         <object_component_ref idref="oc-5d"/>
      </symbol>
      <symbol id="sm-68f">
         <name>__aeabi_memclr</name>
         <value>0x3749</value>
         <object_component_ref idref="oc-5d"/>
      </symbol>
      <symbol id="sm-699">
         <name>__mpu_init</name>
         <value>0x3437</value>
         <object_component_ref idref="oc-69"/>
      </symbol>
      <symbol id="sm-6a3">
         <name>_system_pre_init</name>
         <value>0x3b8f</value>
         <object_component_ref idref="oc-6f"/>
      </symbol>
      <symbol id="sm-6ab">
         <name>main_func_sp</name>
         <value>0x2000c944</value>
         <object_component_ref idref="oc-87"/>
      </symbol>
      <symbol id="sm-6c4">
         <name>_nop</name>
         <value>0x3b6f</value>
         <object_component_ref idref="oc-199"/>
      </symbol>
      <symbol id="sm-6c5">
         <name>_lock</name>
         <value>0x2000c934</value>
         <object_component_ref idref="oc-108"/>
      </symbol>
      <symbol id="sm-6c6">
         <name>_unlock</name>
         <value>0x2000c938</value>
         <object_component_ref idref="oc-108"/>
      </symbol>
      <symbol id="sm-6c7">
         <name>_register_lock</name>
         <value>0x3b67</value>
         <object_component_ref idref="oc-199"/>
      </symbol>
      <symbol id="sm-6c8">
         <name>_register_unlock</name>
         <value>0x3b61</value>
         <object_component_ref idref="oc-199"/>
      </symbol>
      <symbol id="sm-6dc">
         <name>_args_main</name>
         <value>0x3b49</value>
         <object_component_ref idref="oc-7b"/>
      </symbol>
      <symbol id="sm-706">
         <name>__TI_auto_init</name>
         <value>0x37c5</value>
         <object_component_ref idref="oc-75"/>
      </symbol>
      <symbol id="sm-720">
         <name>copy_in</name>
         <value>0x3a35</value>
         <object_component_ref idref="oc-f5"/>
      </symbol>
      <symbol id="sm-72a">
         <name>_system_post_cinit</name>
         <value>0x360f</value>
         <object_component_ref idref="oc-fb"/>
      </symbol>
      <symbol id="sm-72b">
         <name>__TI_static_base__</name>
         <value>0x0</value>
      </symbol>
      <symbol id="sm-72e">
         <name>SHT$$INIT_ARRAY$$Limit</name>
         <value>0x0</value>
      </symbol>
      <symbol id="sm-72f">
         <name>SHT$$INIT_ARRAY$$Base</name>
         <value>0x0</value>
      </symbol>
   </symbol_table>
   <title>Link successful</title>
</link_info>
