******************************************************************************
                  TI ARM Linker Unix v16.9.4                   
******************************************************************************
>> Linked Fri Oct 13 11:36:07 2017

OUTPUT FILE NAME:   <PAC1.out>
ENTRY POINT SYMBOL: "_c_int00"  address: 00003a4d


MEMORY CONFIGURATION

         name            origin    length      used     unused   attr    fill
----------------------  --------  ---------  --------  --------  ----  --------
  MAIN                  00000000   00040000  00003d80  0003c280  R  X
  INFO                  00200000   00004000  00000000  00004000  R  X
  SRAM_CODE             01000000   00010000  00000348  0000fcb8  RW X
  SRAM_DATA             20000000   00010000  00000348  0000fcb8  RW  


SEGMENT ALLOCATION MAP

run origin  load origin   length   init length attrs members
----------  ----------- ---------- ----------- ----- -------
00000000    00000000    00003d80   00003d80    r-x
  00000000    00000000    000000e4   000000e4    r-- .intvecs
  000000e4    000000e4    00003af4   00003af4    r-x .text
  00003bd8    00003bd8    00000130   00000130    r-- .const
  00003d08    00003d08    00000078   00000078    r-- .cinit
20000000    20000000    00000148   00000000    rw-
  20000000    20000000    000000e4   00000000    rw- .vtable
  200000e4    200000e4    0000005c   00000000    rw- .data
  20000140    20000140    00000008   00000000    rw- .bss
2000fe00    2000fe00    00000200   00000000    rw-
  2000fe00    2000fe00    00000200   00000000    rw- .stack


SECTION ALLOCATION MAP

 output                                  attributes/
section   page    origin      length       input sections
--------  ----  ----------  ----------   ----------------
.intvecs   0    00000000    000000e4     
                  00000000    000000e4     startup_msp432p401r_ccs.obj (.intvecs:retain)

.text      0    000000e4    00003af4     
                  000000e4    00000d7c     cs.obj (.text)
                  00000e60    00000838     pcm.obj (.text)
                  00001698    00000798     timer_a.obj (.text)
                  00001e30    00000508     rtc_c.obj (.text)
                  00002338    00000480     gpio.obj (.text)
                  000027b8    0000041c     uart.obj (.text)
                  00002bd4    000003f0     interrupt.obj (.text)
                  00002fc4    0000032c     system_msp432p401r.obj (.text)
                  000032f0    00000250     main.obj (.text)
                  00003540    00000244     sysctl.obj (.text)
                  00003784    000000d8     wdt_a.obj (.text)
                  0000385c    0000009c     rtsv7M4_T_le_v4SPD16_eabi.lib : memcpy_t2.obj (.text)
                  000038f8    0000007a                                   : memset_t2.obj (.text)
                  00003972    00000002                                   : mpu_init.obj (.text)
                  00003974    00000070                                   : autoinit.obj (.text)
                  000039e4    00000068                                   : copy_decompress_lzss.obj (.text:decompress:lzss)
                  00003a4c    00000054                                   : boot.obj (.text)
                  00003aa0    00000054                                   : exit.obj (.text)
                  00003af4    0000004c                                   : cpy_tbl.obj (.text)
                  00003b40    0000003e     cpu.obj (.text)
                  00003b7e    00000002     rtsv7M4_T_le_v4SPD16_eabi.lib : startup.obj (.text)
                  00003b80    00000018                                   : args_main.obj (.text)
                  00003b98    00000014                                   : _lock.obj (.text)
                  00003bac    0000000e                                   : copy_decompress_none.obj (.text:decompress:none)
                  00003bba    0000000e     startup_msp432p401r_ccs.obj (.text)
                  00003bc8    0000000c     rtsv7M4_T_le_v4SPD16_eabi.lib : copy_zero_init.obj (.text:decompress:ZI)
                  00003bd4    00000004                                   : pre_init.obj (.text)

.const     0    00003bd8    00000130     
                  00003bd8    00000050     interrupt.obj (.const:g_pulRegs)
                  00003c28    00000024     main.obj (.const:uartConfig)
                  00003c4c    00000020     interrupt.obj (.const:g_pulPriority)
                  00003c6c    0000001c     gpio.obj (.const:GPIO_PORT_TO_INT)
                  00003c88    00000018     main.obj (.const:upConfig)
                  00003ca0    00000018     main.obj (.const:upConfigDebounce)
                  00003cb8    00000018     main.obj (.const:upConfigTimer2)
                  00003cd0    00000018     main.obj (.const:upConfigTimer3)
                  00003ce8    00000008     interrupt.obj (.const:g_pulDisRegs)
                  00003cf0    00000008     interrupt.obj (.const:g_pulEnRegs)
                  00003cf8    00000008     interrupt.obj (.const:g_pulPendRegs)
                  00003d00    00000008     interrupt.obj (.const:g_pulUnpendRegs)

.cinit     0    00003d08    00000078     
                  00003d08    0000003e     (.cinit..data.load) [load image, compression = lzss]
                  00003d46    00000002     --HOLE-- [fill = 0]
                  00003d48    0000000c     (__TI_handler_table)
                  00003d54    00000004     --HOLE-- [fill = 0]
                  00003d58    00000008     (.cinit..bss.load) [load image, compression = zero_init]
                  00003d60    00000008     (.cinit..vtable.load) [load image, compression = zero_init]
                  00003d68    00000018     (__TI_cinit_table)

.init_array 
*          0    00000000    00000000     UNINITIALIZED

.binit     0    00000000    00000000     

.vtable    0    20000000    000000e4     UNINITIALIZED
                  20000000    000000e4     interrupt.obj (.vtable)

.data      0    200000e4    0000005c     UNINITIALIZED
                  200000e4    00000030     gpio.obj (.data:GPIO_PORT_TO_BASE)
                  20000114    00000010     main.obj (.data)
                  20000124    0000000c     rtsv7M4_T_le_v4SPD16_eabi.lib : exit.obj (.data:$O1$$)
                  20000130    00000008                                   : _lock.obj (.data:$O1$$)
                  20000138    00000004                                   : stkdepth_vars.obj (.data)
                  2000013c    00000004     system_msp432p401r.obj (.data)

.bss       0    20000140    00000008     UNINITIALIZED
                  20000140    00000008     cs.obj (.bss)

.stack     0    2000fe00    00000200     UNINITIALIZED
                  2000fe00    00000200     --HOLE--

MODULE SUMMARY

       Module                        code    ro data   rw data
       ------                        ----    -------   -------
    ./
       system_msp432p401r.obj        812     0         8      
       main.obj                      592     132       32     
       startup_msp432p401r_ccs.obj   14      228       0      
    +--+-----------------------------+-------+---------+---------+
       Total:                        1418    360       40     
                                                              
    ./msp432/
       cs.obj                        3452    0         16     
       pcm.obj                       2104    0         0      
       timer_a.obj                   1944    0         0      
       interrupt.obj                 1008    144       456    
       rtc_c.obj                     1288    0         0      
       gpio.obj                      1152    28        96     
       uart.obj                      1052    0         0      
       sysctl.obj                    580     0         0      
       wdt_a.obj                     216     0         0      
       cpu.obj                       62      0         0      
    +--+-----------------------------+-------+---------+---------+
       Total:                        12858   172       568    
                                                              
    /opt/ti/ccsv7/tools/compiler/ti-cgt-arm_16.9.4.LTS/lib/rtsv7M4_T_le_v4SPD16_eabi.lib
       memcpy_t2.obj                 156     0         0      
       memset_t2.obj                 122     0         0      
       autoinit.obj                  112     0         0      
       exit.obj                      84      0         24     
       copy_decompress_lzss.obj      104     0         0      
       boot.obj                      84      0         0      
       cpy_tbl.obj                   76      0         0      
       _lock.obj                     20      0         16     
       args_main.obj                 24      0         0      
       copy_decompress_none.obj      14      0         0      
       copy_zero_init.obj            12      0         0      
       stkdepth_vars.obj             0       0         8      
       pre_init.obj                  4       0         0      
       mpu_init.obj                  2       0         0      
       startup.obj                   2       0         0      
    +--+-----------------------------+-------+---------+---------+
       Total:                        816     0         48     
                                                              
       Stack:                        0       0         1024   
       Linker Generated:             0       114       0      
    +--+-----------------------------+-------+---------+---------+
       Grand Total:                  15092   646       1680   


LINKER GENERATED COPY TABLES

__TI_cinit_table @ 00003d68 records: 3, size/record: 8, table size: 24
	.data: load addr=00003d08, load size=0000003e bytes, run addr=200000e4, run size=0000005c bytes, compression=lzss
	.bss: load addr=00003d58, load size=00000008 bytes, run addr=20000140, run size=00000008 bytes, compression=zero_init
	.vtable: load addr=00003d60, load size=00000008 bytes, run addr=20000000, run size=000000e4 bytes, compression=zero_init


LINKER GENERATED HANDLER TABLE

__TI_handler_table @ 00003d48 records: 3, size/record: 4, table size: 12
	index: 0, handler: __TI_zero_init
	index: 1, handler: __TI_decompress_lzss
	index: 2, handler: __TI_decompress_none


GLOBAL SYMBOLS: SORTED ALPHABETICALLY BY Name 

address   name                                           
-------   ----                                           
00003bc7  ADC14_IRQHandler                               
00003bc7  AES256_IRQHandler                              
00003bc7  BusFault_Handler                               
00003aa1  C$$EXIT                                        
00003bc7  COMP_E0_IRQHandler                             
00003bc7  COMP_E1_IRQHandler                             
00003b75  CPU_basepriGet                                 
00003b67  CPU_basepriSet                                 
00003b41  CPU_cpsid                                      
00003b57  CPU_cpsie                                      
00003b4d  CPU_primask                                    
00003b63  CPU_wfi                                        
00003bc7  CS_IRQHandler                                  
00000de5  CS_clearInterruptFlag                          
0000068d  CS_disableClockRequest                         
00000773  CS_disableDCOExternalResistor                  
00000cb9  CS_disableFaultCounter                         
00000da3  CS_disableInterrupt                            
00000665  CS_enableClockRequest                          
000006d5  CS_enableDCOExternalResistor                   
00000c8d  CS_enableFaultCounter                          
00000d81  CS_enableInterrupt                             
00000c25  CS_getACLK                                     
00000be5  CS_getBCLK                                     
0000086d  CS_getDCOFrequency                             
00000dcb  CS_getEnabledInterruptStatus                   
00000c01  CS_getHSMCLK                                   
00000dc5  CS_getInterruptStatus                          
00000c6b  CS_getMCLK                                     
00000c49  CS_getSMCLK                                    
00000385  CS_initClockSignal                             
00000e07  CS_registerInterrupt                           
00000ce5  CS_resetFaultCounter                           
00000791  CS_setDCOCenteredFrequency                     
000006fd  CS_setDCOExternalResistorCalibration           
00000a0d  CS_setDCOFrequency                             
00000349  CS_setExternalClockSourceFrequency             
000006af  CS_setReferenceOscillatorFrequency             
00000d31  CS_startFaultCounter                           
00000489  CS_startHFXT                                   
000004ad  CS_startHFXTWithTimeout                        
00000571  CS_startLFXT                                   
00000595  CS_startLFXTWithTimeout                        
000007c9  CS_tuneDCOFrequency                            
00000e1b  CS_unregisterInterrupt                         
00003bc7  DMA_ERR_IRQHandler                             
00003bc7  DMA_INT0_IRQHandler                            
00003bc7  DMA_INT1_IRQHandler                            
00003bc7  DMA_INT2_IRQHandler                            
00003bc7  DMA_INT3_IRQHandler                            
00003bc7  DebugMon_Handler                               
00003bc7  Default_Handler                                
00003bc7  EUSCIA0_IRQHandler                             
00003bc7  EUSCIA1_IRQHandler                             
00003bc7  EUSCIA2_IRQHandler                             
00003bc7  EUSCIA3_IRQHandler                             
00003bc7  EUSCIB0_IRQHandler                             
00003bc7  EUSCIB1_IRQHandler                             
00003bc7  EUSCIB2_IRQHandler                             
00003bc7  EUSCIB3_IRQHandler                             
00003bc7  FLCTL_IRQHandler                               
00003bc7  FPU_IRQHandler                                 
0000265b  GPIO_clearInterruptFlag                        
0000261b  GPIO_disableInterrupt                          
000025f9  GPIO_enableInterrupt                           
000026b3  GPIO_getEnabledInterruptStatus                 
000025cb  GPIO_getInputPinValue                          
0000263d  GPIO_getInterruptStatus                        
0000267d  GPIO_interruptEdgeSelect                       
00002773  GPIO_registerInterrupt                         
00002373  GPIO_setAsInputPin                             
00002527  GPIO_setAsInputPinWithPullDownResistor         
00002579  GPIO_setAsInputPinWithPullUpResistor           
00002339  GPIO_setAsOutputPin                            
0000243d  GPIO_setAsPeripheralModuleFunctionInputPin     
000023b9  GPIO_setAsPeripheralModuleFunctionOutputPin    
0000272f  GPIO_setDriveStrengthHigh                      
00002751  GPIO_setDriveStrengthLow                       
000024c1  GPIO_setOutputHighOnPin                        
000024e3  GPIO_setOutputLowOnPin                         
00002505  GPIO_toggleOutputOnPin                         
00002793  GPIO_unregisterInterrupt                       
00003bc7  HardFault_Handler                              
00002d97  Interrupt_disableInterrupt                     
00002be7  Interrupt_disableMaster                        
00002f95  Interrupt_disableSleepOnIsrExit                
00002d25  Interrupt_enableInterrupt                      
00002bd7  Interrupt_enableMaster                         
00002f83  Interrupt_enableSleepOnIsrExit                 
00002cff  Interrupt_getPriority                          
00002c77  Interrupt_getPriorityGrouping                  
00002f63  Interrupt_getPriorityMask                      
00002f7d  Interrupt_getVectorTableAddress                
00002e09  Interrupt_isEnabled                            
00002e95  Interrupt_pendInterrupt                        
00002bf7  Interrupt_registerInterrupt                    
00002caf  Interrupt_setPriority                          
00002c5d  Interrupt_setPriorityGrouping                  
00002f53  Interrupt_setPriorityMask                      
00002f6d  Interrupt_setVectorTableAddress                
00002f05  Interrupt_unpendInterrupt                      
00002c49  Interrupt_unregisterInterrupt                  
00003bc7  MemManage_Handler                              
00003bc7  NMI_Handler                                    
00003bc7  PCM_IRQHandler                                 
0000163b  PCM_clearInterruptFlag                         
00001611  PCM_disableInterrupt                           
000015e9  PCM_disableRudeMode                            
000015fd  PCM_enableInterrupt                            
000015d7  PCM_enableRudeMode                             
00000fe3  PCM_getCoreVoltageLevel                        
0000162b  PCM_getEnabledInterruptStatus                  
00001625  PCM_getInterruptStatus                         
00000f89  PCM_getPowerMode                               
000015cb  PCM_getPowerState                              
000014fd  PCM_gotoLPM0                                   
0000151b  PCM_gotoLPM0InterruptSafe                      
00001537  PCM_gotoLPM3                                   
000015af  PCM_gotoLPM3InterruptSafe                      
000014d1  PCM_gotoLPM4                                   
000014e1  PCM_gotoLPM4InterruptSafe                      
0000164f  PCM_registerInterrupt                          
00000f57  PCM_setCoreVoltageLevel                        
00000f79  PCM_setCoreVoltageLevelNonBlocking             
00000f67  PCM_setCoreVoltageLevelWithTimeout             
00001189  PCM_setPowerMode                               
00001199  PCM_setPowerModeNonBlocking                    
000011a9  PCM_setPowerModeWithTimeout                    
0000145b  PCM_setPowerState                              
0000147d  PCM_setPowerStateNonBlocking                   
0000146b  PCM_setPowerStateWithTimeout                   
0000148d  PCM_shutdownDevice                             
00001663  PCM_unregisterInterrupt                        
000033f3  PORT1_IRQHandler                               
000033f3  PORT1_IRQHandler                               
00003bc7  PORT2_IRQHandler                               
00003bc7  PORT3_IRQHandler                               
00003bc7  PORT4_IRQHandler                               
00003bc7  PORT5_IRQHandler                               
00003bc7  PORT6_IRQHandler                               
00003bc7  PSS_IRQHandler                                 
00003bc7  PendSV_Handler                                 
00003bc7  RTC_C_IRQHandler                               
0000228d  RTC_C_clearInterruptFlag                       
000020d7  RTC_C_convertBCDToBinary                       
000020ef  RTC_C_convertBinaryToBCD                       
00002033  RTC_C_definePrescaleEvent                      
0000215d  RTC_C_disableInterrupt                         
00002107  RTC_C_enableInterrupt                          
00001f65  RTC_C_getCalendarTime                          
0000222d  RTC_C_getEnabledInterruptStatus                
000021c5  RTC_C_getInterruptStatus                       
0000205b  RTC_C_getPrescaleValue                         
00001e4f  RTC_C_holdClock                                
00001ef3  RTC_C_initCalendar                             
000022d3  RTC_C_registerInterrupt                        
00001fcb  RTC_C_setCalendarAlarm                         
00002003  RTC_C_setCalendarEvent                         
00001e9d  RTC_C_setCalibrationData                       
00001e6d  RTC_C_setCalibrationFrequency                  
00002087  RTC_C_setPrescaleValue                         
00001ec9  RTC_C_setTemperatureCompensation               
00001e31  RTC_C_startClock                               
000022f1  RTC_C_unregisterInterrupt                      
00003bbb  Reset_Handler                                  
20000114  S1Debounce                                     
20000118  S2Debounce                                     
UNDEFED   SHT$$INIT_ARRAY$$Base                          
UNDEFED   SHT$$INIT_ARRAY$$Limit                         
00003bc7  SVC_Handler                                    
00003733  SysCtl_disableGlitchFilter                     
000035c3  SysCtl_disableNMISource                        
000036cb  SysCtl_disablePeripheralAtCPUHalt              
0000360d  SysCtl_disableSRAMBank                         
00003691  SysCtl_disableSRAMBankRetention                
00003727  SysCtl_enableGlitchFilter                      
000035d7  SysCtl_enableNMISource                         
000036b7  SysCtl_enablePeripheralAtCPUHalt               
000035f1  SysCtl_enableSRAMBank                          
00003675  SysCtl_enableSRAMBankRetention                 
000035bd  SysCtl_getFlashSize                            
000035eb  SysCtl_getNMISourceStatus                      
000035b7  SysCtl_getSRAMSize                             
00003541  SysCtl_getTLVInfo                              
0000373f  SysCtl_getTempCalibrationConstant              
000036ad  SysCtl_rebootDevice                            
00003703  SysCtl_setWDTPasswordViolationResetType        
000036df  SysCtl_setWDTTimeoutResetType                  
00003bc7  SysTick_Handler                                
2000013c  SystemCoreClock                                
00002fc5  SystemCoreClockUpdate                          
00003239  SystemInit                                     
00003bc7  T32_INT1_IRQHandler                            
00003bc7  T32_INT2_IRQHandler                            
00003bc7  T32_INTC_IRQHandler                            
0000339f  TA0_0_IRQHandler                               
0000339f  TA0_0_IRQHandler                               
00003bc7  TA0_N_IRQHandler                               
000033b5  TA1_0_IRQHandler                               
000033b5  TA1_0_IRQHandler                               
00003bc7  TA1_N_IRQHandler                               
00003487  TA2_0_IRQHandler                               
00003487  TA2_0_IRQHandler                               
00003bc7  TA2_N_IRQHandler                               
000034c7  TA3_0_IRQHandler                               
000034c7  TA3_0_IRQHandler                               
00003bc7  TA3_N_IRQHandler                               
00001b63  Timer_A_clearCaptureCompareInterrupt           
00001b4d  Timer_A_clearInterruptFlag                     
000019cb  Timer_A_clearTimer                             
000017f3  Timer_A_configureContinuousMode                
00001881  Timer_A_configureUpDownMode                    
00001823  Timer_A_configureUpMode                        
00001bf1  Timer_A_disableCaptureCompareInterrupt         
00001b9f  Timer_A_disableInterrupt                       
00001bc5  Timer_A_enableCaptureCompareInterrupt          
00001b8b  Timer_A_enableInterrupt                        
00001a97  Timer_A_generatePWM                            
00001a3d  Timer_A_getCaptureCompareCount                 
00001c59  Timer_A_getCaptureCompareEnabledInterruptStatus
00001c19  Timer_A_getCaptureCompareInterruptStatus       
0000197f  Timer_A_getCounterValue                        
00001c41  Timer_A_getEnabledInterruptStatus              
00001bb3  Timer_A_getInterruptStatus                     
00001a0f  Timer_A_getOutputForOutputModeOutBitValue      
000019df  Timer_A_getSynchronizedCaptureCompareInput     
000018df  Timer_A_initCapture                            
00001931  Timer_A_initCompare                            
00001c95  Timer_A_registerInterrupt                      
00001b1f  Timer_A_setCompareValue                        
00001a5f  Timer_A_setOutputForOutputModeOutBitValue      
000017dd  Timer_A_startCounter                           
00001b0b  Timer_A_stopTimer                              
00001d67  Timer_A_unregisterInterrupt                    
00002acd  UART_clearInterruptFlag                        
00002a25  UART_disableInterrupt                          
00002907  UART_disableModule                             
000029f5  UART_enableInterrupt                           
000028f1  UART_enableModule                              
00002a71  UART_getEnabledInterruptStatus                 
00002a55  UART_getInterruptStatus                        
000029bd  UART_getReceiveBufferAddressForDMA             
000029cb  UART_getTransmitBufferAddressForDMA            
000027b9  UART_initModule                                
0000291d  UART_queryStatusFlags                          
000028cb  UART_receiveData                               
00002aed  UART_registerInterrupt                         
00002945  UART_resetDormant                              
000029d9  UART_selectDeglitchTime                        
00002931  UART_setDormant                                
00002959  UART_transmitAddress                           
00002977  UART_transmitBreak                             
000028a1  UART_transmitData                              
00002b69  UART_unregisterInterrupt                       
00003bc7  UsageFault_Handler                             
4000480c  WDTCTL_SYM                                     
00003bc7  WDT_A_IRQHandler                               
000037c5  WDT_A_clearTimer                               
00003785  WDT_A_holdTimer                                
00003801  WDT_A_initIntervalTimer                        
000037e5  WDT_A_initWatchdogTimer                        
00003835  WDT_A_registerInterrupt                        
0000381d  WDT_A_setPasswordViolationReset                
00003829  WDT_A_setTimeoutReset                          
000037a5  WDT_A_startTimer                               
00003849  WDT_A_unregisterInterrupt                      
20010000  __STACK_END                                    
00000200  __STACK_SIZE                                   
00003d68  __TI_CINIT_Base                                
00003d80  __TI_CINIT_Limit                               
00003d48  __TI_Handler_Table_Base                        
00003d54  __TI_Handler_Table_Limit                       
00003975  __TI_auto_init                                 
20000124  __TI_cleanup_ptr                               
000039e5  __TI_decompress_lzss                           
00003bad  __TI_decompress_none                           
20000128  __TI_dtors_ptr                                 
2000012c  __TI_enable_exit_profile_output                
ffffffff  __TI_pprof_out_hndl                            
ffffffff  __TI_prof_data_size                            
ffffffff  __TI_prof_data_start                           
00000000  __TI_static_base__                             
00003bc9  __TI_zero_init                                 
000038f9  __aeabi_memclr                                 
000038f9  __aeabi_memclr4                                
000038f9  __aeabi_memclr8                                
0000385d  __aeabi_memcpy                                 
0000385d  __aeabi_memcpy4                                
0000385d  __aeabi_memcpy8                                
000038fb  __aeabi_memset                                 
000038fb  __aeabi_memset4                                
000038fb  __aeabi_memset8                                
ffffffff  __binit__                                      
ffffffff  __c_args__                                     
00003973  __mpu_init                                     
2000fe00  __stack                                        
00003b81  _args_main                                     
00003a4d  _c_int00                                       
20000130  _lock                                          
00003ba7  _nop                                           
00003b9f  _register_lock                                 
00003b99  _register_unlock                               
00003b7f  _system_post_cinit                             
00003bd5  _system_pre_init                               
20000134  _unlock                                        
00003aa5  abort                                          
ffffffff  binit                                          
00003af5  copy_in                                        
2000011c  countT2                                        
20000120  countT3                                        
00003aad  exit                                           
20000000  g_pfnRAMVectors                                
00000000  interruptVectors                               
000032f1  main                                           
20000138  main_func_sp                                   
0000385d  memcpy                                         
00003901  memset                                         
00003c28  uartConfig                                     
00003c88  upConfig                                       
00003ca0  upConfigDebounce                               
00003cb8  upConfigTimer2                                 
00003cd0  upConfigTimer3                                 


GLOBAL SYMBOLS: SORTED BY Symbol Address 

address   name                                           
-------   ----                                           
00000000  __TI_static_base__                             
00000000  interruptVectors                               
00000200  __STACK_SIZE                                   
00000349  CS_setExternalClockSourceFrequency             
00000385  CS_initClockSignal                             
00000489  CS_startHFXT                                   
000004ad  CS_startHFXTWithTimeout                        
00000571  CS_startLFXT                                   
00000595  CS_startLFXTWithTimeout                        
00000665  CS_enableClockRequest                          
0000068d  CS_disableClockRequest                         
000006af  CS_setReferenceOscillatorFrequency             
000006d5  CS_enableDCOExternalResistor                   
000006fd  CS_setDCOExternalResistorCalibration           
00000773  CS_disableDCOExternalResistor                  
00000791  CS_setDCOCenteredFrequency                     
000007c9  CS_tuneDCOFrequency                            
0000086d  CS_getDCOFrequency                             
00000a0d  CS_setDCOFrequency                             
00000be5  CS_getBCLK                                     
00000c01  CS_getHSMCLK                                   
00000c25  CS_getACLK                                     
00000c49  CS_getSMCLK                                    
00000c6b  CS_getMCLK                                     
00000c8d  CS_enableFaultCounter                          
00000cb9  CS_disableFaultCounter                         
00000ce5  CS_resetFaultCounter                           
00000d31  CS_startFaultCounter                           
00000d81  CS_enableInterrupt                             
00000da3  CS_disableInterrupt                            
00000dc5  CS_getInterruptStatus                          
00000dcb  CS_getEnabledInterruptStatus                   
00000de5  CS_clearInterruptFlag                          
00000e07  CS_registerInterrupt                           
00000e1b  CS_unregisterInterrupt                         
00000f57  PCM_setCoreVoltageLevel                        
00000f67  PCM_setCoreVoltageLevelWithTimeout             
00000f79  PCM_setCoreVoltageLevelNonBlocking             
00000f89  PCM_getPowerMode                               
00000fe3  PCM_getCoreVoltageLevel                        
00001189  PCM_setPowerMode                               
00001199  PCM_setPowerModeNonBlocking                    
000011a9  PCM_setPowerModeWithTimeout                    
0000145b  PCM_setPowerState                              
0000146b  PCM_setPowerStateWithTimeout                   
0000147d  PCM_setPowerStateNonBlocking                   
0000148d  PCM_shutdownDevice                             
000014d1  PCM_gotoLPM4                                   
000014e1  PCM_gotoLPM4InterruptSafe                      
000014fd  PCM_gotoLPM0                                   
0000151b  PCM_gotoLPM0InterruptSafe                      
00001537  PCM_gotoLPM3                                   
000015af  PCM_gotoLPM3InterruptSafe                      
000015cb  PCM_getPowerState                              
000015d7  PCM_enableRudeMode                             
000015e9  PCM_disableRudeMode                            
000015fd  PCM_enableInterrupt                            
00001611  PCM_disableInterrupt                           
00001625  PCM_getInterruptStatus                         
0000162b  PCM_getEnabledInterruptStatus                  
0000163b  PCM_clearInterruptFlag                         
0000164f  PCM_registerInterrupt                          
00001663  PCM_unregisterInterrupt                        
000017dd  Timer_A_startCounter                           
000017f3  Timer_A_configureContinuousMode                
00001823  Timer_A_configureUpMode                        
00001881  Timer_A_configureUpDownMode                    
000018df  Timer_A_initCapture                            
00001931  Timer_A_initCompare                            
0000197f  Timer_A_getCounterValue                        
000019cb  Timer_A_clearTimer                             
000019df  Timer_A_getSynchronizedCaptureCompareInput     
00001a0f  Timer_A_getOutputForOutputModeOutBitValue      
00001a3d  Timer_A_getCaptureCompareCount                 
00001a5f  Timer_A_setOutputForOutputModeOutBitValue      
00001a97  Timer_A_generatePWM                            
00001b0b  Timer_A_stopTimer                              
00001b1f  Timer_A_setCompareValue                        
00001b4d  Timer_A_clearInterruptFlag                     
00001b63  Timer_A_clearCaptureCompareInterrupt           
00001b8b  Timer_A_enableInterrupt                        
00001b9f  Timer_A_disableInterrupt                       
00001bb3  Timer_A_getInterruptStatus                     
00001bc5  Timer_A_enableCaptureCompareInterrupt          
00001bf1  Timer_A_disableCaptureCompareInterrupt         
00001c19  Timer_A_getCaptureCompareInterruptStatus       
00001c41  Timer_A_getEnabledInterruptStatus              
00001c59  Timer_A_getCaptureCompareEnabledInterruptStatus
00001c95  Timer_A_registerInterrupt                      
00001d67  Timer_A_unregisterInterrupt                    
00001e31  RTC_C_startClock                               
00001e4f  RTC_C_holdClock                                
00001e6d  RTC_C_setCalibrationFrequency                  
00001e9d  RTC_C_setCalibrationData                       
00001ec9  RTC_C_setTemperatureCompensation               
00001ef3  RTC_C_initCalendar                             
00001f65  RTC_C_getCalendarTime                          
00001fcb  RTC_C_setCalendarAlarm                         
00002003  RTC_C_setCalendarEvent                         
00002033  RTC_C_definePrescaleEvent                      
0000205b  RTC_C_getPrescaleValue                         
00002087  RTC_C_setPrescaleValue                         
000020d7  RTC_C_convertBCDToBinary                       
000020ef  RTC_C_convertBinaryToBCD                       
00002107  RTC_C_enableInterrupt                          
0000215d  RTC_C_disableInterrupt                         
000021c5  RTC_C_getInterruptStatus                       
0000222d  RTC_C_getEnabledInterruptStatus                
0000228d  RTC_C_clearInterruptFlag                       
000022d3  RTC_C_registerInterrupt                        
000022f1  RTC_C_unregisterInterrupt                      
00002339  GPIO_setAsOutputPin                            
00002373  GPIO_setAsInputPin                             
000023b9  GPIO_setAsPeripheralModuleFunctionOutputPin    
0000243d  GPIO_setAsPeripheralModuleFunctionInputPin     
000024c1  GPIO_setOutputHighOnPin                        
000024e3  GPIO_setOutputLowOnPin                         
00002505  GPIO_toggleOutputOnPin                         
00002527  GPIO_setAsInputPinWithPullDownResistor         
00002579  GPIO_setAsInputPinWithPullUpResistor           
000025cb  GPIO_getInputPinValue                          
000025f9  GPIO_enableInterrupt                           
0000261b  GPIO_disableInterrupt                          
0000263d  GPIO_getInterruptStatus                        
0000265b  GPIO_clearInterruptFlag                        
0000267d  GPIO_interruptEdgeSelect                       
000026b3  GPIO_getEnabledInterruptStatus                 
0000272f  GPIO_setDriveStrengthHigh                      
00002751  GPIO_setDriveStrengthLow                       
00002773  GPIO_registerInterrupt                         
00002793  GPIO_unregisterInterrupt                       
000027b9  UART_initModule                                
000028a1  UART_transmitData                              
000028cb  UART_receiveData                               
000028f1  UART_enableModule                              
00002907  UART_disableModule                             
0000291d  UART_queryStatusFlags                          
00002931  UART_setDormant                                
00002945  UART_resetDormant                              
00002959  UART_transmitAddress                           
00002977  UART_transmitBreak                             
000029bd  UART_getReceiveBufferAddressForDMA             
000029cb  UART_getTransmitBufferAddressForDMA            
000029d9  UART_selectDeglitchTime                        
000029f5  UART_enableInterrupt                           
00002a25  UART_disableInterrupt                          
00002a55  UART_getInterruptStatus                        
00002a71  UART_getEnabledInterruptStatus                 
00002acd  UART_clearInterruptFlag                        
00002aed  UART_registerInterrupt                         
00002b69  UART_unregisterInterrupt                       
00002bd7  Interrupt_enableMaster                         
00002be7  Interrupt_disableMaster                        
00002bf7  Interrupt_registerInterrupt                    
00002c49  Interrupt_unregisterInterrupt                  
00002c5d  Interrupt_setPriorityGrouping                  
00002c77  Interrupt_getPriorityGrouping                  
00002caf  Interrupt_setPriority                          
00002cff  Interrupt_getPriority                          
00002d25  Interrupt_enableInterrupt                      
00002d97  Interrupt_disableInterrupt                     
00002e09  Interrupt_isEnabled                            
00002e95  Interrupt_pendInterrupt                        
00002f05  Interrupt_unpendInterrupt                      
00002f53  Interrupt_setPriorityMask                      
00002f63  Interrupt_getPriorityMask                      
00002f6d  Interrupt_setVectorTableAddress                
00002f7d  Interrupt_getVectorTableAddress                
00002f83  Interrupt_enableSleepOnIsrExit                 
00002f95  Interrupt_disableSleepOnIsrExit                
00002fc5  SystemCoreClockUpdate                          
00003239  SystemInit                                     
000032f1  main                                           
0000339f  TA0_0_IRQHandler                               
0000339f  TA0_0_IRQHandler                               
000033b5  TA1_0_IRQHandler                               
000033b5  TA1_0_IRQHandler                               
000033f3  PORT1_IRQHandler                               
000033f3  PORT1_IRQHandler                               
00003487  TA2_0_IRQHandler                               
00003487  TA2_0_IRQHandler                               
000034c7  TA3_0_IRQHandler                               
000034c7  TA3_0_IRQHandler                               
00003541  SysCtl_getTLVInfo                              
000035b7  SysCtl_getSRAMSize                             
000035bd  SysCtl_getFlashSize                            
000035c3  SysCtl_disableNMISource                        
000035d7  SysCtl_enableNMISource                         
000035eb  SysCtl_getNMISourceStatus                      
000035f1  SysCtl_enableSRAMBank                          
0000360d  SysCtl_disableSRAMBank                         
00003675  SysCtl_enableSRAMBankRetention                 
00003691  SysCtl_disableSRAMBankRetention                
000036ad  SysCtl_rebootDevice                            
000036b7  SysCtl_enablePeripheralAtCPUHalt               
000036cb  SysCtl_disablePeripheralAtCPUHalt              
000036df  SysCtl_setWDTTimeoutResetType                  
00003703  SysCtl_setWDTPasswordViolationResetType        
00003727  SysCtl_enableGlitchFilter                      
00003733  SysCtl_disableGlitchFilter                     
0000373f  SysCtl_getTempCalibrationConstant              
00003785  WDT_A_holdTimer                                
000037a5  WDT_A_startTimer                               
000037c5  WDT_A_clearTimer                               
000037e5  WDT_A_initWatchdogTimer                        
00003801  WDT_A_initIntervalTimer                        
0000381d  WDT_A_setPasswordViolationReset                
00003829  WDT_A_setTimeoutReset                          
00003835  WDT_A_registerInterrupt                        
00003849  WDT_A_unregisterInterrupt                      
0000385d  __aeabi_memcpy                                 
0000385d  __aeabi_memcpy4                                
0000385d  __aeabi_memcpy8                                
0000385d  memcpy                                         
000038f9  __aeabi_memclr                                 
000038f9  __aeabi_memclr4                                
000038f9  __aeabi_memclr8                                
000038fb  __aeabi_memset                                 
000038fb  __aeabi_memset4                                
000038fb  __aeabi_memset8                                
00003901  memset                                         
00003973  __mpu_init                                     
00003975  __TI_auto_init                                 
000039e5  __TI_decompress_lzss                           
00003a4d  _c_int00                                       
00003aa1  C$$EXIT                                        
00003aa5  abort                                          
00003aad  exit                                           
00003af5  copy_in                                        
00003b41  CPU_cpsid                                      
00003b4d  CPU_primask                                    
00003b57  CPU_cpsie                                      
00003b63  CPU_wfi                                        
00003b67  CPU_basepriSet                                 
00003b75  CPU_basepriGet                                 
00003b7f  _system_post_cinit                             
00003b81  _args_main                                     
00003b99  _register_unlock                               
00003b9f  _register_lock                                 
00003ba7  _nop                                           
00003bad  __TI_decompress_none                           
00003bbb  Reset_Handler                                  
00003bc7  ADC14_IRQHandler                               
00003bc7  AES256_IRQHandler                              
00003bc7  BusFault_Handler                               
00003bc7  COMP_E0_IRQHandler                             
00003bc7  COMP_E1_IRQHandler                             
00003bc7  CS_IRQHandler                                  
00003bc7  DMA_ERR_IRQHandler                             
00003bc7  DMA_INT0_IRQHandler                            
00003bc7  DMA_INT1_IRQHandler                            
00003bc7  DMA_INT2_IRQHandler                            
00003bc7  DMA_INT3_IRQHandler                            
00003bc7  DebugMon_Handler                               
00003bc7  Default_Handler                                
00003bc7  EUSCIA0_IRQHandler                             
00003bc7  EUSCIA1_IRQHandler                             
00003bc7  EUSCIA2_IRQHandler                             
00003bc7  EUSCIA3_IRQHandler                             
00003bc7  EUSCIB0_IRQHandler                             
00003bc7  EUSCIB1_IRQHandler                             
00003bc7  EUSCIB2_IRQHandler                             
00003bc7  EUSCIB3_IRQHandler                             
00003bc7  FLCTL_IRQHandler                               
00003bc7  FPU_IRQHandler                                 
00003bc7  HardFault_Handler                              
00003bc7  MemManage_Handler                              
00003bc7  NMI_Handler                                    
00003bc7  PCM_IRQHandler                                 
00003bc7  PORT2_IRQHandler                               
00003bc7  PORT3_IRQHandler                               
00003bc7  PORT4_IRQHandler                               
00003bc7  PORT5_IRQHandler                               
00003bc7  PORT6_IRQHandler                               
00003bc7  PSS_IRQHandler                                 
00003bc7  PendSV_Handler                                 
00003bc7  RTC_C_IRQHandler                               
00003bc7  SVC_Handler                                    
00003bc7  SysTick_Handler                                
00003bc7  T32_INT1_IRQHandler                            
00003bc7  T32_INT2_IRQHandler                            
00003bc7  T32_INTC_IRQHandler                            
00003bc7  TA0_N_IRQHandler                               
00003bc7  TA1_N_IRQHandler                               
00003bc7  TA2_N_IRQHandler                               
00003bc7  TA3_N_IRQHandler                               
00003bc7  UsageFault_Handler                             
00003bc7  WDT_A_IRQHandler                               
00003bc9  __TI_zero_init                                 
00003bd5  _system_pre_init                               
00003c28  uartConfig                                     
00003c88  upConfig                                       
00003ca0  upConfigDebounce                               
00003cb8  upConfigTimer2                                 
00003cd0  upConfigTimer3                                 
00003d48  __TI_Handler_Table_Base                        
00003d54  __TI_Handler_Table_Limit                       
00003d68  __TI_CINIT_Base                                
00003d80  __TI_CINIT_Limit                               
20000000  g_pfnRAMVectors                                
20000114  S1Debounce                                     
20000118  S2Debounce                                     
2000011c  countT2                                        
20000120  countT3                                        
20000124  __TI_cleanup_ptr                               
20000128  __TI_dtors_ptr                                 
2000012c  __TI_enable_exit_profile_output                
20000130  _lock                                          
20000134  _unlock                                        
20000138  main_func_sp                                   
2000013c  SystemCoreClock                                
2000fe00  __stack                                        
20010000  __STACK_END                                    
4000480c  WDTCTL_SYM                                     
ffffffff  __TI_pprof_out_hndl                            
ffffffff  __TI_prof_data_size                            
ffffffff  __TI_prof_data_start                           
ffffffff  __binit__                                      
ffffffff  __c_args__                                     
ffffffff  binit                                          
UNDEFED   SHT$$INIT_ARRAY$$Base                          
UNDEFED   SHT$$INIT_ARRAY$$Limit                         

[322 symbols]
