<?xml version="1.0"?>
<link_info>
   <banner>TI ARM Linker Unix v16.9.3.LTS</banner>
   <copyright>Copyright (c) 1996-2017 Texas Instruments Incorporated</copyright>
   <link_time>0x5a133533</link_time>
   <link_errors>0x0</link_errors>
   <output_file>PAC2.out</output_file>
   <entry_point>
      <name>_c_int00</name>
      <address>0x5c59</address>
   </entry_point>
   <input_file_list>
      <input_file id="fl-2">
         <path>./</path>
         <kind>object</kind>
         <file>i2c_driver.obj</file>
         <name>i2c_driver.obj</name>
      </input_file>
      <input_file id="fl-3">
         <path>./</path>
         <kind>object</kind>
         <file>main.obj</file>
         <name>main.obj</name>
      </input_file>
      <input_file id="fl-4">
         <path>./</path>
         <kind>object</kind>
         <file>msp432_startup_ccs.obj</file>
         <name>msp432_startup_ccs.obj</name>
      </input_file>
      <input_file id="fl-5">
         <path>./</path>
         <kind>object</kind>
         <file>system_msp432p401r.obj</file>
         <name>system_msp432p401r.obj</name>
      </input_file>
      <input_file id="fl-6">
         <path>./freertos/cortex-m4/</path>
         <kind>object</kind>
         <file>port.obj</file>
         <name>port.obj</name>
      </input_file>
      <input_file id="fl-7">
         <path>./freertos/cortex-m4/</path>
         <kind>object</kind>
         <file>portasm.obj</file>
         <name>portasm.obj</name>
      </input_file>
      <input_file id="fl-8">
         <path>./freertos/src/</path>
         <kind>object</kind>
         <file>croutine.obj</file>
         <name>croutine.obj</name>
      </input_file>
      <input_file id="fl-9">
         <path>./freertos/src/</path>
         <kind>object</kind>
         <file>event_groups.obj</file>
         <name>event_groups.obj</name>
      </input_file>
      <input_file id="fl-a">
         <path>./freertos/src/</path>
         <kind>object</kind>
         <file>heap_2.obj</file>
         <name>heap_2.obj</name>
      </input_file>
      <input_file id="fl-b">
         <path>./freertos/src/</path>
         <kind>object</kind>
         <file>list.obj</file>
         <name>list.obj</name>
      </input_file>
      <input_file id="fl-c">
         <path>./freertos/src/</path>
         <kind>object</kind>
         <file>queue.obj</file>
         <name>queue.obj</name>
      </input_file>
      <input_file id="fl-d">
         <path>./freertos/src/</path>
         <kind>object</kind>
         <file>tasks.obj</file>
         <name>tasks.obj</name>
      </input_file>
      <input_file id="fl-e">
         <path>./freertos/src/</path>
         <kind>object</kind>
         <file>timers.obj</file>
         <name>timers.obj</name>
      </input_file>
      <input_file id="fl-f">
         <path>./sensors/</path>
         <kind>object</kind>
         <file>opt3001.obj</file>
         <name>opt3001.obj</name>
      </input_file>
      <input_file id="fl-10">
         <path>./sensors/</path>
         <kind>object</kind>
         <file>temp_sensor.obj</file>
         <name>temp_sensor.obj</name>
      </input_file>
      <input_file id="fl-11">
         <path>./sensors/</path>
         <kind>object</kind>
         <file>tmp006.obj</file>
         <name>tmp006.obj</name>
      </input_file>
      <input_file id="fl-16">
         <kind>object</kind>
         <file>&lt;internal&gt;</file>
         <name>&lt;internal&gt;</name>
      </input_file>
      <input_file id="fl-17">
         <path>/Users/toni/CodeComposerWorkspace/lib/</path>
         <kind>archive</kind>
         <file>msp432p4xx_driverlib.lib</file>
         <name>cs.o</name>
      </input_file>
      <input_file id="fl-18">
         <path>/Users/toni/CodeComposerWorkspace/lib/</path>
         <kind>archive</kind>
         <file>msp432p4xx_driverlib.lib</file>
         <name>i2c.o</name>
      </input_file>
      <input_file id="fl-19">
         <path>/Users/toni/CodeComposerWorkspace/lib/</path>
         <kind>archive</kind>
         <file>msp432p4xx_driverlib.lib</file>
         <name>interrupt.o</name>
      </input_file>
      <input_file id="fl-1a">
         <path>/Users/toni/CodeComposerWorkspace/lib/</path>
         <kind>archive</kind>
         <file>msp432p4xx_driverlib.lib</file>
         <name>sysctl.o</name>
      </input_file>
      <input_file id="fl-1b">
         <path>/Users/toni/CodeComposerWorkspace/lib/</path>
         <kind>archive</kind>
         <file>msp432p4xx_driverlib.lib</file>
         <name>cpu.o</name>
      </input_file>
      <input_file id="fl-d1">
         <path>/Applications/ti/ccsv7/tools/compiler/ti-cgt-arm_16.9.3.LTS/lib/</path>
         <kind>archive</kind>
         <file>rtsv7M4_T_le_v4SPD16_eabi.lib</file>
         <name>boot.obj</name>
      </input_file>
      <input_file id="fl-d2">
         <path>/Applications/ti/ccsv7/tools/compiler/ti-cgt-arm_16.9.3.LTS/lib/</path>
         <kind>archive</kind>
         <file>rtsv7M4_T_le_v4SPD16_eabi.lib</file>
         <name>copy_decompress_lzss.obj</name>
      </input_file>
      <input_file id="fl-d3">
         <path>/Applications/ti/ccsv7/tools/compiler/ti-cgt-arm_16.9.3.LTS/lib/</path>
         <kind>archive</kind>
         <file>rtsv7M4_T_le_v4SPD16_eabi.lib</file>
         <name>copy_decompress_none.obj</name>
      </input_file>
      <input_file id="fl-d4">
         <path>/Applications/ti/ccsv7/tools/compiler/ti-cgt-arm_16.9.3.LTS/lib/</path>
         <kind>archive</kind>
         <file>rtsv7M4_T_le_v4SPD16_eabi.lib</file>
         <name>copy_zero_init.obj</name>
      </input_file>
      <input_file id="fl-d5">
         <path>/Applications/ti/ccsv7/tools/compiler/ti-cgt-arm_16.9.3.LTS/lib/</path>
         <kind>archive</kind>
         <file>rtsv7M4_T_le_v4SPD16_eabi.lib</file>
         <name>e_pow.obj</name>
      </input_file>
      <input_file id="fl-d6">
         <path>/Applications/ti/ccsv7/tools/compiler/ti-cgt-arm_16.9.3.LTS/lib/</path>
         <kind>archive</kind>
         <file>rtsv7M4_T_le_v4SPD16_eabi.lib</file>
         <name>e_sqrt.obj</name>
      </input_file>
      <input_file id="fl-d7">
         <path>/Applications/ti/ccsv7/tools/compiler/ti-cgt-arm_16.9.3.LTS/lib/</path>
         <kind>archive</kind>
         <file>rtsv7M4_T_le_v4SPD16_eabi.lib</file>
         <name>errno.obj</name>
      </input_file>
      <input_file id="fl-d8">
         <path>/Applications/ti/ccsv7/tools/compiler/ti-cgt-arm_16.9.3.LTS/lib/</path>
         <kind>archive</kind>
         <file>rtsv7M4_T_le_v4SPD16_eabi.lib</file>
         <name>exit.obj</name>
      </input_file>
      <input_file id="fl-d9">
         <path>/Applications/ti/ccsv7/tools/compiler/ti-cgt-arm_16.9.3.LTS/lib/</path>
         <kind>archive</kind>
         <file>rtsv7M4_T_le_v4SPD16_eabi.lib</file>
         <name>fd_add_t2.obj</name>
      </input_file>
      <input_file id="fl-da">
         <path>/Applications/ti/ccsv7/tools/compiler/ti-cgt-arm_16.9.3.LTS/lib/</path>
         <kind>archive</kind>
         <file>rtsv7M4_T_le_v4SPD16_eabi.lib</file>
         <name>fd_cmp_t2.obj</name>
      </input_file>
      <input_file id="fl-db">
         <path>/Applications/ti/ccsv7/tools/compiler/ti-cgt-arm_16.9.3.LTS/lib/</path>
         <kind>archive</kind>
         <file>rtsv7M4_T_le_v4SPD16_eabi.lib</file>
         <name>fd_div_t2.obj</name>
      </input_file>
      <input_file id="fl-dc">
         <path>/Applications/ti/ccsv7/tools/compiler/ti-cgt-arm_16.9.3.LTS/lib/</path>
         <kind>archive</kind>
         <file>rtsv7M4_T_le_v4SPD16_eabi.lib</file>
         <name>fd_mul_t2.obj</name>
      </input_file>
      <input_file id="fl-dd">
         <path>/Applications/ti/ccsv7/tools/compiler/ti-cgt-arm_16.9.3.LTS/lib/</path>
         <kind>archive</kind>
         <file>rtsv7M4_T_le_v4SPD16_eabi.lib</file>
         <name>fd_tos_t2.obj</name>
      </input_file>
      <input_file id="fl-de">
         <path>/Applications/ti/ccsv7/tools/compiler/ti-cgt-arm_16.9.3.LTS/lib/</path>
         <kind>archive</kind>
         <file>rtsv7M4_T_le_v4SPD16_eabi.lib</file>
         <name>fs_tod_t2.obj</name>
      </input_file>
      <input_file id="fl-df">
         <path>/Applications/ti/ccsv7/tools/compiler/ti-cgt-arm_16.9.3.LTS/lib/</path>
         <kind>archive</kind>
         <file>rtsv7M4_T_le_v4SPD16_eabi.lib</file>
         <name>i_tofd_t2.obj</name>
      </input_file>
      <input_file id="fl-e0">
         <path>/Applications/ti/ccsv7/tools/compiler/ti-cgt-arm_16.9.3.LTS/lib/</path>
         <kind>archive</kind>
         <file>rtsv7M4_T_le_v4SPD16_eabi.lib</file>
         <name>memcpy_t2.obj</name>
      </input_file>
      <input_file id="fl-e1">
         <path>/Applications/ti/ccsv7/tools/compiler/ti-cgt-arm_16.9.3.LTS/lib/</path>
         <kind>archive</kind>
         <file>rtsv7M4_T_le_v4SPD16_eabi.lib</file>
         <name>memset_t2.obj</name>
      </input_file>
      <input_file id="fl-e2">
         <path>/Applications/ti/ccsv7/tools/compiler/ti-cgt-arm_16.9.3.LTS/lib/</path>
         <kind>archive</kind>
         <file>rtsv7M4_T_le_v4SPD16_eabi.lib</file>
         <name>mpu_init.obj</name>
      </input_file>
      <input_file id="fl-e3">
         <path>/Applications/ti/ccsv7/tools/compiler/ti-cgt-arm_16.9.3.LTS/lib/</path>
         <kind>archive</kind>
         <file>rtsv7M4_T_le_v4SPD16_eabi.lib</file>
         <name>pre_init.obj</name>
      </input_file>
      <input_file id="fl-e4">
         <path>/Applications/ti/ccsv7/tools/compiler/ti-cgt-arm_16.9.3.LTS/lib/</path>
         <kind>archive</kind>
         <file>rtsv7M4_T_le_v4SPD16_eabi.lib</file>
         <name>s_exp2.obj</name>
      </input_file>
      <input_file id="fl-e5">
         <path>/Applications/ti/ccsv7/tools/compiler/ti-cgt-arm_16.9.3.LTS/lib/</path>
         <kind>archive</kind>
         <file>rtsv7M4_T_le_v4SPD16_eabi.lib</file>
         <name>s_scalbn.obj</name>
      </input_file>
      <input_file id="fl-e6">
         <path>/Applications/ti/ccsv7/tools/compiler/ti-cgt-arm_16.9.3.LTS/lib/</path>
         <kind>archive</kind>
         <file>rtsv7M4_T_le_v4SPD16_eabi.lib</file>
         <name>stkdepth_vars.obj</name>
      </input_file>
      <input_file id="fl-e7">
         <path>/Applications/ti/ccsv7/tools/compiler/ti-cgt-arm_16.9.3.LTS/lib/</path>
         <kind>archive</kind>
         <file>rtsv7M4_T_le_v4SPD16_eabi.lib</file>
         <name>strcat.obj</name>
      </input_file>
      <input_file id="fl-e8">
         <path>/Applications/ti/ccsv7/tools/compiler/ti-cgt-arm_16.9.3.LTS/lib/</path>
         <kind>archive</kind>
         <file>rtsv7M4_T_le_v4SPD16_eabi.lib</file>
         <name>strcpy.obj</name>
      </input_file>
      <input_file id="fl-e9">
         <path>/Applications/ti/ccsv7/tools/compiler/ti-cgt-arm_16.9.3.LTS/lib/</path>
         <kind>archive</kind>
         <file>rtsv7M4_T_le_v4SPD16_eabi.lib</file>
         <name>u_tofd_t2.obj</name>
      </input_file>
      <input_file id="fl-ea">
         <path>/Applications/ti/ccsv7/tools/compiler/ti-cgt-arm_16.9.3.LTS/lib/</path>
         <kind>archive</kind>
         <file>rtsv7M4_T_le_v4SPD16_eabi.lib</file>
         <name>_lock.obj</name>
      </input_file>
      <input_file id="fl-eb">
         <path>/Applications/ti/ccsv7/tools/compiler/ti-cgt-arm_16.9.3.LTS/lib/</path>
         <kind>archive</kind>
         <file>rtsv7M4_T_le_v4SPD16_eabi.lib</file>
         <name>args_main.obj</name>
      </input_file>
      <input_file id="fl-ec">
         <path>/Applications/ti/ccsv7/tools/compiler/ti-cgt-arm_16.9.3.LTS/lib/</path>
         <kind>archive</kind>
         <file>rtsv7M4_T_le_v4SPD16_eabi.lib</file>
         <name>autoinit.obj</name>
      </input_file>
      <input_file id="fl-ed">
         <path>/Applications/ti/ccsv7/tools/compiler/ti-cgt-arm_16.9.3.LTS/lib/</path>
         <kind>archive</kind>
         <file>rtsv7M4_T_le_v4SPD16_eabi.lib</file>
         <name>cpy_tbl.obj</name>
      </input_file>
      <input_file id="fl-ee">
         <path>/Applications/ti/ccsv7/tools/compiler/ti-cgt-arm_16.9.3.LTS/lib/</path>
         <kind>archive</kind>
         <file>rtsv7M4_T_le_v4SPD16_eabi.lib</file>
         <name>s_copysign.obj</name>
      </input_file>
      <input_file id="fl-ef">
         <path>/Applications/ti/ccsv7/tools/compiler/ti-cgt-arm_16.9.3.LTS/lib/</path>
         <kind>archive</kind>
         <file>rtsv7M4_T_le_v4SPD16_eabi.lib</file>
         <name>startup.obj</name>
      </input_file>
   </input_file_list>
   <object_component_list>
      <object_component id="oc-10">
         <name>.intvecs:retain</name>
         <load_address>0x0</load_address>
         <run_address>0x0</run_address>
         <size>0x144</size>
         <input_file_ref idref="fl-4"/>
      </object_component>
      <object_component id="oc-9e">
         <name>.text</name>
         <load_address>0x144</load_address>
         <run_address>0x144</run_address>
         <size>0x1878</size>
         <input_file_ref idref="fl-d"/>
      </object_component>
      <object_component id="oc-e9">
         <name>.text</name>
         <load_address>0x19bc</load_address>
         <run_address>0x19bc</run_address>
         <size>0xca4</size>
         <input_file_ref idref="fl-c"/>
      </object_component>
      <object_component id="oc-1eb">
         <name>.text</name>
         <load_address>0x2660</load_address>
         <run_address>0x2660</run_address>
         <size>0x9ac</size>
         <input_file_ref idref="fl-d5"/>
      </object_component>
      <object_component id="oc-43">
         <name>.text</name>
         <load_address>0x300c</load_address>
         <run_address>0x300c</run_address>
         <size>0x624</size>
         <input_file_ref idref="fl-3"/>
      </object_component>
      <object_component id="oc-3d">
         <name>.text</name>
         <load_address>0x3630</load_address>
         <run_address>0x3630</run_address>
         <size>0x5b8</size>
         <input_file_ref idref="fl-2"/>
      </object_component>
      <object_component id="oc-f5">
         <name>.text</name>
         <load_address>0x3be8</load_address>
         <run_address>0x3be8</run_address>
         <size>0x43c</size>
         <input_file_ref idref="fl-11"/>
      </object_component>
      <object_component id="oc-91">
         <name>.text</name>
         <load_address>0x4024</load_address>
         <run_address>0x4024</run_address>
         <size>0x328</size>
         <input_file_ref idref="fl-5"/>
      </object_component>
      <object_component id="oc-37">
         <name>.text</name>
         <load_address>0x434c</load_address>
         <run_address>0x434c</run_address>
         <size>0x288</size>
         <input_file_ref idref="fl-6"/>
      </object_component>
      <object_component id="oc-10f">
         <name>.text</name>
         <load_address>0x45d4</load_address>
         <run_address>0x45d4</run_address>
         <size>0x250</size>
         <input_file_ref idref="fl-10"/>
      </object_component>
      <object_component id="oc-205">
         <name>.text</name>
         <load_address>0x4824</load_address>
         <run_address>0x4824</run_address>
         <size>0x1fc</size>
         <input_file_ref idref="fl-e4"/>
      </object_component>
      <object_component id="oc-172">
         <name>.text</name>
         <load_address>0x4a20</load_address>
         <run_address>0x4a20</run_address>
         <size>0x1cc</size>
         <input_file_ref idref="fl-a"/>
      </object_component>
      <object_component id="oc-1e6">
         <name>.text</name>
         <load_address>0x4bec</load_address>
         <run_address>0x4bec</run_address>
         <size>0x1b6</size>
         <input_file_ref idref="fl-d9"/>
      </object_component>
      <object_component id="oc-6f">
         <name>.text</name>
         <load_address>0x4da2</load_address>
         <run_address>0x4da2</run_address>
         <size>0x2</size>
         <input_file_ref idref="fl-e2"/>
      </object_component>
      <object_component id="oc-2ae">
         <name>.text</name>
         <load_address>0x4da4</load_address>
         <run_address>0x4da4</run_address>
         <size>0x170</size>
         <input_file_ref idref="fl-d6"/>
      </object_component>
      <object_component id="oc-fb">
         <name>.text</name>
         <load_address>0x4f14</load_address>
         <run_address>0x4f14</run_address>
         <size>0x16c</size>
         <input_file_ref idref="fl-f"/>
      </object_component>
      <object_component id="oc-ef">
         <name>.text:CS_setDCOFrequency</name>
         <load_address>0x5080</load_address>
         <run_address>0x5080</run_address>
         <size>0x14c</size>
         <input_file_ref idref="fl-17"/>
      </object_component>
      <object_component id="oc-1f1">
         <name>.text</name>
         <load_address>0x51cc</load_address>
         <run_address>0x51cc</run_address>
         <size>0x136</size>
         <input_file_ref idref="fl-db"/>
      </object_component>
      <object_component id="oc-178">
         <name>.text</name>
         <load_address>0x5302</load_address>
         <run_address>0x5302</run_address>
         <size>0x12a</size>
         <input_file_ref idref="fl-b"/>
      </object_component>
      <object_component id="oc-282">
         <name>.text:CS_getDCOFrequency</name>
         <load_address>0x542c</load_address>
         <run_address>0x542c</run_address>
         <size>0x104</size>
         <input_file_ref idref="fl-17"/>
      </object_component>
      <object_component id="oc-1e1">
         <name>.text</name>
         <load_address>0x5530</load_address>
         <run_address>0x5530</run_address>
         <size>0xfc</size>
         <input_file_ref idref="fl-dc"/>
      </object_component>
      <object_component id="oc-2c4">
         <name>.text</name>
         <load_address>0x562c</load_address>
         <run_address>0x562c</run_address>
         <size>0xfc</size>
         <input_file_ref idref="fl-e5"/>
      </object_component>
      <object_component id="oc-32">
         <name>.text</name>
         <load_address>0x5728</load_address>
         <run_address>0x5728</run_address>
         <size>0xd2</size>
         <input_file_ref idref="fl-7"/>
      </object_component>
      <object_component id="oc-14f">
         <name>.text</name>
         <load_address>0x57fa</load_address>
         <run_address>0x57fa</run_address>
         <size>0x2</size>
         <input_file_ref idref="fl-ef"/>
      </object_component>
      <object_component id="oc-191">
         <name>.text:_CSComputeCLKFrequency</name>
         <load_address>0x57fc</load_address>
         <run_address>0x57fc</run_address>
         <size>0x9c</size>
         <input_file_ref idref="fl-17"/>
      </object_component>
      <object_component id="oc-57">
         <name>.text</name>
         <load_address>0x5898</load_address>
         <run_address>0x5898</run_address>
         <size>0x9c</size>
         <input_file_ref idref="fl-e0"/>
      </object_component>
      <object_component id="oc-2ba">
         <name>.text:__aeabi_cdcmple</name>
         <load_address>0x5934</load_address>
         <run_address>0x5934</run_address>
         <size>0x86</size>
         <input_file_ref idref="fl-da"/>
      </object_component>
      <object_component id="oc-2bf">
         <name>.text:__aeabi_cdrcmple</name>
         <load_address>0x59ba</load_address>
         <run_address>0x59ba</run_address>
         <size>0x86</size>
         <input_file_ref idref="fl-da"/>
      </object_component>
      <object_component id="oc-63">
         <name>.text</name>
         <load_address>0x5a40</load_address>
         <run_address>0x5a40</run_address>
         <size>0x7a</size>
         <input_file_ref idref="fl-e1"/>
      </object_component>
      <object_component id="oc-7b">
         <name>.text</name>
         <load_address>0x5abc</load_address>
         <run_address>0x5abc</run_address>
         <size>0x70</size>
         <input_file_ref idref="fl-ec"/>
      </object_component>
      <object_component id="oc-1f6">
         <name>.text</name>
         <load_address>0x5b2c</load_address>
         <run_address>0x5b2c</run_address>
         <size>0x6e</size>
         <input_file_ref idref="fl-dd"/>
      </object_component>
      <object_component id="oc-13">
         <name>.text:decompress:lzss</name>
         <load_address>0x5b9a</load_address>
         <run_address>0x5b9a</run_address>
         <size>0x68</size>
         <input_file_ref idref="fl-d2"/>
      </object_component>
      <object_component id="oc-1d3">
         <name>.text:CS_tuneDCOFrequency</name>
         <load_address>0x5c04</load_address>
         <run_address>0x5c04</run_address>
         <size>0x54</size>
         <input_file_ref idref="fl-17"/>
      </object_component>
      <object_component id="oc-25">
         <name>.text</name>
         <load_address>0x5c58</load_address>
         <run_address>0x5c58</run_address>
         <size>0x54</size>
         <input_file_ref idref="fl-d1"/>
      </object_component>
      <object_component id="oc-87">
         <name>.text</name>
         <load_address>0x5cac</load_address>
         <run_address>0x5cac</run_address>
         <size>0x54</size>
         <input_file_ref idref="fl-d8"/>
      </object_component>
      <object_component id="oc-1cd">
         <name>.text:SysCtl_getTLVInfo</name>
         <load_address>0x5d00</load_address>
         <run_address>0x5d00</run_address>
         <size>0x50</size>
         <input_file_ref idref="fl-1a"/>
      </object_component>
      <object_component id="oc-30a">
         <name>.text:_CSGetDOCFrequency</name>
         <load_address>0x5d50</load_address>
         <run_address>0x5d50</run_address>
         <size>0x4c</size>
         <input_file_ref idref="fl-17"/>
      </object_component>
      <object_component id="oc-149">
         <name>.text</name>
         <load_address>0x5d9c</load_address>
         <run_address>0x5d9c</run_address>
         <size>0x4c</size>
         <input_file_ref idref="fl-ed"/>
      </object_component>
      <object_component id="oc-27c">
         <name>.text:_CSGetDividerValue</name>
         <load_address>0x5de8</load_address>
         <run_address>0x5de8</run_address>
         <size>0x48</size>
         <input_file_ref idref="fl-17"/>
      </object_component>
      <object_component id="oc-21b">
         <name>.text</name>
         <load_address>0x5e30</load_address>
         <run_address>0x5e30</run_address>
         <size>0x38</size>
         <input_file_ref idref="fl-de"/>
      </object_component>
      <object_component id="oc-d8">
         <name>.text:I2C_masterReceiveMultiByteFinish</name>
         <load_address>0x5e68</load_address>
         <run_address>0x5e68</run_address>
         <size>0x30</size>
         <input_file_ref idref="fl-18"/>
      </object_component>
      <object_component id="oc-1dc">
         <name>.text</name>
         <load_address>0x5e98</load_address>
         <run_address>0x5e98</run_address>
         <size>0x2e</size>
         <input_file_ref idref="fl-df"/>
      </object_component>
      <object_component id="oc-288">
         <name>.text:CS_clearInterruptFlag</name>
         <load_address>0x5ec8</load_address>
         <run_address>0x5ec8</run_address>
         <size>0x24</size>
         <input_file_ref idref="fl-17"/>
      </object_component>
      <object_component id="oc-1c7">
         <name>.text:CS_setDCOCenteredFrequency</name>
         <load_address>0x5eec</load_address>
         <run_address>0x5eec</run_address>
         <size>0x24</size>
         <input_file_ref idref="fl-17"/>
      </object_component>
      <object_component id="oc-2c">
         <name>.text</name>
         <load_address>0x5f10</load_address>
         <run_address>0x5f10</run_address>
         <size>0x20</size>
         <input_file_ref idref="fl-4"/>
      </object_component>
      <object_component id="oc-200">
         <name>.text</name>
         <load_address>0x5f30</load_address>
         <run_address>0x5f30</run_address>
         <size>0x20</size>
         <input_file_ref idref="fl-e9"/>
      </object_component>
      <object_component id="oc-115">
         <name>.text</name>
         <load_address>0x5f50</load_address>
         <run_address>0x5f50</run_address>
         <size>0x1e</size>
         <input_file_ref idref="fl-e7"/>
      </object_component>
      <object_component id="oc-a5">
         <name>.text:CS_getMCLK</name>
         <load_address>0x5f70</load_address>
         <run_address>0x5f70</run_address>
         <size>0x18</size>
         <input_file_ref idref="fl-17"/>
      </object_component>
      <object_component id="oc-bf">
         <name>.text:CS_getSMCLK</name>
         <load_address>0x5f88</load_address>
         <run_address>0x5f88</run_address>
         <size>0x18</size>
         <input_file_ref idref="fl-17"/>
      </object_component>
      <object_component id="oc-81">
         <name>.text</name>
         <load_address>0x5fa0</load_address>
         <run_address>0x5fa0</run_address>
         <size>0x18</size>
         <input_file_ref idref="fl-eb"/>
      </object_component>
      <object_component id="oc-243">
         <name>.text</name>
         <load_address>0x5fb8</load_address>
         <run_address>0x5fb8</run_address>
         <size>0x14</size>
         <input_file_ref idref="fl-ea"/>
      </object_component>
      <object_component id="oc-328">
         <name>.text</name>
         <load_address>0x5fcc</load_address>
         <run_address>0x5fcc</run_address>
         <size>0x14</size>
         <input_file_ref idref="fl-ee"/>
      </object_component>
      <object_component id="oc-109">
         <name>.text</name>
         <load_address>0x5fe0</load_address>
         <run_address>0x5fe0</run_address>
         <size>0x14</size>
         <input_file_ref idref="fl-e8"/>
      </object_component>
      <object_component id="oc-19">
         <name>.text:decompress:none</name>
         <load_address>0x5ff4</load_address>
         <run_address>0x5ff4</run_address>
         <size>0xe</size>
         <input_file_ref idref="fl-d3"/>
      </object_component>
      <object_component id="oc-1f">
         <name>.text:decompress:ZI</name>
         <load_address>0x6002</load_address>
         <run_address>0x6002</run_address>
         <size>0xc</size>
         <input_file_ref idref="fl-d4"/>
      </object_component>
      <object_component id="oc-cc">
         <name>.text:I2C_getInterruptStatus</name>
         <load_address>0x600e</load_address>
         <run_address>0x600e</run_address>
         <size>0x6</size>
         <input_file_ref idref="fl-18"/>
      </object_component>
      <object_component id="oc-d2">
         <name>.text:I2C_masterReceiveMultiByteNext</name>
         <load_address>0x6014</load_address>
         <run_address>0x6014</run_address>
         <size>0x6</size>
         <input_file_ref idref="fl-18"/>
      </object_component>
      <object_component id="oc-75">
         <name>.text</name>
         <load_address>0x601a</load_address>
         <run_address>0x601a</run_address>
         <size>0x4</size>
         <input_file_ref idref="fl-e3"/>
      </object_component>
      <object_component id="oc-2d9">
         <name>.const:tbl</name>
         <load_address>0x6020</load_address>
         <run_address>0x6020</run_address>
         <size>0x1000</size>
         <input_file_ref idref="fl-e4"/>
      </object_component>
      <object_component id="oc-2b7">
         <name>.const:$O1$$</name>
         <load_address>0x7020</load_address>
         <run_address>0x7020</run_address>
         <size>0x30</size>
         <input_file_ref idref="fl-d5"/>
      </object_component>
      <object_component id="oc-11b">
         <name>.const:uartConfig</name>
         <load_address>0x7050</load_address>
         <run_address>0x7050</run_address>
         <size>0x24</size>
         <input_file_ref idref="fl-3"/>
      </object_component>
      <object_component id="oc-9b">
         <name>.const</name>
         <load_address>0x7074</load_address>
         <run_address>0x7074</run_address>
         <size>0x8</size>
         <input_file_ref idref="fl-6"/>
      </object_component>
      <object_component id="oc-260">
         <name>.const</name>
         <load_address>0x707c</load_address>
         <run_address>0x707c</run_address>
         <size>0x2</size>
         <input_file_ref idref="fl-a"/>
      </object_component>
      <object_component id="oc-362">
         <name>.cinit..data.load</name>
         <load_address>0x7080</load_address>
         <run_address>0x7080</run_address>
         <size>0x2f</size>
      </object_component>
      <object_component id="oc-360">
         <name>__TI_handler_table</name>
         <load_address>0x70b0</load_address>
         <run_address>0x70b0</run_address>
         <size>0xc</size>
      </object_component>
      <object_component id="oc-363">
         <name>.cinit..bss.load</name>
         <load_address>0x70c0</load_address>
         <run_address>0x70c0</run_address>
         <size>0x8</size>
      </object_component>
      <object_component id="oc-361">
         <name>__TI_cinit_table</name>
         <load_address>0x70c8</load_address>
         <run_address>0x70c8</run_address>
         <size>0x10</size>
      </object_component>
      <object_component id="oc-df">
         <name>.data</name>
         <load_address>0x2000c9d0</load_address>
         <run_address>0x2000c9d0</run_address>
         <size>0x1</size>
         <input_file_ref idref="fl-2"/>
      </object_component>
      <object_component id="oc-c5">
         <name>.data:i2cConfig</name>
         <load_address>0x2000c980</load_address>
         <run_address>0x2000c980</run_address>
         <size>0x14</size>
         <input_file_ref idref="fl-2"/>
      </object_component>
      <object_component id="oc-164">
         <name>.data</name>
         <load_address>0x2000c9cc</load_address>
         <run_address>0x2000c9cc</run_address>
         <size>0x4</size>
         <input_file_ref idref="fl-5"/>
      </object_component>
      <object_component id="oc-ab">
         <name>.data</name>
         <load_address>0x2000c9a0</load_address>
         <run_address>0x2000c9a0</run_address>
         <size>0xc</size>
         <input_file_ref idref="fl-6"/>
      </object_component>
      <object_component id="oc-25d">
         <name>.data</name>
         <load_address>0x2000c9b4</load_address>
         <run_address>0x2000c9b4</run_address>
         <size>0x8</size>
         <input_file_ref idref="fl-a"/>
      </object_component>
      <object_component id="oc-98">
         <name>.data</name>
         <load_address>0x2000c950</load_address>
         <run_address>0x2000c950</run_address>
         <size>0x30</size>
         <input_file_ref idref="fl-d"/>
      </object_component>
      <object_component id="oc-1fb">
         <name>.data</name>
         <load_address>0x2000c9c0</load_address>
         <run_address>0x2000c9c0</run_address>
         <size>0x8</size>
         <input_file_ref idref="fl-11"/>
      </object_component>
      <object_component id="oc-2b4">
         <name>.data</name>
         <load_address>0x2000c9bc</load_address>
         <run_address>0x2000c9bc</run_address>
         <size>0x4</size>
         <input_file_ref idref="fl-d7"/>
      </object_component>
      <object_component id="oc-159">
         <name>.data:$O1$$</name>
         <load_address>0x2000c994</load_address>
         <run_address>0x2000c994</run_address>
         <size>0xc</size>
         <input_file_ref idref="fl-d8"/>
      </object_component>
      <object_component id="oc-8d">
         <name>.data</name>
         <load_address>0x2000c9c8</load_address>
         <run_address>0x2000c9c8</run_address>
         <size>0x4</size>
         <input_file_ref idref="fl-e6"/>
      </object_component>
      <object_component id="oc-15c">
         <name>.data:$O1$$</name>
         <load_address>0x2000c9ac</load_address>
         <run_address>0x2000c9ac</run_address>
         <size>0x8</size>
         <input_file_ref idref="fl-ea"/>
      </object_component>
      <object_component id="oc-11e">
         <name>.bss</name>
         <uninitialized>true</uninitialized>
         <run_address>0x2000c91c</run_address>
         <size>0x4</size>
         <input_file_ref idref="fl-3"/>
      </object_component>
      <object_component id="oc-269">
         <name>.bss:ucHeap</name>
         <uninitialized>true</uninitialized>
         <run_address>0x20000000</run_address>
         <size>0xc800</size>
         <input_file_ref idref="fl-a"/>
      </object_component>
      <object_component id="oc-263">
         <name>.bss:xStart</name>
         <uninitialized>true</uninitialized>
         <run_address>0x2000c914</run_address>
         <size>0x8</size>
         <input_file_ref idref="fl-a"/>
      </object_component>
      <object_component id="oc-266">
         <name>.bss:xEnd</name>
         <uninitialized>true</uninitialized>
         <run_address>0x2000c90c</run_address>
         <size>0x8</size>
         <input_file_ref idref="fl-a"/>
      </object_component>
      <object_component id="oc-17e">
         <name>.bss:pxReadyTasksLists</name>
         <uninitialized>true</uninitialized>
         <run_address>0x2000c800</run_address>
         <size>0x64</size>
         <input_file_ref idref="fl-d"/>
      </object_component>
      <object_component id="oc-18a">
         <name>.bss:xDelayedTaskList1</name>
         <uninitialized>true</uninitialized>
         <run_address>0x2000c8b4</run_address>
         <size>0x14</size>
         <input_file_ref idref="fl-d"/>
      </object_component>
      <object_component id="oc-18d">
         <name>.bss:xDelayedTaskList2</name>
         <uninitialized>true</uninitialized>
         <run_address>0x2000c8c8</run_address>
         <size>0x14</size>
         <input_file_ref idref="fl-d"/>
      </object_component>
      <object_component id="oc-181">
         <name>.bss</name>
         <uninitialized>true</uninitialized>
         <run_address>0x2000c904</run_address>
         <size>0x8</size>
         <input_file_ref idref="fl-d"/>
      </object_component>
      <object_component id="oc-187">
         <name>.bss:xPendingReadyList</name>
         <uninitialized>true</uninitialized>
         <run_address>0x2000c8dc</run_address>
         <size>0x14</size>
         <input_file_ref idref="fl-d"/>
      </object_component>
      <object_component id="oc-184">
         <name>.bss:xSuspendedTaskList</name>
         <uninitialized>true</uninitialized>
         <run_address>0x2000c8f0</run_address>
         <size>0x14</size>
         <input_file_ref idref="fl-d"/>
      </object_component>
      <object_component id="oc-cb">
         <name>.common:ui8Status</name>
         <uninitialized>true</uninitialized>
         <run_address>0x2000c94a</run_address>
         <size>0x1</size>
      </object_component>
      <object_component id="oc-c8">
         <name>.common:pData</name>
         <uninitialized>true</uninitialized>
         <run_address>0x2000c934</run_address>
         <size>0x4</size>
      </object_component>
      <object_component id="oc-e2">
         <name>.common:ui8DummyRead</name>
         <uninitialized>true</uninitialized>
         <run_address>0x2000c949</run_address>
         <size>0x1</size>
      </object_component>
      <object_component id="oc-de">
         <name>.common:g_ui32ByteCount</name>
         <uninitialized>true</uninitialized>
         <run_address>0x2000c928</run_address>
         <size>0x4</size>
      </object_component>
      <object_component id="oc-104">
         <name>.common:xMutexI2C</name>
         <uninitialized>true</uninitialized>
         <run_address>0x2000c940</run_address>
         <size>0x4</size>
      </object_component>
      <object_component id="oc-105">
         <name>.common:xMutexUART</name>
         <uninitialized>true</uninitialized>
         <run_address>0x2000c944</run_address>
         <size>0x4</size>
      </object_component>
      <object_component id="oc-106">
         <name>.common:xMutexBuff</name>
         <uninitialized>true</uninitialized>
         <run_address>0x2000c93c</run_address>
         <size>0x4</size>
      </object_component>
      <object_component id="oc-101">
         <name>.common:xBinarySemaphoreISR</name>
         <uninitialized>true</uninitialized>
         <run_address>0x2000c938</run_address>
         <size>0x4</size>
      </object_component>
      <object_component id="oc-107">
         <name>.common:buffer</name>
         <uninitialized>true</uninitialized>
         <run_address>0x2000c864</run_address>
         <size>0x50</size>
      </object_component>
      <object_component id="oc-108">
         <name>.common:buff_pos</name>
         <uninitialized>true</uninitialized>
         <run_address>0x2000c948</run_address>
         <size>0x1</size>
      </object_component>
      <object_component id="oc-220">
         <name>.common:adcRefTempCal_1_2v_30</name>
         <uninitialized>true</uninitialized>
         <run_address>0x2000c920</run_address>
         <size>0x4</size>
      </object_component>
      <object_component id="oc-223">
         <name>.common:adcRefTempCal_1_2v_85</name>
         <uninitialized>true</uninitialized>
         <run_address>0x2000c924</run_address>
         <size>0x4</size>
      </object_component>
      <object_component id="oc-28e">
         <name>.common:hfxtFreq</name>
         <uninitialized>true</uninitialized>
         <run_address>0x2000c92c</run_address>
         <size>0x4</size>
      </object_component>
      <object_component id="oc-28f">
         <name>.common:lfxtFreq</name>
         <uninitialized>true</uninitialized>
         <run_address>0x2000c930</run_address>
         <size>0x4</size>
      </object_component>
      <object_component id="oc-2b">
         <name>.stack</name>
         <uninitialized>true</uninitialized>
         <run_address>0x2000fe00</run_address>
         <size>0x0</size>
         <input_file_ref idref="fl-d1"/>
      </object_component>
      <object_component id="oc-364">
         <name>.stack</name>
         <uninitialized>true</uninitialized>
         <run_address>0x2000fe00</run_address>
         <size>0x0</size>
      </object_component>
      <object_component id="oc-c9">
         <name>.debug_info</name>
         <load_address>0x0</load_address>
         <run_address>0x0</run_address>
         <size>0x6e2</size>
         <input_file_ref idref="fl-2"/>
      </object_component>
      <object_component id="oc-e0">
         <name>.debug_info</name>
         <load_address>0x6e2</load_address>
         <run_address>0x6e2</run_address>
         <size>0xd3</size>
         <input_file_ref idref="fl-2"/>
      </object_component>
      <object_component id="oc-c6">
         <name>.debug_info</name>
         <load_address>0x7b5</load_address>
         <run_address>0x7b5</run_address>
         <size>0xd2</size>
         <input_file_ref idref="fl-2"/>
      </object_component>
      <object_component id="oc-3e">
         <name>.debug_info</name>
         <load_address>0x887</load_address>
         <run_address>0x887</run_address>
         <size>0x8de</size>
         <input_file_ref idref="fl-2"/>
      </object_component>
      <object_component id="oc-1ab">
         <name>.debug_info</name>
         <load_address>0x1165</load_address>
         <run_address>0x1165</run_address>
         <size>0x6c</size>
         <input_file_ref idref="fl-2"/>
      </object_component>
      <object_component id="oc-1b0">
         <name>.debug_info</name>
         <load_address>0x11d1</load_address>
         <run_address>0x11d1</run_address>
         <size>0x9a</size>
         <input_file_ref idref="fl-2"/>
      </object_component>
      <object_component id="oc-12c">
         <name>.debug_info</name>
         <load_address>0x126b</load_address>
         <run_address>0x126b</run_address>
         <size>0x1055</size>
         <input_file_ref idref="fl-2"/>
      </object_component>
      <object_component id="oc-127">
         <name>.debug_info</name>
         <load_address>0x22c0</load_address>
         <run_address>0x22c0</run_address>
         <size>0x37cd</size>
         <input_file_ref idref="fl-2"/>
      </object_component>
      <object_component id="oc-2a6">
         <name>.debug_info</name>
         <load_address>0x5a8d</load_address>
         <run_address>0x5a8d</run_address>
         <size>0x1b5</size>
         <input_file_ref idref="fl-2"/>
      </object_component>
      <object_component id="oc-e4">
         <name>.debug_info</name>
         <load_address>0x5c42</load_address>
         <run_address>0x5c42</run_address>
         <size>0x8b</size>
         <input_file_ref idref="fl-2"/>
      </object_component>
      <object_component id="oc-ba">
         <name>.debug_info</name>
         <load_address>0x5ccd</load_address>
         <run_address>0x5ccd</run_address>
         <size>0x18b</size>
         <input_file_ref idref="fl-2"/>
      </object_component>
      <object_component id="oc-20f">
         <name>.debug_info</name>
         <load_address>0x5e58</load_address>
         <run_address>0x5e58</run_address>
         <size>0xee</size>
         <input_file_ref idref="fl-2"/>
      </object_component>
      <object_component id="oc-102">
         <name>.debug_info</name>
         <load_address>0x5f46</load_address>
         <run_address>0x5f46</run_address>
         <size>0xb5c</size>
         <input_file_ref idref="fl-3"/>
      </object_component>
      <object_component id="oc-11c">
         <name>.debug_info</name>
         <load_address>0x6aa2</load_address>
         <run_address>0x6aa2</run_address>
         <size>0xcf</size>
         <input_file_ref idref="fl-3"/>
      </object_component>
      <object_component id="oc-44">
         <name>.debug_info</name>
         <load_address>0x6b71</load_address>
         <run_address>0x6b71</run_address>
         <size>0xa9a</size>
         <input_file_ref idref="fl-3"/>
      </object_component>
      <object_component id="oc-16b">
         <name>.debug_info</name>
         <load_address>0x760b</load_address>
         <run_address>0x760b</run_address>
         <size>0x30c</size>
         <input_file_ref idref="fl-3"/>
      </object_component>
      <object_component id="oc-120">
         <name>.debug_info</name>
         <load_address>0x7917</load_address>
         <run_address>0x7917</run_address>
         <size>0x8b</size>
         <input_file_ref idref="fl-3"/>
      </object_component>
      <object_component id="oc-1a1">
         <name>.debug_info</name>
         <load_address>0x79a2</load_address>
         <run_address>0x79a2</run_address>
         <size>0x3cd</size>
         <input_file_ref idref="fl-3"/>
      </object_component>
      <object_component id="oc-1bc">
         <name>.debug_info</name>
         <load_address>0x7d6f</load_address>
         <run_address>0x7d6f</run_address>
         <size>0x46</size>
         <input_file_ref idref="fl-3"/>
      </object_component>
      <object_component id="oc-214">
         <name>.debug_info</name>
         <load_address>0x7db5</load_address>
         <run_address>0x7db5</run_address>
         <size>0x2c</size>
         <input_file_ref idref="fl-3"/>
      </object_component>
      <object_component id="oc-b0">
         <name>.debug_info</name>
         <load_address>0x7de1</load_address>
         <run_address>0x7de1</run_address>
         <size>0x2c</size>
         <input_file_ref idref="fl-3"/>
      </object_component>
      <object_component id="oc-b5">
         <name>.debug_info</name>
         <load_address>0x7e0d</load_address>
         <run_address>0x7e0d</run_address>
         <size>0x53</size>
         <input_file_ref idref="fl-3"/>
      </object_component>
      <object_component id="oc-19c">
         <name>.debug_info</name>
         <load_address>0x7e60</load_address>
         <run_address>0x7e60</run_address>
         <size>0x14c</size>
         <input_file_ref idref="fl-3"/>
      </object_component>
      <object_component id="oc-4b">
         <name>.debug_info</name>
         <load_address>0x7fac</load_address>
         <run_address>0x7fac</run_address>
         <size>0x657</size>
         <input_file_ref idref="fl-4"/>
      </object_component>
      <object_component id="oc-11">
         <name>.debug_info</name>
         <load_address>0x8603</load_address>
         <run_address>0x8603</run_address>
         <size>0xe9</size>
         <input_file_ref idref="fl-4"/>
      </object_component>
      <object_component id="oc-2d">
         <name>.debug_info</name>
         <load_address>0x86ec</load_address>
         <run_address>0x86ec</run_address>
         <size>0x229</size>
         <input_file_ref idref="fl-4"/>
      </object_component>
      <object_component id="oc-52">
         <name>.debug_info</name>
         <load_address>0x8915</load_address>
         <run_address>0x8915</run_address>
         <size>0x84</size>
         <input_file_ref idref="fl-4"/>
      </object_component>
      <object_component id="oc-165">
         <name>.debug_info</name>
         <load_address>0x8999</load_address>
         <run_address>0x8999</run_address>
         <size>0xe7</size>
         <input_file_ref idref="fl-5"/>
      </object_component>
      <object_component id="oc-92">
         <name>.debug_info</name>
         <load_address>0x8a80</load_address>
         <run_address>0x8a80</run_address>
         <size>0x259</size>
         <input_file_ref idref="fl-5"/>
      </object_component>
      <object_component id="oc-af">
         <name>.debug_info</name>
         <load_address>0x8cd9</load_address>
         <run_address>0x8cd9</run_address>
         <size>0x756</size>
         <input_file_ref idref="fl-6"/>
      </object_component>
      <object_component id="oc-9c">
         <name>.debug_info</name>
         <load_address>0x942f</load_address>
         <run_address>0x942f</run_address>
         <size>0x16f</size>
         <input_file_ref idref="fl-6"/>
      </object_component>
      <object_component id="oc-ac">
         <name>.debug_info</name>
         <load_address>0x959e</load_address>
         <run_address>0x959e</run_address>
         <size>0x17a</size>
         <input_file_ref idref="fl-6"/>
      </object_component>
      <object_component id="oc-38">
         <name>.debug_info</name>
         <load_address>0x9718</load_address>
         <run_address>0x9718</run_address>
         <size>0x9f2</size>
         <input_file_ref idref="fl-6"/>
      </object_component>
      <object_component id="oc-33">
         <name>.debug_info</name>
         <load_address>0xa10a</load_address>
         <run_address>0xa10a</run_address>
         <size>0x25f</size>
         <input_file_ref idref="fl-7"/>
      </object_component>
      <object_component id="oc-29f">
         <name>.debug_info</name>
         <load_address>0xa369</load_address>
         <run_address>0xa369</run_address>
         <size>0x923</size>
         <input_file_ref idref="fl-9"/>
      </object_component>
      <object_component id="oc-1c2">
         <name>.debug_info</name>
         <load_address>0xac8c</load_address>
         <run_address>0xac8c</run_address>
         <size>0x110</size>
         <input_file_ref idref="fl-9"/>
      </object_component>
      <object_component id="oc-314">
         <name>.debug_info</name>
         <load_address>0xad9c</load_address>
         <run_address>0xad9c</run_address>
         <size>0x39</size>
         <input_file_ref idref="fl-9"/>
      </object_component>
      <object_component id="oc-253">
         <name>.debug_info</name>
         <load_address>0xadd5</load_address>
         <run_address>0xadd5</run_address>
         <size>0x46</size>
         <input_file_ref idref="fl-9"/>
      </object_component>
      <object_component id="oc-319">
         <name>.debug_info</name>
         <load_address>0xae1b</load_address>
         <run_address>0xae1b</run_address>
         <size>0x76</size>
         <input_file_ref idref="fl-9"/>
      </object_component>
      <object_component id="oc-26d">
         <name>.debug_info</name>
         <load_address>0xae91</load_address>
         <run_address>0xae91</run_address>
         <size>0x6ca</size>
         <input_file_ref idref="fl-a"/>
      </object_component>
      <object_component id="oc-26a">
         <name>.debug_info</name>
         <load_address>0xb55b</load_address>
         <run_address>0xb55b</run_address>
         <size>0xf4</size>
         <input_file_ref idref="fl-a"/>
      </object_component>
      <object_component id="oc-261">
         <name>.debug_info</name>
         <load_address>0xb64f</load_address>
         <run_address>0xb64f</run_address>
         <size>0x106</size>
         <input_file_ref idref="fl-a"/>
      </object_component>
      <object_component id="oc-264">
         <name>.debug_info</name>
         <load_address>0xb755</load_address>
         <run_address>0xb755</run_address>
         <size>0xf4</size>
         <input_file_ref idref="fl-a"/>
      </object_component>
      <object_component id="oc-267">
         <name>.debug_info</name>
         <load_address>0xb849</load_address>
         <run_address>0xb849</run_address>
         <size>0xf0</size>
         <input_file_ref idref="fl-a"/>
      </object_component>
      <object_component id="oc-25e">
         <name>.debug_info</name>
         <load_address>0xb939</load_address>
         <run_address>0xb939</run_address>
         <size>0x10e</size>
         <input_file_ref idref="fl-a"/>
      </object_component>
      <object_component id="oc-173">
         <name>.debug_info</name>
         <load_address>0xba47</load_address>
         <run_address>0xba47</run_address>
         <size>0x6d7</size>
         <input_file_ref idref="fl-a"/>
      </object_component>
      <object_component id="oc-2fc">
         <name>.debug_info</name>
         <load_address>0xc11e</load_address>
         <run_address>0xc11e</run_address>
         <size>0x62</size>
         <input_file_ref idref="fl-a"/>
      </object_component>
      <object_component id="oc-26f">
         <name>.debug_info</name>
         <load_address>0xc180</load_address>
         <run_address>0xc180</run_address>
         <size>0x632</size>
         <input_file_ref idref="fl-b"/>
      </object_component>
      <object_component id="oc-179">
         <name>.debug_info</name>
         <load_address>0xc7b2</load_address>
         <run_address>0xc7b2</run_address>
         <size>0x624</size>
         <input_file_ref idref="fl-b"/>
      </object_component>
      <object_component id="oc-1c1">
         <name>.debug_info</name>
         <load_address>0xcdd6</load_address>
         <run_address>0xcdd6</run_address>
         <size>0xaf8</size>
         <input_file_ref idref="fl-c"/>
      </object_component>
      <object_component id="oc-ea">
         <name>.debug_info</name>
         <load_address>0xd8ce</load_address>
         <run_address>0xd8ce</run_address>
         <size>0x3142</size>
         <input_file_ref idref="fl-c"/>
      </object_component>
      <object_component id="oc-29a">
         <name>.debug_info</name>
         <load_address>0x10a10</load_address>
         <run_address>0x10a10</run_address>
         <size>0x17d</size>
         <input_file_ref idref="fl-c"/>
      </object_component>
      <object_component id="oc-16a">
         <name>.debug_info</name>
         <load_address>0x10b8d</load_address>
         <run_address>0x10b8d</run_address>
         <size>0xa9f</size>
         <input_file_ref idref="fl-d"/>
      </object_component>
      <object_component id="oc-99">
         <name>.debug_info</name>
         <load_address>0x1162c</load_address>
         <run_address>0x1162c</run_address>
         <size>0x31a</size>
         <input_file_ref idref="fl-d"/>
      </object_component>
      <object_component id="oc-17f">
         <name>.debug_info</name>
         <load_address>0x11946</load_address>
         <run_address>0x11946</run_address>
         <size>0x10a</size>
         <input_file_ref idref="fl-d"/>
      </object_component>
      <object_component id="oc-18b">
         <name>.debug_info</name>
         <load_address>0x11a50</load_address>
         <run_address>0x11a50</run_address>
         <size>0x10a</size>
         <input_file_ref idref="fl-d"/>
      </object_component>
      <object_component id="oc-18e">
         <name>.debug_info</name>
         <load_address>0x11b5a</load_address>
         <run_address>0x11b5a</run_address>
         <size>0x10a</size>
         <input_file_ref idref="fl-d"/>
      </object_component>
      <object_component id="oc-182">
         <name>.debug_info</name>
         <load_address>0x11c64</load_address>
         <run_address>0x11c64</run_address>
         <size>0x14d</size>
         <input_file_ref idref="fl-d"/>
      </object_component>
      <object_component id="oc-188">
         <name>.debug_info</name>
         <load_address>0x11db1</load_address>
         <run_address>0x11db1</run_address>
         <size>0x10a</size>
         <input_file_ref idref="fl-d"/>
      </object_component>
      <object_component id="oc-185">
         <name>.debug_info</name>
         <load_address>0x11ebb</load_address>
         <run_address>0x11ebb</run_address>
         <size>0x10c</size>
         <input_file_ref idref="fl-d"/>
      </object_component>
      <object_component id="oc-9f">
         <name>.debug_info</name>
         <load_address>0x11fc7</load_address>
         <run_address>0x11fc7</run_address>
         <size>0x4dce</size>
         <input_file_ref idref="fl-d"/>
      </object_component>
      <object_component id="oc-258">
         <name>.debug_info</name>
         <load_address>0x16d95</load_address>
         <run_address>0x16d95</run_address>
         <size>0x146</size>
         <input_file_ref idref="fl-d"/>
      </object_component>
      <object_component id="oc-20c">
         <name>.debug_info</name>
         <load_address>0x16edb</load_address>
         <run_address>0x16edb</run_address>
         <size>0x5c3</size>
         <input_file_ref idref="fl-f"/>
      </object_component>
      <object_component id="oc-fc">
         <name>.debug_info</name>
         <load_address>0x1749e</load_address>
         <run_address>0x1749e</run_address>
         <size>0x4e5</size>
         <input_file_ref idref="fl-f"/>
      </object_component>
      <object_component id="oc-221">
         <name>.debug_info</name>
         <load_address>0x17983</load_address>
         <run_address>0x17983</run_address>
         <size>0x5c8</size>
         <input_file_ref idref="fl-10"/>
      </object_component>
      <object_component id="oc-110">
         <name>.debug_info</name>
         <load_address>0x17f4b</load_address>
         <run_address>0x17f4b</run_address>
         <size>0x4e2</size>
         <input_file_ref idref="fl-10"/>
      </object_component>
      <object_component id="oc-1ff">
         <name>.debug_info</name>
         <load_address>0x1842d</load_address>
         <run_address>0x1842d</run_address>
         <size>0x5c1</size>
         <input_file_ref idref="fl-11"/>
      </object_component>
      <object_component id="oc-1fc">
         <name>.debug_info</name>
         <load_address>0x189ee</load_address>
         <run_address>0x189ee</run_address>
         <size>0xc8</size>
         <input_file_ref idref="fl-11"/>
      </object_component>
      <object_component id="oc-f6">
         <name>.debug_info</name>
         <load_address>0x18ab6</load_address>
         <run_address>0x18ab6</run_address>
         <size>0x807</size>
         <input_file_ref idref="fl-11"/>
      </object_component>
      <object_component id="oc-1da">
         <name>.debug_info</name>
         <load_address>0x192bd</load_address>
         <run_address>0x192bd</run_address>
         <size>0x5ef</size>
         <input_file_ref idref="fl-17"/>
      </object_component>
      <object_component id="oc-1d4">
         <name>.debug_info</name>
         <load_address>0x198ac</load_address>
         <run_address>0x198ac</run_address>
         <size>0x17e</size>
         <input_file_ref idref="fl-17"/>
      </object_component>
      <object_component id="oc-1c8">
         <name>.debug_info</name>
         <load_address>0x19a2a</load_address>
         <run_address>0x19a2a</run_address>
         <size>0x132</size>
         <input_file_ref idref="fl-17"/>
      </object_component>
      <object_component id="oc-f0">
         <name>.debug_info</name>
         <load_address>0x19b5c</load_address>
         <run_address>0x19b5c</run_address>
         <size>0x22b</size>
         <input_file_ref idref="fl-17"/>
      </object_component>
      <object_component id="oc-27d">
         <name>.debug_info</name>
         <load_address>0x19d87</load_address>
         <run_address>0x19d87</run_address>
         <size>0x131</size>
         <input_file_ref idref="fl-17"/>
      </object_component>
      <object_component id="oc-30b">
         <name>.debug_info</name>
         <load_address>0x19eb8</load_address>
         <run_address>0x19eb8</run_address>
         <size>0x129</size>
         <input_file_ref idref="fl-17"/>
      </object_component>
      <object_component id="oc-283">
         <name>.debug_info</name>
         <load_address>0x19fe1</load_address>
         <run_address>0x19fe1</run_address>
         <size>0x1dd</size>
         <input_file_ref idref="fl-17"/>
      </object_component>
      <object_component id="oc-289">
         <name>.debug_info</name>
         <load_address>0x1a1be</load_address>
         <run_address>0x1a1be</run_address>
         <size>0x120</size>
         <input_file_ref idref="fl-17"/>
      </object_component>
      <object_component id="oc-192">
         <name>.debug_info</name>
         <load_address>0x1a2de</load_address>
         <run_address>0x1a2de</run_address>
         <size>0x1d8</size>
         <input_file_ref idref="fl-17"/>
      </object_component>
      <object_component id="oc-c0">
         <name>.debug_info</name>
         <load_address>0x1a4b6</load_address>
         <run_address>0x1a4b6</run_address>
         <size>0x132</size>
         <input_file_ref idref="fl-17"/>
      </object_component>
      <object_component id="oc-a6">
         <name>.debug_info</name>
         <load_address>0x1a5e8</load_address>
         <run_address>0x1a5e8</run_address>
         <size>0x130</size>
         <input_file_ref idref="fl-17"/>
      </object_component>
      <object_component id="oc-293">
         <name>.debug_info</name>
         <load_address>0x1a718</load_address>
         <run_address>0x1a718</run_address>
         <size>0x103e</size>
         <input_file_ref idref="fl-17"/>
      </object_component>
      <object_component id="oc-1b6">
         <name>.debug_info</name>
         <load_address>0x1b756</load_address>
         <run_address>0x1b756</run_address>
         <size>0x4ac</size>
         <input_file_ref idref="fl-18"/>
      </object_component>
      <object_component id="oc-d4">
         <name>.debug_info</name>
         <load_address>0x1bc02</load_address>
         <run_address>0x1bc02</run_address>
         <size>0x15d</size>
         <input_file_ref idref="fl-18"/>
      </object_component>
      <object_component id="oc-da">
         <name>.debug_info</name>
         <load_address>0x1bd5f</load_address>
         <run_address>0x1bd5f</run_address>
         <size>0x161</size>
         <input_file_ref idref="fl-18"/>
      </object_component>
      <object_component id="oc-ce">
         <name>.debug_info</name>
         <load_address>0x1bec0</load_address>
         <run_address>0x1bec0</run_address>
         <size>0x16f</size>
         <input_file_ref idref="fl-18"/>
      </object_component>
      <object_component id="oc-2a2">
         <name>.debug_info</name>
         <load_address>0x1c02f</load_address>
         <run_address>0x1c02f</run_address>
         <size>0x379</size>
         <input_file_ref idref="fl-1a"/>
      </object_component>
      <object_component id="oc-1ce">
         <name>.debug_info</name>
         <load_address>0x1c3a8</load_address>
         <run_address>0x1c3a8</run_address>
         <size>0x1d6</size>
         <input_file_ref idref="fl-1a"/>
      </object_component>
      <object_component id="oc-26">
         <name>.debug_info</name>
         <load_address>0x1c57e</load_address>
         <run_address>0x1c57e</run_address>
         <size>0x160</size>
         <input_file_ref idref="fl-d1"/>
      </object_component>
      <object_component id="oc-136">
         <name>.debug_info</name>
         <load_address>0x1c6de</load_address>
         <run_address>0x1c6de</run_address>
         <size>0x293</size>
         <input_file_ref idref="fl-d2"/>
      </object_component>
      <object_component id="oc-14">
         <name>.debug_info</name>
         <load_address>0x1c971</load_address>
         <run_address>0x1c971</run_address>
         <size>0x245</size>
         <input_file_ref idref="fl-d2"/>
      </object_component>
      <object_component id="oc-4d">
         <name>.debug_info</name>
         <load_address>0x1cbb6</load_address>
         <run_address>0x1cbb6</run_address>
         <size>0x60</size>
         <input_file_ref idref="fl-d2"/>
      </object_component>
      <object_component id="oc-131">
         <name>.debug_info</name>
         <load_address>0x1cc16</load_address>
         <run_address>0x1cc16</run_address>
         <size>0x46</size>
         <input_file_ref idref="fl-d2"/>
      </object_component>
      <object_component id="oc-62">
         <name>.debug_info</name>
         <load_address>0x1cc5c</load_address>
         <run_address>0x1cc5c</run_address>
         <size>0x2da</size>
         <input_file_ref idref="fl-d3"/>
      </object_component>
      <object_component id="oc-1a">
         <name>.debug_info</name>
         <load_address>0x1cf36</load_address>
         <run_address>0x1cf36</run_address>
         <size>0x1df</size>
         <input_file_ref idref="fl-d3"/>
      </object_component>
      <object_component id="oc-5d">
         <name>.debug_info</name>
         <load_address>0x1d115</load_address>
         <run_address>0x1d115</run_address>
         <size>0x46</size>
         <input_file_ref idref="fl-d3"/>
      </object_component>
      <object_component id="oc-138">
         <name>.debug_info</name>
         <load_address>0x1d15b</load_address>
         <run_address>0x1d15b</run_address>
         <size>0x2c</size>
         <input_file_ref idref="fl-d3"/>
      </object_component>
      <object_component id="oc-6e">
         <name>.debug_info</name>
         <load_address>0x1d187</load_address>
         <run_address>0x1d187</run_address>
         <size>0x2c9</size>
         <input_file_ref idref="fl-d4"/>
      </object_component>
      <object_component id="oc-20">
         <name>.debug_info</name>
         <load_address>0x1d450</load_address>
         <run_address>0x1d450</run_address>
         <size>0x1aa</size>
         <input_file_ref idref="fl-d4"/>
      </object_component>
      <object_component id="oc-69">
         <name>.debug_info</name>
         <load_address>0x1d5fa</load_address>
         <run_address>0x1d5fa</run_address>
         <size>0x46</size>
         <input_file_ref idref="fl-d4"/>
      </object_component>
      <object_component id="oc-140">
         <name>.debug_info</name>
         <load_address>0x1d640</load_address>
         <run_address>0x1d640</run_address>
         <size>0x2c</size>
         <input_file_ref idref="fl-d4"/>
      </object_component>
      <object_component id="oc-2d0">
         <name>.debug_info</name>
         <load_address>0x1d66c</load_address>
         <run_address>0x1d66c</run_address>
         <size>0x39b</size>
         <input_file_ref idref="fl-d5"/>
      </object_component>
      <object_component id="oc-2b8">
         <name>.debug_info</name>
         <load_address>0x1da07</load_address>
         <run_address>0x1da07</run_address>
         <size>0x11d</size>
         <input_file_ref idref="fl-d5"/>
      </object_component>
      <object_component id="oc-1ec">
         <name>.debug_info</name>
         <load_address>0x1db24</load_address>
         <run_address>0x1db24</run_address>
         <size>0xb75</size>
         <input_file_ref idref="fl-d5"/>
      </object_component>
      <object_component id="oc-2cb">
         <name>.debug_info</name>
         <load_address>0x1e699</load_address>
         <run_address>0x1e699</run_address>
         <size>0x39</size>
         <input_file_ref idref="fl-d5"/>
      </object_component>
      <object_component id="oc-321">
         <name>.debug_info</name>
         <load_address>0x1e6d2</load_address>
         <run_address>0x1e6d2</run_address>
         <size>0x2e3</size>
         <input_file_ref idref="fl-d6"/>
      </object_component>
      <object_component id="oc-2af">
         <name>.debug_info</name>
         <load_address>0x1e9b5</load_address>
         <run_address>0x1e9b5</run_address>
         <size>0x240</size>
         <input_file_ref idref="fl-d6"/>
      </object_component>
      <object_component id="oc-2b5">
         <name>.debug_info</name>
         <load_address>0x1ebf5</load_address>
         <run_address>0x1ebf5</run_address>
         <size>0xf3</size>
         <input_file_ref idref="fl-d7"/>
      </object_component>
      <object_component id="oc-160">
         <name>.debug_info</name>
         <load_address>0x1ece8</load_address>
         <run_address>0x1ece8</run_address>
         <size>0x3ce</size>
         <input_file_ref idref="fl-d8"/>
      </object_component>
      <object_component id="oc-15a">
         <name>.debug_info</name>
         <load_address>0x1f0b6</load_address>
         <run_address>0x1f0b6</run_address>
         <size>0x185</size>
         <input_file_ref idref="fl-d8"/>
      </object_component>
      <object_component id="oc-88">
         <name>.debug_info</name>
         <load_address>0x1f23b</load_address>
         <run_address>0x1f23b</run_address>
         <size>0x214</size>
         <input_file_ref idref="fl-d8"/>
      </object_component>
      <object_component id="oc-1e7">
         <name>.debug_info</name>
         <load_address>0x1f44f</load_address>
         <run_address>0x1f44f</run_address>
         <size>0x144</size>
         <input_file_ref idref="fl-d9"/>
      </object_component>
      <object_component id="oc-2bb">
         <name>.debug_info</name>
         <load_address>0x1f593</load_address>
         <run_address>0x1f593</run_address>
         <size>0x120</size>
         <input_file_ref idref="fl-da"/>
      </object_component>
      <object_component id="oc-2c0">
         <name>.debug_info</name>
         <load_address>0x1f6b3</load_address>
         <run_address>0x1f6b3</run_address>
         <size>0x122</size>
         <input_file_ref idref="fl-da"/>
      </object_component>
      <object_component id="oc-1f2">
         <name>.debug_info</name>
         <load_address>0x1f7d5</load_address>
         <run_address>0x1f7d5</run_address>
         <size>0x132</size>
         <input_file_ref idref="fl-db"/>
      </object_component>
      <object_component id="oc-1e2">
         <name>.debug_info</name>
         <load_address>0x1f907</load_address>
         <run_address>0x1f907</run_address>
         <size>0x132</size>
         <input_file_ref idref="fl-dc"/>
      </object_component>
      <object_component id="oc-1f7">
         <name>.debug_info</name>
         <load_address>0x1fa39</load_address>
         <run_address>0x1fa39</run_address>
         <size>0x136</size>
         <input_file_ref idref="fl-dd"/>
      </object_component>
      <object_component id="oc-21c">
         <name>.debug_info</name>
         <load_address>0x1fb6f</load_address>
         <run_address>0x1fb6f</run_address>
         <size>0x124</size>
         <input_file_ref idref="fl-de"/>
      </object_component>
      <object_component id="oc-1dd">
         <name>.debug_info</name>
         <load_address>0x1fc93</load_address>
         <run_address>0x1fc93</run_address>
         <size>0x124</size>
         <input_file_ref idref="fl-df"/>
      </object_component>
      <object_component id="oc-58">
         <name>.debug_info</name>
         <load_address>0x1fdb7</load_address>
         <run_address>0x1fdb7</run_address>
         <size>0x111</size>
         <input_file_ref idref="fl-e0"/>
      </object_component>
      <object_component id="oc-64">
         <name>.debug_info</name>
         <load_address>0x1fec8</load_address>
         <run_address>0x1fec8</run_address>
         <size>0x13f</size>
         <input_file_ref idref="fl-e1"/>
      </object_component>
      <object_component id="oc-70">
         <name>.debug_info</name>
         <load_address>0x20007</load_address>
         <run_address>0x20007</run_address>
         <size>0x138</size>
         <input_file_ref idref="fl-e2"/>
      </object_component>
      <object_component id="oc-76">
         <name>.debug_info</name>
         <load_address>0x2013f</load_address>
         <run_address>0x2013f</run_address>
         <size>0x148</size>
         <input_file_ref idref="fl-e3"/>
      </object_component>
      <object_component id="oc-2dd">
         <name>.debug_info</name>
         <load_address>0x20287</load_address>
         <run_address>0x20287</run_address>
         <size>0x2f3</size>
         <input_file_ref idref="fl-e4"/>
      </object_component>
      <object_component id="oc-2da">
         <name>.debug_info</name>
         <load_address>0x2057a</load_address>
         <run_address>0x2057a</run_address>
         <size>0xf0</size>
         <input_file_ref idref="fl-e4"/>
      </object_component>
      <object_component id="oc-206">
         <name>.debug_info</name>
         <load_address>0x2066a</load_address>
         <run_address>0x2066a</run_address>
         <size>0x32a</size>
         <input_file_ref idref="fl-e4"/>
      </object_component>
      <object_component id="oc-32f">
         <name>.debug_info</name>
         <load_address>0x20994</load_address>
         <run_address>0x20994</run_address>
         <size>0x316</size>
         <input_file_ref idref="fl-e5"/>
      </object_component>
      <object_component id="oc-2c5">
         <name>.debug_info</name>
         <load_address>0x20caa</load_address>
         <run_address>0x20caa</run_address>
         <size>0x1d5</size>
         <input_file_ref idref="fl-e5"/>
      </object_component>
      <object_component id="oc-330">
         <name>.debug_info</name>
         <load_address>0x20e7f</load_address>
         <run_address>0x20e7f</run_address>
         <size>0x2c</size>
         <input_file_ref idref="fl-e5"/>
      </object_component>
      <object_component id="oc-8e">
         <name>.debug_info</name>
         <load_address>0x20eab</load_address>
         <run_address>0x20eab</run_address>
         <size>0x109</size>
         <input_file_ref idref="fl-e6"/>
      </object_component>
      <object_component id="oc-226">
         <name>.debug_info</name>
         <load_address>0x20fb4</load_address>
         <run_address>0x20fb4</run_address>
         <size>0x28a</size>
         <input_file_ref idref="fl-e7"/>
      </object_component>
      <object_component id="oc-116">
         <name>.debug_info</name>
         <load_address>0x2123e</load_address>
         <run_address>0x2123e</run_address>
         <size>0x249</size>
         <input_file_ref idref="fl-e7"/>
      </object_component>
      <object_component id="oc-21a">
         <name>.debug_info</name>
         <load_address>0x21487</load_address>
         <run_address>0x21487</run_address>
         <size>0x28a</size>
         <input_file_ref idref="fl-e8"/>
      </object_component>
      <object_component id="oc-10d">
         <name>.debug_info</name>
         <load_address>0x21711</load_address>
         <run_address>0x21711</run_address>
         <size>0x231</size>
         <input_file_ref idref="fl-e8"/>
      </object_component>
      <object_component id="oc-201">
         <name>.debug_info</name>
         <load_address>0x21942</load_address>
         <run_address>0x21942</run_address>
         <size>0x126</size>
         <input_file_ref idref="fl-e9"/>
      </object_component>
      <object_component id="oc-24b">
         <name>.debug_info</name>
         <load_address>0x21a68</load_address>
         <run_address>0x21a68</run_address>
         <size>0x2be</size>
         <input_file_ref idref="fl-ea"/>
      </object_component>
      <object_component id="oc-15d">
         <name>.debug_info</name>
         <load_address>0x21d26</load_address>
         <run_address>0x21d26</run_address>
         <size>0x113</size>
         <input_file_ref idref="fl-ea"/>
      </object_component>
      <object_component id="oc-247">
         <name>.debug_info</name>
         <load_address>0x21e39</load_address>
         <run_address>0x21e39</run_address>
         <size>0x21f</size>
         <input_file_ref idref="fl-ea"/>
      </object_component>
      <object_component id="oc-158">
         <name>.debug_info</name>
         <load_address>0x22058</load_address>
         <run_address>0x22058</run_address>
         <size>0x300</size>
         <input_file_ref idref="fl-eb"/>
      </object_component>
      <object_component id="oc-84">
         <name>.debug_info</name>
         <load_address>0x22358</load_address>
         <run_address>0x22358</run_address>
         <size>0x167</size>
         <input_file_ref idref="fl-eb"/>
      </object_component>
      <object_component id="oc-23c">
         <name>.debug_info</name>
         <load_address>0x224bf</load_address>
         <run_address>0x224bf</run_address>
         <size>0x5e</size>
         <input_file_ref idref="fl-eb"/>
      </object_component>
      <object_component id="oc-156">
         <name>.debug_info</name>
         <load_address>0x2251d</load_address>
         <run_address>0x2251d</run_address>
         <size>0x483</size>
         <input_file_ref idref="fl-ec"/>
      </object_component>
      <object_component id="oc-7e">
         <name>.debug_info</name>
         <load_address>0x229a0</load_address>
         <run_address>0x229a0</run_address>
         <size>0x190</size>
         <input_file_ref idref="fl-ec"/>
      </object_component>
      <object_component id="oc-230">
         <name>.debug_info</name>
         <load_address>0x22b30</load_address>
         <run_address>0x22b30</run_address>
         <size>0x39</size>
         <input_file_ref idref="fl-ec"/>
      </object_component>
      <object_component id="oc-2ee">
         <name>.debug_info</name>
         <load_address>0x22b69</load_address>
         <run_address>0x22b69</run_address>
         <size>0x39</size>
         <input_file_ref idref="fl-ec"/>
      </object_component>
      <object_component id="oc-235">
         <name>.debug_info</name>
         <load_address>0x22ba2</load_address>
         <run_address>0x22ba2</run_address>
         <size>0xcd</size>
         <input_file_ref idref="fl-ec"/>
      </object_component>
      <object_component id="oc-22c">
         <name>.debug_info</name>
         <load_address>0x22c6f</load_address>
         <run_address>0x22c6f</run_address>
         <size>0x37a</size>
         <input_file_ref idref="fl-ed"/>
      </object_component>
      <object_component id="oc-14a">
         <name>.debug_info</name>
         <load_address>0x22fe9</load_address>
         <run_address>0x22fe9</run_address>
         <size>0x183</size>
         <input_file_ref idref="fl-ed"/>
      </object_component>
      <object_component id="oc-2e9">
         <name>.debug_info</name>
         <load_address>0x2316c</load_address>
         <run_address>0x2316c</run_address>
         <size>0x2c</size>
         <input_file_ref idref="fl-ed"/>
      </object_component>
      <object_component id="oc-32a">
         <name>.debug_info</name>
         <load_address>0x23198</load_address>
         <run_address>0x23198</run_address>
         <size>0x156</size>
         <input_file_ref idref="fl-ee"/>
      </object_component>
      <object_component id="oc-150">
         <name>.debug_info</name>
         <load_address>0x232ee</load_address>
         <run_address>0x232ee</run_address>
         <size>0x145</size>
         <input_file_ref idref="fl-ef"/>
      </object_component>
      <object_component id="oc-365">
         <name>.debug_info</name>
         <load_address>0x23433</load_address>
         <run_address>0x23433</run_address>
         <size>0x9d</size>
      </object_component>
      <object_component id="oc-1aa">
         <name>.debug_line</name>
         <load_address>0x0</load_address>
         <run_address>0x0</run_address>
         <size>0x9c</size>
         <input_file_ref idref="fl-2"/>
      </object_component>
      <object_component id="oc-1ba">
         <name>.debug_line</name>
         <load_address>0x9c</load_address>
         <run_address>0x9c</run_address>
         <size>0x33</size>
         <input_file_ref idref="fl-2"/>
      </object_component>
      <object_component id="oc-1a8">
         <name>.debug_line</name>
         <load_address>0xcf</load_address>
         <run_address>0xcf</run_address>
         <size>0x33</size>
         <input_file_ref idref="fl-2"/>
      </object_component>
      <object_component id="oc-41">
         <name>.debug_line</name>
         <load_address>0x102</load_address>
         <run_address>0x102</run_address>
         <size>0x1f9</size>
         <input_file_ref idref="fl-2"/>
      </object_component>
      <object_component id="oc-1ae">
         <name>.debug_line</name>
         <load_address>0x2fb</load_address>
         <run_address>0x2fb</run_address>
         <size>0x33</size>
         <input_file_ref idref="fl-2"/>
      </object_component>
      <object_component id="oc-1b3">
         <name>.debug_line</name>
         <load_address>0x32e</load_address>
         <run_address>0x32e</run_address>
         <size>0x55</size>
         <input_file_ref idref="fl-2"/>
      </object_component>
      <object_component id="oc-12f">
         <name>.debug_line</name>
         <load_address>0x383</load_address>
         <run_address>0x383</run_address>
         <size>0x60</size>
         <input_file_ref idref="fl-2"/>
      </object_component>
      <object_component id="oc-12a">
         <name>.debug_line</name>
         <load_address>0x3e3</load_address>
         <run_address>0x3e3</run_address>
         <size>0x5d</size>
         <input_file_ref idref="fl-2"/>
      </object_component>
      <object_component id="oc-2a9">
         <name>.debug_line</name>
         <load_address>0x440</load_address>
         <run_address>0x440</run_address>
         <size>0x58</size>
         <input_file_ref idref="fl-2"/>
      </object_component>
      <object_component id="oc-e7">
         <name>.debug_line</name>
         <load_address>0x498</load_address>
         <run_address>0x498</run_address>
         <size>0x20</size>
         <input_file_ref idref="fl-2"/>
      </object_component>
      <object_component id="oc-bd">
         <name>.debug_line</name>
         <load_address>0x4b8</load_address>
         <run_address>0x4b8</run_address>
         <size>0x70</size>
         <input_file_ref idref="fl-2"/>
      </object_component>
      <object_component id="oc-212">
         <name>.debug_line</name>
         <load_address>0x528</load_address>
         <run_address>0x528</run_address>
         <size>0x56</size>
         <input_file_ref idref="fl-2"/>
      </object_component>
      <object_component id="oc-20e">
         <name>.debug_line</name>
         <load_address>0x57e</load_address>
         <run_address>0x57e</run_address>
         <size>0x1ee</size>
         <input_file_ref idref="fl-3"/>
      </object_component>
      <object_component id="oc-228">
         <name>.debug_line</name>
[...]
         <object_component_ref idref="oc-9e"/>
      </symbol>
      <symbol id="sm-58c">
         <name>uxTaskPriorityGetFromISR</name>
         <value>0x541</value>
         <object_component_ref idref="oc-9e"/>
      </symbol>
      <symbol id="sm-58d">
         <name>ulTaskNotifyTake</name>
         <value>0x1451</value>
         <object_component_ref idref="oc-9e"/>
      </symbol>
      <symbol id="sm-58e">
         <name>pcTaskGetName</name>
         <value>0xa55</value>
         <object_component_ref idref="oc-9e"/>
      </symbol>
      <symbol id="sm-58f">
         <name>xTaskCheckForTimeOut</name>
         <value>0xf43</value>
         <object_component_ref idref="oc-9e"/>
      </symbol>
      <symbol id="sm-590">
         <name>xTaskRemoveFromUnorderedEventList</name>
         <value>0xe5d</value>
         <object_component_ref idref="oc-9e"/>
      </symbol>
      <symbol id="sm-591">
         <name>vTaskPrioritySet</name>
         <value>0x599</value>
         <object_component_ref idref="oc-9e"/>
      </symbol>
      <symbol id="sm-592">
         <name>xTaskPriorityDisinherit</name>
         <value>0x133d</value>
         <object_component_ref idref="oc-9e"/>
      </symbol>
      <symbol id="sm-593">
         <name>vTaskStartScheduler</name>
         <value>0x889</value>
         <object_component_ref idref="oc-9e"/>
      </symbol>
      <symbol id="sm-594">
         <name>xTaskNotifyStateClear</name>
         <value>0x18c1</value>
         <object_component_ref idref="oc-9e"/>
      </symbol>
      <symbol id="sm-595">
         <name>pvTaskIncrementMutexHeldCount</name>
         <value>0x1439</value>
         <object_component_ref idref="oc-9e"/>
      </symbol>
      <symbol id="sm-596">
         <name>xTaskGenericNotify</name>
         <value>0x157d</value>
         <object_component_ref idref="oc-9e"/>
      </symbol>
      <symbol id="sm-597">
         <name>xTaskCreate</name>
         <value>0x145</value>
         <object_component_ref idref="oc-9e"/>
      </symbol>
      <symbol id="sm-598">
         <name>vTaskDelayUntil</name>
         <value>0x35d</value>
         <object_component_ref idref="oc-9e"/>
      </symbol>
      <symbol id="sm-599">
         <name>uxTaskGetTaskNumber</name>
         <value>0xfed</value>
         <object_component_ref idref="oc-9e"/>
      </symbol>
      <symbol id="sm-59a">
         <name>vTaskEndScheduler</name>
         <value>0x8f5</value>
         <object_component_ref idref="oc-9e"/>
      </symbol>
      <symbol id="sm-59b">
         <name>xTaskNotifyWait</name>
         <value>0x14cd</value>
         <object_component_ref idref="oc-9e"/>
      </symbol>
      <symbol id="sm-59c">
         <name>vTaskMissedYield</name>
         <value>0xfe5</value>
         <object_component_ref idref="oc-9e"/>
      </symbol>
      <symbol id="sm-59d">
         <name>uxTaskGetNumberOfTasks</name>
         <value>0xa4b</value>
         <object_component_ref idref="oc-9e"/>
      </symbol>
      <symbol id="sm-59e">
         <name>xTaskGenericNotifyFromISR</name>
         <value>0x1699</value>
         <object_component_ref idref="oc-9e"/>
      </symbol>
      <symbol id="sm-59f">
         <name>vTaskGetInfo</name>
         <value>0x10a1</value>
         <object_component_ref idref="oc-9e"/>
      </symbol>
      <symbol id="sm-5a0">
         <name>uxTaskPriorityGet</name>
         <value>0x511</value>
         <object_component_ref idref="oc-9e"/>
      </symbol>
      <symbol id="sm-5a1">
         <name>xTaskResumeAll</name>
         <value>0x929</value>
         <object_component_ref idref="oc-9e"/>
      </symbol>
      <symbol id="sm-5a2">
         <name>xTaskGetTickCount</name>
         <value>0xa27</value>
         <object_component_ref idref="oc-9e"/>
      </symbol>
      <symbol id="sm-5a3">
         <name>uxTaskGetSystemState</name>
         <value>0xa99</value>
         <object_component_ref idref="oc-9e"/>
      </symbol>
      <symbol id="sm-5a4">
         <name>pxCurrentTCB</name>
         <value>0x2000c950</value>
         <object_component_ref idref="oc-98"/>
      </symbol>
      <symbol id="sm-5a5">
         <name>vTaskNotifyGiveFromISR</name>
         <value>0x17d7</value>
         <object_component_ref idref="oc-9e"/>
      </symbol>
      <symbol id="sm-5a6">
         <name>eTaskGetState</name>
         <value>0x489</value>
         <object_component_ref idref="oc-9e"/>
      </symbol>
      <symbol id="sm-5a7">
         <name>vTaskSuspend</name>
         <value>0x6cd</value>
         <object_component_ref idref="oc-9e"/>
      </symbol>
      <symbol id="sm-5a8">
         <name>xTaskGetTickCountFromISR</name>
         <value>0xa37</value>
         <object_component_ref idref="oc-9e"/>
      </symbol>
      <symbol id="sm-5a9">
         <name>vTaskResume</name>
         <value>0x7f7</value>
         <object_component_ref idref="oc-9e"/>
      </symbol>
      <symbol id="sm-5aa">
         <name>vTaskSetTimeOutState</name>
         <value>0xf15</value>
         <object_component_ref idref="oc-9e"/>
      </symbol>
      <symbol id="sm-5ab">
         <name>xTaskIncrementTick</name>
         <value>0xb6d</value>
         <object_component_ref idref="oc-9e"/>
      </symbol>
      <symbol id="sm-5ac">
         <name>vTaskSwitchContext</name>
         <value>0xc9d</value>
         <object_component_ref idref="oc-9e"/>
      </symbol>
      <symbol id="sm-5ad">
         <name>uxTaskResetEventItemValue</name>
         <value>0x1417</value>
         <object_component_ref idref="oc-9e"/>
      </symbol>
      <symbol id="sm-5ae">
         <name>xTaskGetCurrentTaskHandle</name>
         <value>0x124f</value>
         <object_component_ref idref="oc-9e"/>
      </symbol>
      <symbol id="sm-5af">
         <name>vTaskPlaceOnUnorderedEventList</name>
         <value>0xd5d</value>
         <object_component_ref idref="oc-9e"/>
      </symbol>
      <symbol id="sm-5b0">
         <name>xTaskRemoveFromEventList</name>
         <value>0xdc1</value>
         <object_component_ref idref="oc-9e"/>
      </symbol>
      <symbol id="sm-5ce">
         <name>sensorOpt3001Enable</name>
         <value>0x4f21</value>
         <object_component_ref idref="oc-fb"/>
      </symbol>
      <symbol id="sm-5cf">
         <name>sensorOpt3001Read</name>
         <value>0x4f4d</value>
         <object_component_ref idref="oc-fb"/>
      </symbol>
      <symbol id="sm-5d0">
         <name>sensorOpt3001Convert</name>
         <value>0x5013</value>
         <object_component_ref idref="oc-fb"/>
      </symbol>
      <symbol id="sm-5d1">
         <name>sensorOpt3001Init</name>
         <value>0x4f15</value>
         <object_component_ref idref="oc-fb"/>
      </symbol>
      <symbol id="sm-5d2">
         <name>sensorOpt3001Test</name>
         <value>0x4fb1</value>
         <object_component_ref idref="oc-fb"/>
      </symbol>
      <symbol id="sm-5fc">
         <name>adcRefTempCal_1_2v_30</name>
         <value>0x2000c920</value>
      </symbol>
      <symbol id="sm-5fd">
         <name>adcRefTempCal_1_2v_85</name>
         <value>0x2000c924</value>
      </symbol>
      <symbol id="sm-5fe">
         <name>reverse</name>
         <value>0x4697</value>
         <object_component_ref idref="oc-10f"/>
      </symbol>
      <symbol id="sm-5ff">
         <name>temperatureSensorSample</name>
         <value>0x4631</value>
         <object_component_ref idref="oc-10f"/>
      </symbol>
      <symbol id="sm-600">
         <name>temperatureSensorInit</name>
         <value>0x45d5</value>
         <object_component_ref idref="oc-10f"/>
      </symbol>
      <symbol id="sm-601">
         <name>ftoa</name>
         <value>0x4751</value>
         <object_component_ref idref="oc-10f"/>
      </symbol>
      <symbol id="sm-602">
         <name>intToStr</name>
         <value>0x46e7</value>
         <object_component_ref idref="oc-10f"/>
      </symbol>
      <symbol id="sm-63a">
         <name>TMP006_readAmbientTemperature</name>
         <value>0x3c2d</value>
         <object_component_ref idref="oc-f5"/>
      </symbol>
      <symbol id="sm-63b">
         <name>TMP006_readObjectTemperature</name>
         <value>0x3c55</value>
         <object_component_ref idref="oc-f5"/>
      </symbol>
      <symbol id="sm-63c">
         <name>TMP006_init</name>
         <value>0x3be9</value>
         <object_component_ref idref="oc-f5"/>
      </symbol>
      <symbol id="sm-6f6">
         <name>CS_getMCLK</name>
         <value>0x5f71</value>
         <object_component_ref idref="oc-a5"/>
      </symbol>
      <symbol id="sm-6f7">
         <name>CS_clearInterruptFlag</name>
         <value>0x5ec9</value>
         <object_component_ref idref="oc-288"/>
      </symbol>
      <symbol id="sm-6f8">
         <name>CS_setDCOFrequency</name>
         <value>0x5081</value>
         <object_component_ref idref="oc-ef"/>
      </symbol>
      <symbol id="sm-6f9">
         <name>CS_getDCOFrequency</name>
         <value>0x542d</value>
         <object_component_ref idref="oc-282"/>
      </symbol>
      <symbol id="sm-6fa">
         <name>CS_getSMCLK</name>
         <value>0x5f89</value>
         <object_component_ref idref="oc-bf"/>
      </symbol>
      <symbol id="sm-6fb">
         <name>CS_setDCOCenteredFrequency</name>
         <value>0x5eed</value>
         <object_component_ref idref="oc-1c7"/>
      </symbol>
      <symbol id="sm-6fc">
         <name>CS_tuneDCOFrequency</name>
         <value>0x5c05</value>
         <object_component_ref idref="oc-1d3"/>
      </symbol>
      <symbol id="sm-71e">
         <name>I2C_masterReceiveMultiByteNext</name>
         <value>0x6015</value>
         <object_component_ref idref="oc-d2"/>
      </symbol>
      <symbol id="sm-71f">
         <name>I2C_getInterruptStatus</name>
         <value>0x600f</value>
         <object_component_ref idref="oc-cc"/>
      </symbol>
      <symbol id="sm-720">
         <name>I2C_masterReceiveMultiByteFinish</name>
         <value>0x5e69</value>
         <object_component_ref idref="oc-d8"/>
      </symbol>
      <symbol id="sm-736">
         <name>SysCtl_getTLVInfo</name>
         <value>0x5d01</value>
         <object_component_ref idref="oc-1cd"/>
      </symbol>
      <symbol id="sm-748">
         <name>_c_int00</name>
         <value>0x5c59</value>
         <object_component_ref idref="oc-25"/>
      </symbol>
      <symbol id="sm-749">
         <name>__stack</name>
         <value>0x2000fe00</value>
         <object_component_ref idref="oc-2b"/>
      </symbol>
      <symbol id="sm-767">
         <name>__TI_decompress_lzss</name>
         <value>0x5b9b</value>
         <object_component_ref idref="oc-13"/>
      </symbol>
      <symbol id="sm-77e">
         <name>__TI_decompress_none</name>
         <value>0x5ff5</value>
         <object_component_ref idref="oc-19"/>
      </symbol>
      <symbol id="sm-795">
         <name>__TI_zero_init</name>
         <value>0x6003</value>
         <object_component_ref idref="oc-1f"/>
      </symbol>
      <symbol id="sm-825">
         <name>pow</name>
         <value>0x2661</value>
         <object_component_ref idref="oc-1eb"/>
      </symbol>
      <symbol id="sm-826">
         <name>powl</name>
         <value>0x2661</value>
         <object_component_ref idref="oc-1eb"/>
      </symbol>
      <symbol id="sm-84a">
         <name>sqrtl</name>
         <value>0x4da5</value>
         <object_component_ref idref="oc-2ae"/>
      </symbol>
      <symbol id="sm-84b">
         <name>sqrt</name>
         <value>0x4da5</value>
         <object_component_ref idref="oc-2ae"/>
      </symbol>
      <symbol id="sm-853">
         <name>errno</name>
         <value>0x2000c9bc</value>
         <object_component_ref idref="oc-2b4"/>
      </symbol>
      <symbol id="sm-874">
         <name>C$$EXIT</name>
         <value>0x5cad</value>
         <object_component_ref idref="oc-87"/>
      </symbol>
      <symbol id="sm-875">
         <name>abort</name>
         <value>0x5cb1</value>
         <object_component_ref idref="oc-87"/>
      </symbol>
      <symbol id="sm-876">
         <name>exit</name>
         <value>0x5cb9</value>
         <object_component_ref idref="oc-87"/>
      </symbol>
      <symbol id="sm-877">
         <name>__TI_dtors_ptr</name>
         <value>0x2000c998</value>
         <object_component_ref idref="oc-159"/>
      </symbol>
      <symbol id="sm-878">
         <name>__TI_cleanup_ptr</name>
         <value>0x2000c994</value>
         <object_component_ref idref="oc-159"/>
      </symbol>
      <symbol id="sm-879">
         <name>__TI_enable_exit_profile_output</name>
         <value>0x2000c99c</value>
         <object_component_ref idref="oc-159"/>
      </symbol>
      <symbol id="sm-890">
         <name>__aeabi_dsub</name>
         <value>0x4bed</value>
         <object_component_ref idref="oc-1e6"/>
      </symbol>
      <symbol id="sm-891">
         <name>__aeabi_dadd</name>
         <value>0x4bf7</value>
         <object_component_ref idref="oc-1e6"/>
      </symbol>
      <symbol id="sm-8b3">
         <name>__aeabi_cdcmpeq</name>
         <value>0x5935</value>
         <object_component_ref idref="oc-2ba"/>
      </symbol>
      <symbol id="sm-8b4">
         <name>__aeabi_cdcmple</name>
         <value>0x5935</value>
         <object_component_ref idref="oc-2ba"/>
      </symbol>
      <symbol id="sm-8b5">
         <name>__aeabi_cdrcmple</name>
         <value>0x59bb</value>
         <object_component_ref idref="oc-2bf"/>
      </symbol>
      <symbol id="sm-8c9">
         <name>__aeabi_ddiv</name>
         <value>0x51cd</value>
         <object_component_ref idref="oc-1f1"/>
      </symbol>
      <symbol id="sm-8d4">
         <name>__aeabi_dmul</name>
         <value>0x5531</value>
         <object_component_ref idref="oc-1e1"/>
      </symbol>
      <symbol id="sm-8e0">
         <name>__aeabi_d2f</name>
         <value>0x5b2d</value>
         <object_component_ref idref="oc-1f6"/>
      </symbol>
      <symbol id="sm-8eb">
         <name>__aeabi_f2d</name>
         <value>0x5e31</value>
         <object_component_ref idref="oc-21b"/>
      </symbol>
      <symbol id="sm-8f5">
         <name>__aeabi_i2d</name>
         <value>0x5e99</value>
         <object_component_ref idref="oc-1dc"/>
      </symbol>
      <symbol id="sm-910">
         <name>memcpy</name>
         <value>0x5899</value>
         <object_component_ref idref="oc-57"/>
      </symbol>
      <symbol id="sm-911">
         <name>__aeabi_memcpy</name>
         <value>0x5899</value>
         <object_component_ref idref="oc-57"/>
      </symbol>
      <symbol id="sm-912">
         <name>__aeabi_memcpy8</name>
         <value>0x5899</value>
         <object_component_ref idref="oc-57"/>
      </symbol>
      <symbol id="sm-913">
         <name>__aeabi_memcpy4</name>
         <value>0x5899</value>
         <object_component_ref idref="oc-57"/>
      </symbol>
      <symbol id="sm-922">
         <name>__aeabi_memset</name>
         <value>0x5a43</value>
         <object_component_ref idref="oc-63"/>
      </symbol>
      <symbol id="sm-923">
         <name>memset</name>
         <value>0x5a49</value>
         <object_component_ref idref="oc-63"/>
      </symbol>
      <symbol id="sm-924">
         <name>__aeabi_memset8</name>
         <value>0x5a43</value>
         <object_component_ref idref="oc-63"/>
      </symbol>
      <symbol id="sm-925">
         <name>__aeabi_memset4</name>
         <value>0x5a43</value>
         <object_component_ref idref="oc-63"/>
      </symbol>
      <symbol id="sm-926">
         <name>__aeabi_memclr8</name>
         <value>0x5a41</value>
         <object_component_ref idref="oc-63"/>
      </symbol>
      <symbol id="sm-927">
         <name>__aeabi_memclr4</name>
         <value>0x5a41</value>
         <object_component_ref idref="oc-63"/>
      </symbol>
      <symbol id="sm-928">
         <name>__aeabi_memclr</name>
         <value>0x5a41</value>
         <object_component_ref idref="oc-63"/>
      </symbol>
      <symbol id="sm-932">
         <name>__mpu_init</name>
         <value>0x4da3</value>
         <object_component_ref idref="oc-6f"/>
      </symbol>
      <symbol id="sm-93c">
         <name>_system_pre_init</name>
         <value>0x601b</value>
         <object_component_ref idref="oc-75"/>
      </symbol>
      <symbol id="sm-973">
         <name>exp2l</name>
         <value>0x4825</value>
         <object_component_ref idref="oc-205"/>
      </symbol>
      <symbol id="sm-974">
         <name>exp2</name>
         <value>0x4825</value>
         <object_component_ref idref="oc-205"/>
      </symbol>
      <symbol id="sm-996">
         <name>scalbn</name>
         <value>0x562d</value>
         <object_component_ref idref="oc-2c4"/>
      </symbol>
      <symbol id="sm-997">
         <name>scalbnl</name>
         <value>0x562d</value>
         <object_component_ref idref="oc-2c4"/>
      </symbol>
      <symbol id="sm-998">
         <name>ldexpl</name>
         <value>0x562d</value>
         <object_component_ref idref="oc-2c4"/>
      </symbol>
      <symbol id="sm-999">
         <name>ldexp</name>
         <value>0x562d</value>
         <object_component_ref idref="oc-2c4"/>
      </symbol>
      <symbol id="sm-9a1">
         <name>main_func_sp</name>
         <value>0x2000c9c8</value>
         <object_component_ref idref="oc-8d"/>
      </symbol>
      <symbol id="sm-9b1">
         <name>strcat</name>
         <value>0x5f51</value>
         <object_component_ref idref="oc-115"/>
      </symbol>
      <symbol id="sm-9bf">
         <name>strcpy</name>
         <value>0x5fe1</value>
         <object_component_ref idref="oc-109"/>
      </symbol>
      <symbol id="sm-9c9">
         <name>__aeabi_ui2d</name>
         <value>0x5f31</value>
         <object_component_ref idref="oc-200"/>
      </symbol>
      <symbol id="sm-9e2">
         <name>_nop</name>
         <value>0x5fc7</value>
         <object_component_ref idref="oc-243"/>
      </symbol>
      <symbol id="sm-9e3">
         <name>_lock</name>
         <value>0x2000c9ac</value>
         <object_component_ref idref="oc-15c"/>
      </symbol>
      <symbol id="sm-9e4">
         <name>_unlock</name>
         <value>0x2000c9b0</value>
         <object_component_ref idref="oc-15c"/>
      </symbol>
      <symbol id="sm-9e5">
         <name>_register_lock</name>
         <value>0x5fbf</value>
         <object_component_ref idref="oc-243"/>
      </symbol>
      <symbol id="sm-9e6">
         <name>_register_unlock</name>
         <value>0x5fb9</value>
         <object_component_ref idref="oc-243"/>
      </symbol>
      <symbol id="sm-9fa">
         <name>_args_main</name>
         <value>0x5fa1</value>
         <object_component_ref idref="oc-81"/>
      </symbol>
      <symbol id="sm-a24">
         <name>__TI_auto_init</name>
         <value>0x5abd</value>
         <object_component_ref idref="oc-7b"/>
      </symbol>
      <symbol id="sm-a3e">
         <name>copy_in</name>
         <value>0x5d9d</value>
         <object_component_ref idref="oc-149"/>
      </symbol>
      <symbol id="sm-a48">
         <name>copysign</name>
         <value>0x5fcd</value>
         <object_component_ref idref="oc-328"/>
      </symbol>
      <symbol id="sm-a49">
         <name>copysignl</name>
         <value>0x5fcd</value>
         <object_component_ref idref="oc-328"/>
      </symbol>
      <symbol id="sm-a53">
         <name>_system_post_cinit</name>
         <value>0x57fb</value>
         <object_component_ref idref="oc-14f"/>
      </symbol>
      <symbol id="sm-a54">
         <name>__TI_static_base__</name>
         <value>0x0</value>
      </symbol>
      <symbol id="sm-a57">
         <name>SHT$$INIT_ARRAY$$Limit</name>
         <value>0x0</value>
      </symbol>
      <symbol id="sm-a58">
         <name>SHT$$INIT_ARRAY$$Base</name>
         <value>0x0</value>
      </symbol>
   </symbol_table>
   <title>Link successful</title>
</link_info>
