******************************************************************************
                  TI ARM Linker Unix v16.9.4                   
******************************************************************************
>> Linked Fri Oct 20 12:55:23 2017

OUTPUT FILE NAME:   <PAC2.out>
ENTRY POINT SYMBOL: "_c_int00"  address: 000087b1


MEMORY CONFIGURATION

         name            origin    length      used     unused   attr    fill
----------------------  --------  ---------  --------  --------  ----  --------
  MAIN                  00000000   00040000  00009b5c  000364a4  R  X
  INFO                  00200000   00004000  00000000  00004000  R  X
  SRAM_CODE             01000000   00010000  0000ccb3  0000334d  RW X
  SRAM_DATA             20000000   00010000  0000ccb3  0000334d  RW  


SEGMENT ALLOCATION MAP

run origin  load origin   length   init length attrs members
----------  ----------- ---------- ----------- ----- -------
00000000    00000000    00009b60   00009b60    r-x
  00000000    00000000    00000144   00000144    r-- .intvecs
  00000144    00000144    00008862   00008862    r-x .text
  000089a8    000089a8    000010f6   000010f6    r-- .const
  00009aa0    00009aa0    000000c0   000000c0    r-- .cinit
20000000    20000000    0000cab9   00000000    rw-
  20000000    20000000    000000e4   00000000    rw- .vtable
  200000e4    200000e4    0000c8de   00000000    rw- .bss
  2000c9c8    2000c9c8    000000f1   00000000    rw- .data
2000fe00    2000fe00    00000200   00000000    rw-
  2000fe00    2000fe00    00000200   00000000    rw- .stack


SECTION ALLOCATION MAP

 output                                  attributes/
section   page    origin      length       input sections
--------  ----  ----------  ----------   ----------------
.intvecs   0    00000000    00000144     
                  00000000    00000144     startup_msp432p401r_ccs.obj (.intvecs:retain)

.text      0    00000144    00008862     
                  00000144    000017e8     tasks.obj (.text)
                  0000192c    000015a8     flash.obj (.text)
                  00002ed4    00000d7c     cs.obj (.text)
                  00003c50    000009ac     rtsv7M4_T_le_v4SPD16_eabi.lib : e_pow.obj (.text)
                  000045fc    00000838     pcm.obj (.text)
                  00004e34    000007a8     i2c.obj (.text)
                  000055dc    00000508     rtc_c.obj (.text)
                  00005ae4    00000480     gpio.obj (.text)
                  00005f64    0000043c     tmp006.obj (.text)
                  000063a0    0000042c     i2c_driver.obj (.text)
                  000067cc    000003f0     interrupt.obj (.text)
                  00006bbc    0000032c     system_msp432p401r.obj (.text)
                  00006ee8    00000288     port.obj (.text)
                  00007170    00000244     sysctl.obj (.text)
                  000073b4    000001fc     rtsv7M4_T_le_v4SPD16_eabi.lib : s_exp2.obj (.text)
                  000075b0    000001cc     heap_2.obj (.text)
                  0000777c    000001b6     rtsv7M4_T_le_v4SPD16_eabi.lib : fd_add_t2.obj (.text)
                  00007932    00000002                                   : mpu_init.obj (.text)
                  00007934    00000170     main.obj (.text)
                  00007aa4    00000170     rtsv7M4_T_le_v4SPD16_eabi.lib : e_sqrt.obj (.text)
                  00007c14    0000016c     opt3001.obj (.text)
                  00007d80    00000136     rtsv7M4_T_le_v4SPD16_eabi.lib : fd_div_t2.obj (.text)
                  00007eb6    0000012a     list.obj (.text)
                  00007fe0    000000fc     rtsv7M4_T_le_v4SPD16_eabi.lib : fd_mul_t2.obj (.text)
                  000080dc    000000fc                                   : s_scalbn.obj (.text)
                  000081d8    000000d8     wdt_a.obj (.text)
                  000082b0    000000d2     portasm.obj (.text)
                  00008382    00000002     rtsv7M4_T_le_v4SPD16_eabi.lib : startup.obj (.text)
                  00008384    000000c0     fpu.obj (.text)
                  00008444    0000009c     rtsv7M4_T_le_v4SPD16_eabi.lib : memcpy_t2.obj (.text)
                  000084e0    00000086                                   : fd_cmp_t2.obj (.text:__aeabi_cdcmple)
                  00008566    00000086                                   : fd_cmp_t2.obj (.text:__aeabi_cdrcmple)
                  000085ec    0000007a                                   : memset_t2.obj (.text)
                  00008666    00000002     --HOLE-- [fill = 0]
                  00008668    00000070                                   : autoinit.obj (.text)
                  000086d8    0000006e                                   : fd_tos_t2.obj (.text)
                  00008746    00000068                                   : copy_decompress_lzss.obj (.text:decompress:lzss)
                  000087ae    00000002     --HOLE-- [fill = 0]
                  000087b0    00000054                                   : boot.obj (.text)
                  00008804    00000054                                   : exit.obj (.text)
                  00008858    0000004c                                   : cpy_tbl.obj (.text)
                  000088a4    0000003e     cpu.obj (.text)
                  000088e2    0000002e     rtsv7M4_T_le_v4SPD16_eabi.lib : i_tofd_t2.obj (.text)
                  00008910    00000020                                   : u_tofd_t2.obj (.text)
                  00008930    00000018                                   : args_main.obj (.text)
                  00008948    00000016     startup_msp432p401r_ccs.obj (.text)
                  0000895e    00000002     --HOLE-- [fill = 0]
                  00008960    00000014     rtsv7M4_T_le_v4SPD16_eabi.lib : _lock.obj (.text)
                  00008974    00000014                                   : s_copysign.obj (.text)
                  00008988    0000000e                                   : copy_decompress_none.obj (.text:decompress:none)
                  00008996    0000000c                                   : copy_zero_init.obj (.text:decompress:ZI)
                  000089a2    00000004                                   : pre_init.obj (.text)

.const     0    000089a8    000010f6     
                  000089a8    00001000     rtsv7M4_T_le_v4SPD16_eabi.lib : s_exp2.obj (.const:tbl)
                  000099a8    00000050     interrupt.obj (.const:g_pulRegs)
                  000099f8    00000030     rtsv7M4_T_le_v4SPD16_eabi.lib : e_pow.obj (.const:$O1$$)
                  00009a28    00000020     interrupt.obj (.const:g_pulPriority)
                  00009a48    0000001c     gpio.obj (.const:GPIO_PORT_TO_INT)
                  00009a64    00000008     flash.obj (.const)
                  00009a6c    00000008     interrupt.obj (.const:g_pulDisRegs)
                  00009a74    00000008     interrupt.obj (.const:g_pulEnRegs)
                  00009a7c    00000008     interrupt.obj (.const:g_pulPendRegs)
                  00009a84    00000008     interrupt.obj (.const:g_pulUnpendRegs)
                  00009a8c    00000008     main.obj (.const)
                  00009a94    00000008     port.obj (.const)
                  00009a9c    00000002     heap_2.obj (.const)

.cinit     0    00009aa0    000000c0     
                  00009aa0    0000008c     (.cinit..data.load) [load image, compression = lzss]
                  00009b2c    0000000c     (__TI_handler_table)
                  00009b38    00000008     (.cinit..bss.load) [load image, compression = zero_init]
                  00009b40    00000008     (.cinit..vtable.load) [load image, compression = zero_init]
                  00009b48    00000018     (__TI_cinit_table)

.init_array 
*          0    00000000    00000000     UNINITIALIZED

.binit     0    00000000    00000000     

.vtable    0    20000000    000000e4     UNINITIALIZED
                  20000000    000000e4     interrupt.obj (.vtable)

.bss       0    200000e4    0000c8de     UNINITIALIZED
                  200000e4    0000c800     heap_2.obj (.bss:ucHeap)
                  2000c8e4    00000064     tasks.obj (.bss:pxReadyTasksLists)
                  2000c948    00000014     tasks.obj (.bss:xDelayedTaskList1)
                  2000c95c    00000014     tasks.obj (.bss:xDelayedTaskList2)
                  2000c970    00000014     tasks.obj (.bss:xPendingReadyList)
                  2000c984    00000014     tasks.obj (.bss:xSuspendedTaskList)
                  2000c998    00000008     cs.obj (.bss)
                  2000c9a0    00000008     tasks.obj (.bss)
                  2000c9a8    00000008     heap_2.obj (.bss:xEnd)
                  2000c9b0    00000008     heap_2.obj (.bss:xStart)
                  2000c9b8    00000004     (.common:g_ui32ByteCount)
                  2000c9bc    00000004     (.common:pData)
                  2000c9c0    00000001     (.common:ui8DummyRead)
                  2000c9c1    00000001     (.common:ui8Status)

.data      0    2000c9c8    000000f1     UNINITIALIZED
                  2000c9c8    00000040     flash.obj (.data:__getBurstProgramRegs)
                  2000ca08    00000030     gpio.obj (.data:GPIO_PORT_TO_BASE)
                  2000ca38    00000030     tasks.obj (.data)
                  2000ca68    00000014     i2c_driver.obj (.data:i2cConfig)
                  2000ca7c    0000000c     rtsv7M4_T_le_v4SPD16_eabi.lib : exit.obj (.data:$O1$$)
                  2000ca88    0000000c     port.obj (.data)
                  2000ca94    00000008     rtsv7M4_T_le_v4SPD16_eabi.lib : _lock.obj (.data:$O1$$)
                  2000ca9c    00000008     heap_2.obj (.data)
                  2000caa4    00000004     rtsv7M4_T_le_v4SPD16_eabi.lib : errno.obj (.data)
                  2000caa8    00000008     tmp006.obj (.data)
                  2000cab0    00000004     rtsv7M4_T_le_v4SPD16_eabi.lib : stkdepth_vars.obj (.data)
                  2000cab4    00000004     system_msp432p401r.obj (.data)
                  2000cab8    00000001     i2c_driver.obj (.data)

.stack     0    2000fe00    00000200     UNINITIALIZED
                  2000fe00    00000200     --HOLE--

MODULE SUMMARY

       Module                        code    ro data   rw data
       ------                        ----    -------   -------
    ./
       i2c_driver.obj                1068    0         62     
       system_msp432p401r.obj        812     0         8      
       main.obj                      368     8         0      
       startup_msp432p401r_ccs.obj   22      324       0      
    +--+-----------------------------+-------+---------+---------+
       Total:                        2270    332       70     
                                                              
    ./freertos/cortex-m4/
       port.obj                      648     8         24     
       portasm.obj                   210     0         0      
    +--+-----------------------------+-------+---------+---------+
       Total:                        858     8         24     
                                                              
    ./freertos/src/
       heap_2.obj                    460     2         102448 
       tasks.obj                     6120    0         472    
       list.obj                      298     0         0      
    +--+-----------------------------+-------+---------+---------+
       Total:                        6878    2         102920 
                                                              
    ./msp432/
       flash.obj                     5544    8         128    
       cs.obj                        3452    0         16     
       pcm.obj                       2104    0         0      
       i2c.obj                       1960    0         0      
       interrupt.obj                 1008    144       456    
       rtc_c.obj                     1288    0         0      
       gpio.obj                      1152    28        96     
       sysctl.obj                    580     0         0      
       wdt_a.obj                     216     0         0      
       fpu.obj                       192     0         0      
       cpu.obj                       62      0         0      
    +--+-----------------------------+-------+---------+---------+
       Total:                        17558   180       696    
                                                              
    ./sensors/
       tmp006.obj                    1084    0         16     
       opt3001.obj                   364     0         0      
    +--+-----------------------------+-------+---------+---------+
       Total:                        1448    0         16     
                                                              
    /opt/ti/ccsv7/tools/compiler/ti-cgt-arm_16.9.4.LTS/lib/rtsv7M4_T_le_v4SPD16_eabi.lib
       s_exp2.obj                    508     4096      0      
       e_pow.obj                     2476    48        0      
       fd_add_t2.obj                 438     0         0      
       e_sqrt.obj                    368     0         0      
       fd_div_t2.obj                 310     0         0      
       fd_cmp_t2.obj                 268     0         0      
       fd_mul_t2.obj                 252     0         0      
       s_scalbn.obj                  252     0         0      
       memcpy_t2.obj                 156     0         0      
       memset_t2.obj                 122     0         0      
       autoinit.obj                  112     0         0      
       fd_tos_t2.obj                 110     0         0      
       exit.obj                      84      0         24     
       copy_decompress_lzss.obj      104     0         0      
       boot.obj                      84      0         0      
       cpy_tbl.obj                   76      0         0      
       i_tofd_t2.obj                 46      0         0      
       _lock.obj                     20      0         16     
       u_tofd_t2.obj                 32      0         0      
       args_main.obj                 24      0         0      
       s_copysign.obj                20      0         0      
       copy_decompress_none.obj      14      0         0      
       copy_zero_init.obj            12      0         0      
       errno.obj                     0       0         8      
       stkdepth_vars.obj             0       0         8      
       pre_init.obj                  4       0         0      
       mpu_init.obj                  2       0         0      
       startup.obj                   2       0         0      
    +--+-----------------------------+-------+---------+---------+
       Total:                        5896    4144      56     
                                                              
       Stack:                        0       0         1024   
       Linker Generated:             0       192       0      
    +--+-----------------------------+-------+---------+---------+
       Grand Total:                  34908   4858      104806 


LINKER GENERATED COPY TABLES

__TI_cinit_table @ 00009b48 records: 3, size/record: 8, table size: 24
	.data: load addr=00009aa0, load size=0000008c bytes, run addr=2000c9c8, run size=000000f1 bytes, compression=lzss
	.bss: load addr=00009b38, load size=00000008 bytes, run addr=200000e4, run size=0000c8de bytes, compression=zero_init
	.vtable: load addr=00009b40, load size=00000008 bytes, run addr=20000000, run size=000000e4 bytes, compression=zero_init


LINKER GENERATED HANDLER TABLE

__TI_handler_table @ 00009b2c records: 3, size/record: 4, table size: 12
	index: 0, handler: __TI_zero_init
	index: 1, handler: __TI_decompress_lzss
	index: 2, handler: __TI_decompress_none


GLOBAL SYMBOLS: SORTED ALPHABETICALLY BY Name 

address   name                                       
-------   ----                                       
00008805  C$$EXIT                                    
000088d9  CPU_basepriGet                             
000088cb  CPU_basepriSet                             
000088a5  CPU_cpsid                                  
000088bb  CPU_cpsie                                  
000088b1  CPU_primask                                
000088c7  CPU_wfi                                    
00003bd5  CS_clearInterruptFlag                      
0000347d  CS_disableClockRequest                     
00003563  CS_disableDCOExternalResistor              
00003aa9  CS_disableFaultCounter                     
00003b93  CS_disableInterrupt                        
00003455  CS_enableClockRequest                      
000034c5  CS_enableDCOExternalResistor               
00003a7d  CS_enableFaultCounter                      
00003b71  CS_enableInterrupt                         
00003a15  CS_getACLK                                 
000039d5  CS_getBCLK                                 
0000365d  CS_getDCOFrequency                         
00003bbb  CS_getEnabledInterruptStatus               
000039f1  CS_getHSMCLK                               
00003bb5  CS_getInterruptStatus                      
00003a5b  CS_getMCLK                                 
00003a39  CS_getSMCLK                                
00003175  CS_initClockSignal                         
00003bf7  CS_registerInterrupt                       
00003ad5  CS_resetFaultCounter                       
00003581  CS_setDCOCenteredFrequency                 
000034ed  CS_setDCOExternalResistorCalibration       
000037fd  CS_setDCOFrequency                         
00003139  CS_setExternalClockSourceFrequency         
0000349f  CS_setReferenceOscillatorFrequency         
00003b21  CS_startFaultCounter                       
00003279  CS_startHFXT                               
0000329d  CS_startHFXTWithTimeout                    
00003361  CS_startLFXT                               
00003385  CS_startLFXTWithTimeout                    
000035b9  CS_tuneDCOFrequency                        
00003c0b  CS_unregisterInterrupt                     
00006715  EUSCIB1_IRQHandler                         
00008397  FPU_disableModule                          
000083c3  FPU_disableStacking                        
000083b7  FPU_enableLazyStacking                     
00008385  FPU_enableModule                           
000083a5  FPU_enableStacking                         
00008403  FPU_setFlushToZeroMode                     
000083cf  FPU_setHalfPrecisionMode                   
000083e9  FPU_setNaNMode                             
0000841d  FPU_setRoundingMode                        
00002983  FlashCtl_clearInterruptFlag                
00002843  FlashCtl_clearProgramVerification          
00002959  FlashCtl_disableInterrupt                  
00001ea9  FlashCtl_disableReadBuffering              
000028ad  FlashCtl_disableWordProgramming            
00002945  FlashCtl_enableInterrupt                   
00001e55  FlashCtl_enableReadBuffering               
0000287d  FlashCtl_enableWordProgramming             
000024d5  FlashCtl_eraseSector                       
00002973  FlashCtl_getEnabledInterruptStatus         
0000296d  FlashCtl_getInterruptStatus                
00001ad7  FlashCtl_getMemoryInfo                     
00002339  FlashCtl_getReadMode                       
00002913  FlashCtl_getWaitState                      
00002363  FlashCtl_initiateMassErase                 
000025fd  FlashCtl_initiateSectorErase               
00001fd9  FlashCtl_isSectorProtected                 
000028b9  FlashCtl_isWordProgrammingEnabled          
00002389  FlashCtl_performMassErase                  
0000269d  FlashCtl_programMemory                     
00001f79  FlashCtl_protectSector                     
00002997  FlashCtl_registerInterrupt                 
00002809  FlashCtl_setProgramVerification            
000022cd  FlashCtl_setReadMode                       
000028d5  FlashCtl_setWaitState                      
00001f09  FlashCtl_unprotectSector                   
000029ab  FlashCtl_unregisterInterrupt               
00002065  FlashCtl_verifyMemory                      
00005e07  GPIO_clearInterruptFlag                    
00005dc7  GPIO_disableInterrupt                      
00005da5  GPIO_enableInterrupt                       
00005e5f  GPIO_getEnabledInterruptStatus             
00005d77  GPIO_getInputPinValue                      
00005de9  GPIO_getInterruptStatus                    
00005e29  GPIO_interruptEdgeSelect                   
00005f1f  GPIO_registerInterrupt                     
00005b1f  GPIO_setAsInputPin                         
00005cd3  GPIO_setAsInputPinWithPullDownResistor     
00005d25  GPIO_setAsInputPinWithPullUpResistor       
00005ae5  GPIO_setAsOutputPin                        
00005be9  GPIO_setAsPeripheralModuleFunctionInputPin 
00005b65  GPIO_setAsPeripheralModuleFunctionOutputPin
00005edb  GPIO_setDriveStrengthHigh                  
00005efd  GPIO_setDriveStrengthLow                   
00005c6d  GPIO_setOutputHighOnPin                    
00005c8f  GPIO_setOutputLowOnPin                     
00005cb1  GPIO_toggleOutputOnPin                     
00005f3f  GPIO_unregisterInterrupt                   
00005495  I2C_clearInterruptFlag                     
0000547f  I2C_disableInterrupt                       
00004ee7  I2C_disableModule                          
00005449  I2C_disableMultiMasterMode                 
00005469  I2C_enableInterrupt                        
00004ed1  I2C_enableModule                           
00005429  I2C_enableMultiMasterMode                  
000054c3  I2C_getEnabledInterruptStatus              
000054ab  I2C_getInterruptStatus                     
000054d3  I2C_getMode                                
000053cf  I2C_getReceiveBufferAddressForDMA          
000053dd  I2C_getTransmitBufferAddressForDMA         
000063a1  I2C_init                                   
00004e35  I2C_initMaster                             
00004e97  I2C_initSlave                              
00004f8b  I2C_isBusBusy                              
000053fd  I2C_masterIsStartSent                      
000053eb  I2C_masterIsStopSent                       
000052f5  I2C_masterReceiveMultiByteFinish           
00005333  I2C_masterReceiveMultiByteFinishWithTimeout
000052dd  I2C_masterReceiveMultiByteNext             
00005391  I2C_masterReceiveMultiByteStop             
000053a5  I2C_masterReceiveSingle                    
00004f2d  I2C_masterReceiveSingleByte                
000052c3  I2C_masterReceiveStart                     
000051a3  I2C_masterSendMultiByteFinish              
000051f1  I2C_masterSendMultiByteFinishWithTimeout   
00005139  I2C_masterSendMultiByteNext                
00005165  I2C_masterSendMultiByteNextWithTimeout     
0000508f  I2C_masterSendMultiByteStart               
000050dd  I2C_masterSendMultiByteStartWithTimeout    
0000525d  I2C_masterSendMultiByteStop                
00005287  I2C_masterSendMultiByteStopWithTimeout     
00004f9d  I2C_masterSendSingleByte                   
00005003  I2C_masterSendSingleByteWithTimeout        
00005415  I2C_masterSendStart                        
0000644d  I2C_read                                   
00006659  I2C_read16                                 
0000651b  I2C_readBurst                              
000054e9  I2C_registerInterrupt                      
00004f11  I2C_setMode                                
00004efd  I2C_setSlaveAddress                        
00004f77  I2C_slaveGetData                           
00004f61  I2C_slavePutData                           
000055ab  I2C_slaveSendNAK                           
0000554f  I2C_unregisterInterrupt                    
000063b7  I2C_write                                  
000065eb  I2C_write16                                
0000698f  Interrupt_disableInterrupt                 
000067df  Interrupt_disableMaster                    
00006b8d  Interrupt_disableSleepOnIsrExit            
0000691d  Interrupt_enableInterrupt                  
000067cf  Interrupt_enableMaster                     
00006b7b  Interrupt_enableSleepOnIsrExit             
000068f7  Interrupt_getPriority                      
0000686f  Interrupt_getPriorityGrouping              
00006b5b  Interrupt_getPriorityMask                  
00006b75  Interrupt_getVectorTableAddress            
00006a01  Interrupt_isEnabled                        
00006a8d  Interrupt_pendInterrupt                    
000067ef  Interrupt_registerInterrupt                
000068a7  Interrupt_setPriority                      
00006855  Interrupt_setPriorityGrouping              
00006b4b  Interrupt_setPriorityMask                  
00006b65  Interrupt_setVectorTableAddress            
00006afd  Interrupt_unpendInterrupt                  
00006841  Interrupt_unregisterInterrupt              
00004dd7  PCM_clearInterruptFlag                     
00004dad  PCM_disableInterrupt                       
00004d85  PCM_disableRudeMode                        
00004d99  PCM_enableInterrupt                        
00004d73  PCM_enableRudeMode                         
0000477f  PCM_getCoreVoltageLevel                    
00004dc7  PCM_getEnabledInterruptStatus              
00004dc1  PCM_getInterruptStatus                     
00004725  PCM_getPowerMode                           
00004d67  PCM_getPowerState                          
00004c99  PCM_gotoLPM0                               
00004cb7  PCM_gotoLPM0InterruptSafe                  
00004cd3  PCM_gotoLPM3                               
00004d4b  PCM_gotoLPM3InterruptSafe                  
00004c6d  PCM_gotoLPM4                               
00004c7d  PCM_gotoLPM4InterruptSafe                  
00004deb  PCM_registerInterrupt                      
000046f3  PCM_setCoreVoltageLevel                    
00004715  PCM_setCoreVoltageLevelNonBlocking         
00004703  PCM_setCoreVoltageLevelWithTimeout         
00004925  PCM_setPowerMode                           
00004935  PCM_setPowerModeNonBlocking                
00004945  PCM_setPowerModeWithTimeout                
00004bf7  PCM_setPowerState                          
00004c19  PCM_setPowerStateNonBlocking               
00004c07  PCM_setPowerStateWithTimeout               
00004c29  PCM_shutdownDevice                         
00004dff  PCM_unregisterInterrupt                    
00005a39  RTC_C_clearInterruptFlag                   
00005883  RTC_C_convertBCDToBinary                   
0000589b  RTC_C_convertBinaryToBCD                   
000057df  RTC_C_definePrescaleEvent                  
00005909  RTC_C_disableInterrupt                     
000058b3  RTC_C_enableInterrupt                      
00005711  RTC_C_getCalendarTime                      
000059d9  RTC_C_getEnabledInterruptStatus            
00005971  RTC_C_getInterruptStatus                   
00005807  RTC_C_getPrescaleValue                     
000055fb  RTC_C_holdClock                            
0000569f  RTC_C_initCalendar                         
00005a7f  RTC_C_registerInterrupt                    
00005777  RTC_C_setCalendarAlarm                     
000057af  RTC_C_setCalendarEvent                     
00005649  RTC_C_setCalibrationData                   
00005619  RTC_C_setCalibrationFrequency              
00005833  RTC_C_setPrescaleValue                     
00005675  RTC_C_setTemperatureCompensation           
000055dd  RTC_C_startClock                           
00005a9d  RTC_C_unregisterInterrupt                  
UNDEFED   SHT$$INIT_ARRAY$$Base                      
UNDEFED   SHT$$INIT_ARRAY$$Limit                     
00007363  SysCtl_disableGlitchFilter                 
000071f3  SysCtl_disableNMISource                    
000072fb  SysCtl_disablePeripheralAtCPUHalt          
0000723d  SysCtl_disableSRAMBank                     
000072c1  SysCtl_disableSRAMBankRetention            
00007357  SysCtl_enableGlitchFilter                  
00007207  SysCtl_enableNMISource                     
000072e7  SysCtl_enablePeripheralAtCPUHalt           
00007221  SysCtl_enableSRAMBank                      
000072a5  SysCtl_enableSRAMBankRetention             
000071ed  SysCtl_getFlashSize                        
0000721b  SysCtl_getNMISourceStatus                  
000071e7  SysCtl_getSRAMSize                         
00007171  SysCtl_getTLVInfo                          
0000736f  SysCtl_getTempCalibrationConstant          
000072dd  SysCtl_rebootDevice                        
00007333  SysCtl_setWDTPasswordViolationResetType    
0000730f  SysCtl_setWDTTimeoutResetType              
2000cab4  SystemCoreClock                            
00006bbd  SystemCoreClockUpdate                      
00006e31  SystemInit                                 
00005f65  TMP006_init                                
00005fa9  TMP006_readAmbientTemperature              
00005fd1  TMP006_readObjectTemperature               
4000480c  WDTCTL_SYM                                 
00008219  WDT_A_clearTimer                           
000081d9  WDT_A_holdTimer                            
00008255  WDT_A_initIntervalTimer                    
00008239  WDT_A_initWatchdogTimer                    
00008289  WDT_A_registerInterrupt                    
00008271  WDT_A_setPasswordViolationReset            
0000827d  WDT_A_setTimeoutReset                      
000081f9  WDT_A_startTimer                           
0000829d  WDT_A_unregisterInterrupt                  
00002daf  __FlashCtl_remaskBurstDataPost             
00002c95  __FlashCtl_remaskBurstDataPre              
00002ad9  __FlashCtl_remaskData32Post                
00002bbd  __FlashCtl_remaskData32Pre                 
000029bb  __FlashCtl_remaskData8Post                 
00002a3b  __FlashCtl_remaskData8Pre                  
20010000  __STACK_END                                
00000200  __STACK_SIZE                               
00009b48  __TI_CINIT_Base                            
00009b60  __TI_CINIT_Limit                           
00009b2c  __TI_Handler_Table_Base                    
00009b38  __TI_Handler_Table_Limit                   
00008669  __TI_auto_init                             
2000ca7c  __TI_cleanup_ptr                           
00008747  __TI_decompress_lzss                       
00008989  __TI_decompress_none                       
2000ca80  __TI_dtors_ptr                             
2000ca84  __TI_enable_exit_profile_output            
ffffffff  __TI_pprof_out_hndl                        
ffffffff  __TI_prof_data_size                        
ffffffff  __TI_prof_data_start                       
00000000  __TI_static_base__                         
00008997  __TI_zero_init                             
000084e1  __aeabi_cdcmpeq                            
000084e1  __aeabi_cdcmple                            
00008567  __aeabi_cdrcmple                           
000086d9  __aeabi_d2f                                
00007787  __aeabi_dadd                               
00007d81  __aeabi_ddiv                               
00007fe1  __aeabi_dmul                               
0000777d  __aeabi_dsub                               
000088e3  __aeabi_i2d                                
000085ed  __aeabi_memclr                             
000085ed  __aeabi_memclr4                            
000085ed  __aeabi_memclr8                            
00008445  __aeabi_memcpy                             
00008445  __aeabi_memcpy4                            
00008445  __aeabi_memcpy8                            
000085ef  __aeabi_memset                             
000085ef  __aeabi_memset4                            
000085ef  __aeabi_memset8                            
00008911  __aeabi_ui2d                               
ffffffff  __binit__                                  
ffffffff  __c_args__                                 
00007933  __mpu_init                                 
2000fe00  __stack                                    
00008931  _args_main                                 
000087b1  _c_int00                                   
2000ca94  _lock                                      
0000896f  _nop                                       
00008967  _register_lock                             
00008961  _register_unlock                           
00008383  _system_post_cinit                         
000089a3  _system_pre_init                           
2000ca98  _unlock                                    
00008809  abort                                      
ffffffff  binit                                      
2000cab8  burstMode                                  
00008859  copy_in                                    
00008975  copysign                                   
00008975  copysignl                                  
00000479  eTaskGetState                              
2000caa4  errno                                      
00008811  exit                                       
000073b5  exp2                                       
000073b5  exp2l                                      
20000000  g_pfnRAMVectors                            
2000c9b8  g_ui32ByteCount                            
00000000  interruptVectors                           
000080dd  ldexp                                      
000080dd  ldexpl                                     
00007a35  main                                       
2000cab0  main_func_sp                               
00008445  memcpy                                     
000085f5  memset                                     
2000c9bc  pData                                      
00000a0f  pcTaskGetName                              
00003c51  pow                                        
00003c51  powl                                       
000075b1  pvPortMalloc                               
000013bd  pvTaskIncrementMutexHeldCount              
2000ca38  pxCurrentTCB                               
00006ee9  pxPortInitialiseStack                      
000080dd  scalbn                                     
000080dd  scalbnl                                    
00007d13  sensorOpt3001Convert                       
00007c21  sensorOpt3001Enable                        
00007c15  sensorOpt3001Init                          
00007c4d  sensorOpt3001Read                          
00007cb1  sensorOpt3001Test                          
00007aa5  sqrt                                       
00007aa5  sqrtl                                      
2000c9c0  ui8DummyRead                               
2000c9c1  ui8Status                                  
00009a94  ulMaxSyscallInterruptPriority              
000082c1  ulPortGetIPSR                              
000013d5  ulTaskNotifyTake                           
00007f99  uxListRemove                               
00000a09  uxTaskGetNumberOfTasks                     
00000a49  uxTaskGetSystemState                       
00000f77  uxTaskGetTaskNumber                        
00000501  uxTaskPriorityGet                          
0000052d  uxTaskPriorityGetFromISR                   
0000139b  uxTaskResetEventItemValue                  
00007eb7  vListInitialise                            
00007ee7  vListInitialiseItem                        
00007f33  vListInsert                                
00007ef7  vListInsertEnd                             
00008375  vPortEnableVFP                             
00007009  vPortEndScheduler                          
0000702d  vPortEnterCritical                         
0000706f  vPortExitCritical                          
000076b7  vPortFree                                  
0000771f  vPortInitialiseBlocks                      
00008339  vPortSVCHandler                            
000070c1  vPortSetupTimerInterrupt                   
00008359  vPortStartFirstTask                        
000070db  vPortValidateInterruptPriority             
00000427  vTaskDelay                                 
0000034d  vTaskDelayUntil                            
000008c1  vTaskEndScheduler                          
00001025  vTaskGetInfo                               
00000f6f  vTaskMissedYield                           
00001747  vTaskNotifyGiveFromISR                     
00000cb5  vTaskPlaceOnEventList                      
00000ce5  vTaskPlaceOnUnorderedEventList             
000011f9  vTaskPriorityInherit                       
00000585  vTaskPrioritySet                           
000007d9  vTaskResume                                
00000f97  vTaskSetTaskNumber                         
00000e95  vTaskSetTimeOutState                       
00000853  vTaskStartScheduler                        
000006ad  vTaskSuspend                               
000008dd  vTaskSuspendAll                            
00000c29  vTaskSwitchContext                         
00007719  xPortGetFreeHeapSize                       
000082d9  xPortPendSVHandler                         
00006f75  xPortStartScheduler                        
0000709b  xPortSysTickHandler                        
00000ecd  xTaskCheckForTimeOut                       
00000145  xTaskCreate                                
00001501  xTaskGenericNotify                         
00001609  xTaskGenericNotifyFromISR                  
000011d3  xTaskGetCurrentTaskHandle                  
000009dd  xTaskGetTickCount                          
000009f5  xTaskGetTickCountFromISR                   
00000b21  xTaskIncrementTick                         
00001831  xTaskNotifyStateClear                      
00001451  xTaskNotifyWait                            
000012c1  xTaskPriorityDisinherit                    
00000d51  xTaskRemoveFromEventList                   
00000ded  xTaskRemoveFromUnorderedEventList          
000008f1  xTaskResumeAll                             


GLOBAL SYMBOLS: SORTED BY Symbol Address 

address   name                                       
-------   ----                                       
00000000  __TI_static_base__                         
00000000  interruptVectors                           
00000145  xTaskCreate                                
00000200  __STACK_SIZE                               
0000034d  vTaskDelayUntil                            
00000427  vTaskDelay                                 
00000479  eTaskGetState                              
00000501  uxTaskPriorityGet                          
0000052d  uxTaskPriorityGetFromISR                   
00000585  vTaskPrioritySet                           
000006ad  vTaskSuspend                               
000007d9  vTaskResume                                
00000853  vTaskStartScheduler                        
000008c1  vTaskEndScheduler                          
000008dd  vTaskSuspendAll                            
000008f1  xTaskResumeAll                             
000009dd  xTaskGetTickCount                          
000009f5  xTaskGetTickCountFromISR                   
00000a09  uxTaskGetNumberOfTasks                     
00000a0f  pcTaskGetName                              
00000a49  uxTaskGetSystemState                       
00000b21  xTaskIncrementTick                         
00000c29  vTaskSwitchContext                         
00000cb5  vTaskPlaceOnEventList                      
00000ce5  vTaskPlaceOnUnorderedEventList             
00000d51  xTaskRemoveFromEventList                   
00000ded  xTaskRemoveFromUnorderedEventList          
00000e95  vTaskSetTimeOutState                       
00000ecd  xTaskCheckForTimeOut                       
00000f6f  vTaskMissedYield                           
00000f77  uxTaskGetTaskNumber                        
00000f97  vTaskSetTaskNumber                         
00001025  vTaskGetInfo                               
000011d3  xTaskGetCurrentTaskHandle                  
000011f9  vTaskPriorityInherit                       
000012c1  xTaskPriorityDisinherit                    
0000139b  uxTaskResetEventItemValue                  
000013bd  pvTaskIncrementMutexHeldCount              
000013d5  ulTaskNotifyTake                           
00001451  xTaskNotifyWait                            
00001501  xTaskGenericNotify                         
00001609  xTaskGenericNotifyFromISR                  
00001747  vTaskNotifyGiveFromISR                     
00001831  xTaskNotifyStateClear                      
00001ad7  FlashCtl_getMemoryInfo                     
00001e55  FlashCtl_enableReadBuffering               
00001ea9  FlashCtl_disableReadBuffering              
00001f09  FlashCtl_unprotectSector                   
00001f79  FlashCtl_protectSector                     
00001fd9  FlashCtl_isSectorProtected                 
00002065  FlashCtl_verifyMemory                      
000022cd  FlashCtl_setReadMode                       
00002339  FlashCtl_getReadMode                       
00002363  FlashCtl_initiateMassErase                 
00002389  FlashCtl_performMassErase                  
000024d5  FlashCtl_eraseSector                       
000025fd  FlashCtl_initiateSectorErase               
0000269d  FlashCtl_programMemory                     
00002809  FlashCtl_setProgramVerification            
00002843  FlashCtl_clearProgramVerification          
0000287d  FlashCtl_enableWordProgramming             
000028ad  FlashCtl_disableWordProgramming            
000028b9  FlashCtl_isWordProgrammingEnabled          
000028d5  FlashCtl_setWaitState                      
00002913  FlashCtl_getWaitState                      
00002945  FlashCtl_enableInterrupt                   
00002959  FlashCtl_disableInterrupt                  
0000296d  FlashCtl_getInterruptStatus                
00002973  FlashCtl_getEnabledInterruptStatus         
00002983  FlashCtl_clearInterruptFlag                
00002997  FlashCtl_registerInterrupt                 
000029ab  FlashCtl_unregisterInterrupt               
000029bb  __FlashCtl_remaskData8Post                 
00002a3b  __FlashCtl_remaskData8Pre                  
00002ad9  __FlashCtl_remaskData32Post                
00002bbd  __FlashCtl_remaskData32Pre                 
00002c95  __FlashCtl_remaskBurstDataPre              
00002daf  __FlashCtl_remaskBurstDataPost             
00003139  CS_setExternalClockSourceFrequency         
00003175  CS_initClockSignal                         
00003279  CS_startHFXT                               
0000329d  CS_startHFXTWithTimeout                    
00003361  CS_startLFXT                               
00003385  CS_startLFXTWithTimeout                    
00003455  CS_enableClockRequest                      
0000347d  CS_disableClockRequest                     
0000349f  CS_setReferenceOscillatorFrequency         
000034c5  CS_enableDCOExternalResistor               
000034ed  CS_setDCOExternalResistorCalibration       
00003563  CS_disableDCOExternalResistor              
00003581  CS_setDCOCenteredFrequency                 
000035b9  CS_tuneDCOFrequency                        
0000365d  CS_getDCOFrequency                         
000037fd  CS_setDCOFrequency                         
000039d5  CS_getBCLK                                 
000039f1  CS_getHSMCLK                               
00003a15  CS_getACLK                                 
00003a39  CS_getSMCLK                                
00003a5b  CS_getMCLK                                 
00003a7d  CS_enableFaultCounter                      
00003aa9  CS_disableFaultCounter                     
00003ad5  CS_resetFaultCounter                       
00003b21  CS_startFaultCounter                       
00003b71  CS_enableInterrupt                         
00003b93  CS_disableInterrupt                        
00003bb5  CS_getInterruptStatus                      
00003bbb  CS_getEnabledInterruptStatus               
00003bd5  CS_clearInterruptFlag                      
00003bf7  CS_registerInterrupt                       
00003c0b  CS_unregisterInterrupt                     
00003c51  pow                                        
00003c51  powl                                       
000046f3  PCM_setCoreVoltageLevel                    
00004703  PCM_setCoreVoltageLevelWithTimeout         
00004715  PCM_setCoreVoltageLevelNonBlocking         
00004725  PCM_getPowerMode                           
0000477f  PCM_getCoreVoltageLevel                    
00004925  PCM_setPowerMode                           
00004935  PCM_setPowerModeNonBlocking                
00004945  PCM_setPowerModeWithTimeout                
00004bf7  PCM_setPowerState                          
00004c07  PCM_setPowerStateWithTimeout               
00004c19  PCM_setPowerStateNonBlocking               
00004c29  PCM_shutdownDevice                         
00004c6d  PCM_gotoLPM4                               
00004c7d  PCM_gotoLPM4InterruptSafe                  
00004c99  PCM_gotoLPM0                               
00004cb7  PCM_gotoLPM0InterruptSafe                  
00004cd3  PCM_gotoLPM3                               
00004d4b  PCM_gotoLPM3InterruptSafe                  
00004d67  PCM_getPowerState                          
00004d73  PCM_enableRudeMode                         
00004d85  PCM_disableRudeMode                        
00004d99  PCM_enableInterrupt                        
00004dad  PCM_disableInterrupt                       
00004dc1  PCM_getInterruptStatus                     
00004dc7  PCM_getEnabledInterruptStatus              
00004dd7  PCM_clearInterruptFlag                     
00004deb  PCM_registerInterrupt                      
00004dff  PCM_unregisterInterrupt                    
00004e35  I2C_initMaster                             
00004e97  I2C_initSlave                              
00004ed1  I2C_enableModule                           
00004ee7  I2C_disableModule                          
00004efd  I2C_setSlaveAddress                        
00004f11  I2C_setMode                                
00004f2d  I2C_masterReceiveSingleByte                
00004f61  I2C_slavePutData                           
00004f77  I2C_slaveGetData                           
00004f8b  I2C_isBusBusy                              
00004f9d  I2C_masterSendSingleByte                   
00005003  I2C_masterSendSingleByteWithTimeout        
0000508f  I2C_masterSendMultiByteStart               
000050dd  I2C_masterSendMultiByteStartWithTimeout    
00005139  I2C_masterSendMultiByteNext                
00005165  I2C_masterSendMultiByteNextWithTimeout     
000051a3  I2C_masterSendMultiByteFinish              
000051f1  I2C_masterSendMultiByteFinishWithTimeout   
0000525d  I2C_masterSendMultiByteStop                
00005287  I2C_masterSendMultiByteStopWithTimeout     
000052c3  I2C_masterReceiveStart                     
000052dd  I2C_masterReceiveMultiByteNext             
000052f5  I2C_masterReceiveMultiByteFinish           
00005333  I2C_masterReceiveMultiByteFinishWithTimeout
00005391  I2C_masterReceiveMultiByteStop             
000053a5  I2C_masterReceiveSingle                    
000053cf  I2C_getReceiveBufferAddressForDMA          
000053dd  I2C_getTransmitBufferAddressForDMA         
000053eb  I2C_masterIsStopSent                       
000053fd  I2C_masterIsStartSent                      
00005415  I2C_masterSendStart                        
00005429  I2C_enableMultiMasterMode                  
00005449  I2C_disableMultiMasterMode                 
00005469  I2C_enableInterrupt                        
0000547f  I2C_disableInterrupt                       
00005495  I2C_clearInterruptFlag                     
000054ab  I2C_getInterruptStatus                     
000054c3  I2C_getEnabledInterruptStatus              
000054d3  I2C_getMode                                
000054e9  I2C_registerInterrupt                      
0000554f  I2C_unregisterInterrupt                    
000055ab  I2C_slaveSendNAK                           
000055dd  RTC_C_startClock                           
000055fb  RTC_C_holdClock                            
00005619  RTC_C_setCalibrationFrequency              
00005649  RTC_C_setCalibrationData                   
00005675  RTC_C_setTemperatureCompensation           
0000569f  RTC_C_initCalendar                         
00005711  RTC_C_getCalendarTime                      
00005777  RTC_C_setCalendarAlarm                     
000057af  RTC_C_setCalendarEvent                     
000057df  RTC_C_definePrescaleEvent                  
00005807  RTC_C_getPrescaleValue                     
00005833  RTC_C_setPrescaleValue                     
00005883  RTC_C_convertBCDToBinary                   
0000589b  RTC_C_convertBinaryToBCD                   
000058b3  RTC_C_enableInterrupt                      
00005909  RTC_C_disableInterrupt                     
00005971  RTC_C_getInterruptStatus                   
000059d9  RTC_C_getEnabledInterruptStatus            
00005a39  RTC_C_clearInterruptFlag                   
00005a7f  RTC_C_registerInterrupt                    
00005a9d  RTC_C_unregisterInterrupt                  
00005ae5  GPIO_setAsOutputPin                        
00005b1f  GPIO_setAsInputPin                         
00005b65  GPIO_setAsPeripheralModuleFunctionOutputPin
00005be9  GPIO_setAsPeripheralModuleFunctionInputPin 
00005c6d  GPIO_setOutputHighOnPin                    
00005c8f  GPIO_setOutputLowOnPin                     
00005cb1  GPIO_toggleOutputOnPin                     
00005cd3  GPIO_setAsInputPinWithPullDownResistor     
00005d25  GPIO_setAsInputPinWithPullUpResistor       
00005d77  GPIO_getInputPinValue                      
00005da5  GPIO_enableInterrupt                       
00005dc7  GPIO_disableInterrupt                      
00005de9  GPIO_getInterruptStatus                    
00005e07  GPIO_clearInterruptFlag                    
00005e29  GPIO_interruptEdgeSelect                   
00005e5f  GPIO_getEnabledInterruptStatus             
00005edb  GPIO_setDriveStrengthHigh                  
00005efd  GPIO_setDriveStrengthLow                   
00005f1f  GPIO_registerInterrupt                     
00005f3f  GPIO_unregisterInterrupt                   
00005f65  TMP006_init                                
00005fa9  TMP006_readAmbientTemperature              
00005fd1  TMP006_readObjectTemperature               
000063a1  I2C_init                                   
000063b7  I2C_write                                  
0000644d  I2C_read                                   
0000651b  I2C_readBurst                              
000065eb  I2C_write16                                
00006659  I2C_read16                                 
00006715  EUSCIB1_IRQHandler                         
000067cf  Interrupt_enableMaster                     
000067df  Interrupt_disableMaster                    
000067ef  Interrupt_registerInterrupt                
00006841  Interrupt_unregisterInterrupt              
00006855  Interrupt_setPriorityGrouping              
0000686f  Interrupt_getPriorityGrouping              
000068a7  Interrupt_setPriority                      
000068f7  Interrupt_getPriority                      
0000691d  Interrupt_enableInterrupt                  
0000698f  Interrupt_disableInterrupt                 
00006a01  Interrupt_isEnabled                        
00006a8d  Interrupt_pendInterrupt                    
00006afd  Interrupt_unpendInterrupt                  
00006b4b  Interrupt_setPriorityMask                  
00006b5b  Interrupt_getPriorityMask                  
00006b65  Interrupt_setVectorTableAddress            
00006b75  Interrupt_getVectorTableAddress            
00006b7b  Interrupt_enableSleepOnIsrExit             
00006b8d  Interrupt_disableSleepOnIsrExit            
00006bbd  SystemCoreClockUpdate                      
00006e31  SystemInit                                 
00006ee9  pxPortInitialiseStack                      
00006f75  xPortStartScheduler                        
00007009  vPortEndScheduler                          
0000702d  vPortEnterCritical                         
0000706f  vPortExitCritical                          
0000709b  xPortSysTickHandler                        
000070c1  vPortSetupTimerInterrupt                   
000070db  vPortValidateInterruptPriority             
00007171  SysCtl_getTLVInfo                          
000071e7  SysCtl_getSRAMSize                         
000071ed  SysCtl_getFlashSize                        
000071f3  SysCtl_disableNMISource                    
00007207  SysCtl_enableNMISource                     
0000721b  SysCtl_getNMISourceStatus                  
00007221  SysCtl_enableSRAMBank                      
0000723d  SysCtl_disableSRAMBank                     
000072a5  SysCtl_enableSRAMBankRetention             
000072c1  SysCtl_disableSRAMBankRetention            
000072dd  SysCtl_rebootDevice                        
000072e7  SysCtl_enablePeripheralAtCPUHalt           
000072fb  SysCtl_disablePeripheralAtCPUHalt          
0000730f  SysCtl_setWDTTimeoutResetType              
00007333  SysCtl_setWDTPasswordViolationResetType    
00007357  SysCtl_enableGlitchFilter                  
00007363  SysCtl_disableGlitchFilter                 
0000736f  SysCtl_getTempCalibrationConstant          
000073b5  exp2                                       
000073b5  exp2l                                      
000075b1  pvPortMalloc                               
000076b7  vPortFree                                  
00007719  xPortGetFreeHeapSize                       
0000771f  vPortInitialiseBlocks                      
0000777d  __aeabi_dsub                               
00007787  __aeabi_dadd                               
00007933  __mpu_init                                 
00007a35  main                                       
00007aa5  sqrt                                       
00007aa5  sqrtl                                      
00007c15  sensorOpt3001Init                          
00007c21  sensorOpt3001Enable                        
00007c4d  sensorOpt3001Read                          
00007cb1  sensorOpt3001Test                          
00007d13  sensorOpt3001Convert                       
00007d81  __aeabi_ddiv                               
00007eb7  vListInitialise                            
00007ee7  vListInitialiseItem                        
00007ef7  vListInsertEnd                             
00007f33  vListInsert                                
00007f99  uxListRemove                               
00007fe1  __aeabi_dmul                               
000080dd  ldexp                                      
000080dd  ldexpl                                     
000080dd  scalbn                                     
000080dd  scalbnl                                    
000081d9  WDT_A_holdTimer                            
000081f9  WDT_A_startTimer                           
00008219  WDT_A_clearTimer                           
00008239  WDT_A_initWatchdogTimer                    
00008255  WDT_A_initIntervalTimer                    
00008271  WDT_A_setPasswordViolationReset            
0000827d  WDT_A_setTimeoutReset                      
00008289  WDT_A_registerInterrupt                    
0000829d  WDT_A_unregisterInterrupt                  
000082c1  ulPortGetIPSR                              
000082d9  xPortPendSVHandler                         
00008339  vPortSVCHandler                            
00008359  vPortStartFirstTask                        
00008375  vPortEnableVFP                             
00008383  _system_post_cinit                         
00008385  FPU_enableModule                           
00008397  FPU_disableModule                          
000083a5  FPU_enableStacking                         
000083b7  FPU_enableLazyStacking                     
000083c3  FPU_disableStacking                        
000083cf  FPU_setHalfPrecisionMode                   
000083e9  FPU_setNaNMode                             
00008403  FPU_setFlushToZeroMode                     
0000841d  FPU_setRoundingMode                        
00008445  __aeabi_memcpy                             
00008445  __aeabi_memcpy4                            
00008445  __aeabi_memcpy8                            
00008445  memcpy                                     
000084e1  __aeabi_cdcmpeq                            
000084e1  __aeabi_cdcmple                            
00008567  __aeabi_cdrcmple                           
000085ed  __aeabi_memclr                             
000085ed  __aeabi_memclr4                            
000085ed  __aeabi_memclr8                            
000085ef  __aeabi_memset                             
000085ef  __aeabi_memset4                            
000085ef  __aeabi_memset8                            
000085f5  memset                                     
00008669  __TI_auto_init                             
000086d9  __aeabi_d2f                                
00008747  __TI_decompress_lzss                       
000087b1  _c_int00                                   
00008805  C$$EXIT                                    
00008809  abort                                      
00008811  exit                                       
00008859  copy_in                                    
000088a5  CPU_cpsid                                  
000088b1  CPU_primask                                
000088bb  CPU_cpsie                                  
000088c7  CPU_wfi                                    
000088cb  CPU_basepriSet                             
000088d9  CPU_basepriGet                             
000088e3  __aeabi_i2d                                
00008911  __aeabi_ui2d                               
00008931  _args_main                                 
00008961  _register_unlock                           
00008967  _register_lock                             
0000896f  _nop                                       
00008975  copysign                                   
00008975  copysignl                                  
00008989  __TI_decompress_none                       
00008997  __TI_zero_init                             
000089a3  _system_pre_init                           
00009a94  ulMaxSyscallInterruptPriority              
00009b2c  __TI_Handler_Table_Base                    
00009b38  __TI_Handler_Table_Limit                   
00009b48  __TI_CINIT_Base                            
00009b60  __TI_CINIT_Limit                           
20000000  g_pfnRAMVectors                            
2000c9b8  g_ui32ByteCount                            
2000c9bc  pData                                      
2000c9c0  ui8DummyRead                               
2000c9c1  ui8Status                                  
2000ca38  pxCurrentTCB                               
2000ca7c  __TI_cleanup_ptr                           
2000ca80  __TI_dtors_ptr                             
2000ca84  __TI_enable_exit_profile_output            
2000ca94  _lock                                      
2000ca98  _unlock                                    
2000caa4  errno                                      
2000cab0  main_func_sp                               
2000cab4  SystemCoreClock                            
2000cab8  burstMode                                  
2000fe00  __stack                                    
20010000  __STACK_END                                
4000480c  WDTCTL_SYM                                 
ffffffff  __TI_pprof_out_hndl                        
ffffffff  __TI_prof_data_size                        
ffffffff  __TI_prof_data_start                       
ffffffff  __binit__                                  
ffffffff  __c_args__                                 
ffffffff  binit                                      
UNDEFED   SHT$$INIT_ARRAY$$Base                      
UNDEFED   SHT$$INIT_ARRAY$$Limit                     

[402 symbols]
